../Driver/src/stm32f4xx_gpio_driver.c:14:8:GPIOA_CLK_INIT	4	static
../Driver/src/stm32f4xx_gpio_driver.c:17:9:GPIOB_CLK_INIT	4	static
../Driver/src/stm32f4xx_gpio_driver.c:20:9:GPIOC_CLK_INIT	4	static
../Driver/src/stm32f4xx_gpio_driver.c:23:9:GPIOD_CLK_INIT	4	static
../Driver/src/stm32f4xx_gpio_driver.c:27:9:GPIOE_CLK_INIT	4	static
../Driver/src/stm32f4xx_gpio_driver.c:30:9:GPIOF_CLK_INIT	4	static
../Driver/src/stm32f4xx_gpio_driver.c:33:9:GPIOG_CLK_INIT	4	static
../Driver/src/stm32f4xx_gpio_driver.c:36:9:GPIOH_CLK_INIT	4	static
../Driver/src/stm32f4xx_gpio_driver.c:39:9:GPIOI_CLK_INIT	4	static
../Driver/src/stm32f4xx_gpio_driver.c:45:9:GPIOA_CLK_DINIT	4	static
../Driver/src/stm32f4xx_gpio_driver.c:48:12:GPIOB_CLK_DINIT	4	static
../Driver/src/stm32f4xx_gpio_driver.c:51:12:GPIOC_CLK_DINIT	4	static
../Driver/src/stm32f4xx_gpio_driver.c:54:12:GPIOD_CLK_DINIT	4	static
../Driver/src/stm32f4xx_gpio_driver.c:57:12:GPIOE_CLK_DINIT	4	static
../Driver/src/stm32f4xx_gpio_driver.c:60:12:GPIOF_CLK_DINIT	4	static
../Driver/src/stm32f4xx_gpio_driver.c:63:12:GPIOG_CLK_DINIT	4	static
../Driver/src/stm32f4xx_gpio_driver.c:66:12:GPIOH_CLK_DINIT	4	static
../Driver/src/stm32f4xx_gpio_driver.c:69:12:GPIOI_CLK_DINIT	4	static
../Driver/src/stm32f4xx_gpio_driver.c:75:6:GPIO_Periph_Clk_Control	16	static
../Driver/src/stm32f4xx_gpio_driver.c:142:9:return_code	16	static
../Driver/src/stm32f4xx_gpio_driver.c:173:6:Gpio_Init	24	static
../Driver/src/stm32f4xx_gpio_driver.c:236:6:Gpio_Dinit	16	static
../Driver/src/stm32f4xx_gpio_driver.c:287:9:Gpio_Read_Pin	16	static
../Driver/src/stm32f4xx_gpio_driver.c:290:10:Gpio_Read_Port	16	static
../Driver/src/stm32f4xx_gpio_driver.c:293:6:Gpio_Write_Pin	16	static
../Driver/src/stm32f4xx_gpio_driver.c:302:6:Gpio_Write_Port	16	static
../Driver/src/stm32f4xx_gpio_driver.c:305:6:Gpio_Toggle_Pin	16	static
../Driver/src/stm32f4xx_gpio_driver.c:308:6:Gpio_Irq_Config	24	static
../Driver/src/stm32f4xx_gpio_driver.c:344:6:Gpio_Irq_Handling	16	static
