../Driver/src/stm32f4xx_spi_driver.c:17:6:Spi_Periph_Clk_Control	16	static
../Driver/src/stm32f4xx_spi_driver.c:48:6:Spi_Init	24	static
../Driver/src/stm32f4xx_spi_driver.c:75:6:Spi_Ssoe_cntrl	16	static
../Driver/src/stm32f4xx_spi_driver.c:86:6:Spi_Periph_Cntrl	16	static
../Driver/src/stm32f4xx_spi_driver.c:95:6:Spi_Dinit	16	static
../Driver/src/stm32f4xx_spi_driver.c:99:6:Spi_Send_Data	24	static
../Driver/src/stm32f4xx_spi_driver.c:120:6:Spi_Recieve_Data	24	static
../Driver/src/stm32f4xx_spi_driver.c:141:6:Spi_Irq_Config	24	static
../Driver/src/stm32f4xx_spi_driver.c:178:9:Spi_Send_Data_IT	32	static
../Driver/src/stm32f4xx_spi_driver.c:190:9:Spi_Recieve_Data_IT	32	static
../Driver/src/stm32f4xx_spi_driver.c:202:6:Spi_Irq_Handling	24	static
../Driver/src/stm32f4xx_spi_driver.c:228:6:Spi_TX_IT_Helper	16	static
../Driver/src/stm32f4xx_spi_driver.c:252:6:Spi_RX_IT_Helper	16	static
../Driver/src/stm32f4xx_spi_driver.c:276:6:Spi_OVR_IT_Handler	16	static
../Driver/src/stm32f4xx_spi_driver.c:285:6:SPI_Clear_OVR_Flag	24	static
../Driver/src/stm32f4xx_spi_driver.c:293:6:SPI_Close_TX	16	static
../Driver/src/stm32f4xx_spi_driver.c:300:6:SPI_Close_RX	16	static
../Driver/src/stm32f4xx_spi_driver.c:307:13:SPI_ApplicationEventCallback	16	static
