Archive member included to satisfy reference by file (symbol)

C:/ST/STM32CubeIDE_1.16.0/STM32CubeIDE/plugins/com.st.stm32cube.ide.mcu.externaltools.gnu-tools-for-stm32.13.3.rel1.win32_1.0.0.202411081344/tools/bin/../lib/gcc/arm-none-eabi/13.3.1/../../../../arm-none-eabi/lib/thumb/v7e-m/nofp\libc_nano.a(libc_a-exit.o)
                              C:/ST/STM32CubeIDE_1.16.0/STM32CubeIDE/plugins/com.st.stm32cube.ide.mcu.externaltools.gnu-tools-for-stm32.13.3.rel1.win32_1.0.0.202411081344/tools/bin/../lib/gcc/arm-none-eabi/13.3.1/../../../../arm-none-eabi/lib/thumb/v7e-m/nofp/crt0.o (exit)
C:/ST/STM32CubeIDE_1.16.0/STM32CubeIDE/plugins/com.st.stm32cube.ide.mcu.externaltools.gnu-tools-for-stm32.13.3.rel1.win32_1.0.0.202411081344/tools/bin/../lib/gcc/arm-none-eabi/13.3.1/../../../../arm-none-eabi/lib/thumb/v7e-m/nofp\libc_nano.a(libc_a-findfp.o)
                              C:/ST/STM32CubeIDE_1.16.0/STM32CubeIDE/plugins/com.st.stm32cube.ide.mcu.externaltools.gnu-tools-for-stm32.13.3.rel1.win32_1.0.0.202411081344/tools/bin/../lib/gcc/arm-none-eabi/13.3.1/../../../../arm-none-eabi/lib/thumb/v7e-m/nofp\libc_nano.a(libc_a-exit.o) (__stdio_exit_handler)
C:/ST/STM32CubeIDE_1.16.0/STM32CubeIDE/plugins/com.st.stm32cube.ide.mcu.externaltools.gnu-tools-for-stm32.13.3.rel1.win32_1.0.0.202411081344/tools/bin/../lib/gcc/arm-none-eabi/13.3.1/../../../../arm-none-eabi/lib/thumb/v7e-m/nofp\libc_nano.a(libc_a-fwalk.o)
                              C:/ST/STM32CubeIDE_1.16.0/STM32CubeIDE/plugins/com.st.stm32cube.ide.mcu.externaltools.gnu-tools-for-stm32.13.3.rel1.win32_1.0.0.202411081344/tools/bin/../lib/gcc/arm-none-eabi/13.3.1/../../../../arm-none-eabi/lib/thumb/v7e-m/nofp\libc_nano.a(libc_a-findfp.o) (_fwalk_sglue)
C:/ST/STM32CubeIDE_1.16.0/STM32CubeIDE/plugins/com.st.stm32cube.ide.mcu.externaltools.gnu-tools-for-stm32.13.3.rel1.win32_1.0.0.202411081344/tools/bin/../lib/gcc/arm-none-eabi/13.3.1/../../../../arm-none-eabi/lib/thumb/v7e-m/nofp\libc_nano.a(libc_a-stdio.o)
                              C:/ST/STM32CubeIDE_1.16.0/STM32CubeIDE/plugins/com.st.stm32cube.ide.mcu.externaltools.gnu-tools-for-stm32.13.3.rel1.win32_1.0.0.202411081344/tools/bin/../lib/gcc/arm-none-eabi/13.3.1/../../../../arm-none-eabi/lib/thumb/v7e-m/nofp\libc_nano.a(libc_a-findfp.o) (__sread)
C:/ST/STM32CubeIDE_1.16.0/STM32CubeIDE/plugins/com.st.stm32cube.ide.mcu.externaltools.gnu-tools-for-stm32.13.3.rel1.win32_1.0.0.202411081344/tools/bin/../lib/gcc/arm-none-eabi/13.3.1/../../../../arm-none-eabi/lib/thumb/v7e-m/nofp\libc_nano.a(libc_a-memset.o)
                              C:/ST/STM32CubeIDE_1.16.0/STM32CubeIDE/plugins/com.st.stm32cube.ide.mcu.externaltools.gnu-tools-for-stm32.13.3.rel1.win32_1.0.0.202411081344/tools/bin/../lib/gcc/arm-none-eabi/13.3.1/../../../../arm-none-eabi/lib/thumb/v7e-m/nofp/crt0.o (memset)
C:/ST/STM32CubeIDE_1.16.0/STM32CubeIDE/plugins/com.st.stm32cube.ide.mcu.externaltools.gnu-tools-for-stm32.13.3.rel1.win32_1.0.0.202411081344/tools/bin/../lib/gcc/arm-none-eabi/13.3.1/../../../../arm-none-eabi/lib/thumb/v7e-m/nofp\libc_nano.a(libc_a-closer.o)
                              C:/ST/STM32CubeIDE_1.16.0/STM32CubeIDE/plugins/com.st.stm32cube.ide.mcu.externaltools.gnu-tools-for-stm32.13.3.rel1.win32_1.0.0.202411081344/tools/bin/../lib/gcc/arm-none-eabi/13.3.1/../../../../arm-none-eabi/lib/thumb/v7e-m/nofp\libc_nano.a(libc_a-stdio.o) (_close_r)
C:/ST/STM32CubeIDE_1.16.0/STM32CubeIDE/plugins/com.st.stm32cube.ide.mcu.externaltools.gnu-tools-for-stm32.13.3.rel1.win32_1.0.0.202411081344/tools/bin/../lib/gcc/arm-none-eabi/13.3.1/../../../../arm-none-eabi/lib/thumb/v7e-m/nofp\libc_nano.a(libc_a-reent.o)
                              C:/ST/STM32CubeIDE_1.16.0/STM32CubeIDE/plugins/com.st.stm32cube.ide.mcu.externaltools.gnu-tools-for-stm32.13.3.rel1.win32_1.0.0.202411081344/tools/bin/../lib/gcc/arm-none-eabi/13.3.1/../../../../arm-none-eabi/lib/thumb/v7e-m/nofp\libc_nano.a(libc_a-closer.o) (errno)
C:/ST/STM32CubeIDE_1.16.0/STM32CubeIDE/plugins/com.st.stm32cube.ide.mcu.externaltools.gnu-tools-for-stm32.13.3.rel1.win32_1.0.0.202411081344/tools/bin/../lib/gcc/arm-none-eabi/13.3.1/../../../../arm-none-eabi/lib/thumb/v7e-m/nofp\libc_nano.a(libc_a-impure.o)
                              C:/ST/STM32CubeIDE_1.16.0/STM32CubeIDE/plugins/com.st.stm32cube.ide.mcu.externaltools.gnu-tools-for-stm32.13.3.rel1.win32_1.0.0.202411081344/tools/bin/../lib/gcc/arm-none-eabi/13.3.1/../../../../arm-none-eabi/lib/thumb/v7e-m/nofp\libc_nano.a(libc_a-reent.o) (_impure_ptr)
C:/ST/STM32CubeIDE_1.16.0/STM32CubeIDE/plugins/com.st.stm32cube.ide.mcu.externaltools.gnu-tools-for-stm32.13.3.rel1.win32_1.0.0.202411081344/tools/bin/../lib/gcc/arm-none-eabi/13.3.1/../../../../arm-none-eabi/lib/thumb/v7e-m/nofp\libc_nano.a(libc_a-lseekr.o)
[...]
Memory Configuration

Name             Origin             Length             Attributes
CCMRAM           0x10000000         0x00010000         xrw
RAM              0x20000000         0x00020000         xrw
FLASH            0x08000000         0x00100000         xr
*default*        0x00000000         0xffffffff

Linker script and memory map

LOAD C:/ST/STM32CubeIDE_1.16.0/STM32CubeIDE/plugins/com.st.stm32cube.ide.mcu.externaltools.gnu-tools-for-stm32.13.3.rel1.win32_1.0.0.202411081344/tools/bin/../lib/gcc/arm-none-eabi/13.3.1/thumb/v7e-m/nofp/crti.o
LOAD C:/ST/STM32CubeIDE_1.16.0/STM32CubeIDE/plugins/com.st.stm32cube.ide.mcu.externaltools.gnu-tools-for-stm32.13.3.rel1.win32_1.0.0.202411081344/tools/bin/../lib/gcc/arm-none-eabi/13.3.1/thumb/v7e-m/nofp/crtbegin.o
LOAD C:/ST/STM32CubeIDE_1.16.0/STM32CubeIDE/plugins/com.st.stm32cube.ide.mcu.externaltools.gnu-tools-for-stm32.13.3.rel1.win32_1.0.0.202411081344/tools/bin/../lib/gcc/arm-none-eabi/13.3.1/../../../../arm-none-eabi/lib/thumb/v7e-m/nofp/crt0.o
LOAD ./Driver/src/stm32f4xx_gpio_driver.o
LOAD ./Driver/src/stm32f4xx_spi_driver.o
LOAD ./Src/Button_Interrupt.o
LOAD ./Src/syscalls.o
LOAD ./Src/sysmem.o
LOAD ./Startup/startup_stm32f407vgtx.o
START GROUP
LOAD C:/ST/STM32CubeIDE_1.16.0/STM32CubeIDE/plugins/com.st.stm32cube.ide.mcu.externaltools.gnu-tools-for-stm32.13.3.rel1.win32_1.0.0.202411081344/tools/bin/../lib/gcc/arm-none-eabi/13.3.1/../../../../arm-none-eabi/lib/thumb/v7e-m/nofp\libc_nano.a
LOAD C:/ST/STM32CubeIDE_1.16.0/STM32CubeIDE/plugins/com.st.stm32cube.ide.mcu.externaltools.gnu-tools-for-stm32.13.3.rel1.win32_1.0.0.202411081344/tools/bin/../lib/gcc/arm-none-eabi/13.3.1/../../../../arm-none-eabi/lib/thumb/v7e-m/nofp\libm.a
END GROUP
START GROUP
LOAD C:/ST/STM32CubeIDE_1.16.0/STM32CubeIDE/plugins/com.st.stm32cube.ide.mcu.externaltools.gnu-tools-for-stm32.13.3.rel1.win32_1.0.0.202411081344/tools/bin/../lib/gcc/arm-none-eabi/13.3.1/thumb/v7e-m/nofp\libgcc.a
LOAD C:/ST/STM32CubeIDE_1.16.0/STM32CubeIDE/plugins/com.st.stm32cube.ide.mcu.externaltools.gnu-tools-for-stm32.13.3.rel1.win32_1.0.0.202411081344/tools/bin/../lib/gcc/arm-none-eabi/13.3.1/../../../../arm-none-eabi/lib/thumb/v7e-m/nofp\libc_nano.a
END GROUP
START GROUP
LOAD C:/ST/STM32CubeIDE_1.16.0/STM32CubeIDE/plugins/com.st.stm32cube.ide.mcu.externaltools.gnu-tools-for-stm32.13.3.rel1.win32_1.0.0.202411081344/tools/bin/../lib/gcc/arm-none-eabi/13.3.1/thumb/v7e-m/nofp\libgcc.a
LOAD C:/ST/STM32CubeIDE_1.16.0/STM32CubeIDE/plugins/com.st.stm32cube.ide.mcu.externaltools.gnu-tools-for-stm32.13.3.rel1.win32_1.0.0.202411081344/tools/bin/../lib/gcc/arm-none-eabi/13.3.1/../../../../arm-none-eabi/lib/thumb/v7e-m/nofp\libc_nano.a
LOAD C:/ST/STM32CubeIDE_1.16.0/STM32CubeIDE/plugins/com.st.stm32cube.ide.mcu.externaltools.gnu-tools-for-stm32.13.3.rel1.win32_1.0.0.202411081344/tools/bin/../lib/gcc/arm-none-eabi/13.3.1/../../../../arm-none-eabi/lib/thumb/v7e-m/nofp\libnosys.a
END GROUP
START GROUP
LOAD C:/ST/STM32CubeIDE_1.16.0/STM32CubeIDE/plugins/com.st.stm32cube.ide.mcu.externaltools.gnu-tools-for-stm32.13.3.rel1.win32_1.0.0.202411081344/tools/bin/../lib/gcc/arm-none-eabi/13.3.1/thumb/v7e-m/nofp\libgcc.a
LOAD C:/ST/STM32CubeIDE_1.16.0/STM32CubeIDE/plugins/com.st.stm32cube.ide.mcu.externaltools.gnu-tools-for-stm32.13.3.rel1.win32_1.0.0.202411081344/tools/bin/../lib/gcc/arm-none-eabi/13.3.1/../../../../arm-none-eabi/lib/thumb/v7e-m/nofp\libc_nano.a
LOAD C:/ST/STM32CubeIDE_1.16.0/STM32CubeIDE/plugins/com.st.stm32cube.ide.mcu.externaltools.gnu-tools-for-stm32.13.3.rel1.win32_1.0.0.202411081344/tools/bin/../lib/gcc/arm-none-eabi/13.3.1/../../../../arm-none-eabi/lib/thumb/v7e-m/nofp\libnosys.a
END GROUP
LOAD C:/ST/STM32CubeIDE_1.16.0/STM32CubeIDE/plugins/com.st.stm32cube.ide.mcu.externaltools.gnu-tools-for-stm32.13.3.rel1.win32_1.0.0.202411081344/tools/bin/../lib/gcc/arm-none-eabi/13.3.1/thumb/v7e-m/nofp/crtend.o
LOAD C:/ST/STM32CubeIDE_1.16.0/STM32CubeIDE/plugins/com.st.stm32cube.ide.mcu.externaltools.gnu-tools-for-stm32.13.3.rel1.win32_1.0.0.202411081344/tools/bin/../lib/gcc/arm-none-eabi/13.3.1/thumb/v7e-m/nofp/crtn.o
                0x20020000                        _estack = (ORIGIN (RAM) + LENGTH (RAM))
                0x00000200                        _Min_Heap_Size = 0x200
                0x00000400                        _Min_Stack_Size = 0x400

.isr_vector     0x08000000      0x188
                0x08000000                        . = ALIGN (0x4)
 *(.isr_vector)
 .isr_vector    0x08000000      0x188 ./Startup/startup_stm32f407vgtx.o
                0x08000000                g_pfnVectors
                0x08000188                        . = ALIGN (0x4)

.text           0x08000188      0xa00
                0x08000188                        . = ALIGN (0x4)
 *(.text)
 .text          0x08000188       0x40 C:/ST/STM32CubeIDE_1.16.0/STM32CubeIDE/plugins/com.st.stm32cube.ide.mcu.externaltools.gnu-tools-for-stm32.13.3.rel1.win32_1.0.0.202411081344/tools/bin/../lib/gcc/arm-none-eabi/13.3.1/thumb/v7e-m/nofp/crtbegin.o
 *(.text*)
 .text.GPIOA_CLK_INIT
                0x080001c8       0x1c ./Driver/src/stm32f4xx_gpio_driver.o
                0x080001c8                GPIOA_CLK_INIT
 .text.GPIOB_CLK_INIT
                0x080001e4       0x1c ./Driver/src/stm32f4xx_gpio_driver.o
                0x080001e4                GPIOB_CLK_INIT
 .text.GPIOC_CLK_INIT
                0x08000200       0x1c ./Driver/src/stm32f4xx_gpio_driver.o
                0x08000200                GPIOC_CLK_INIT
 .text.GPIOD_CLK_INIT
                0x0800021c       0x1c ./Driver/src/stm32f4xx_gpio_driver.o
                0x0800021c                GPIOD_CLK_INIT
 .text.GPIOE_CLK_INIT
                0x08000238       0x1c ./Driver/src/stm32f4xx_gpio_driver.o
                0x08000238                GPIOE_CLK_INIT
 .text.GPIOF_CLK_INIT
                0x08000254       0x1c ./Driver/src/stm32f4xx_gpio_driver.o
                0x08000254                GPIOF_CLK_INIT
 .text.GPIOG_CLK_INIT
                0x08000270       0x1c ./Driver/src/stm32f4xx_gpio_driver.o
                0x08000270                GPIOG_CLK_INIT
 .text.GPIOH_CLK_INIT
                0x0800028c       0x1c ./Driver/src/stm32f4xx_gpio_driver.o
                0x0800028c                GPIOH_CLK_INIT
 .text.GPIOI_CLK_INIT
                0x080002a8       0x1c ./Driver/src/stm32f4xx_gpio_driver.o
                0x080002a8                GPIOI_CLK_INIT
 .text.GPIOA_CLK_DINIT
                0x080002c4       0x1c ./Driver/src/stm32f4xx_gpio_driver.o
                0x080002c4                GPIOA_CLK_DINIT
 .text.GPIOB_CLK_DINIT
                0x080002e0       0x1c ./Driver/src/stm32f4xx_gpio_driver.o
                0x080002e0                GPIOB_CLK_DINIT
 .text.GPIOC_CLK_DINIT
                0x080002fc       0x1c ./Driver/src/stm32f4xx_gpio_driver.o
                0x080002fc                GPIOC_CLK_DINIT
 .text.GPIOD_CLK_DINIT
                0x08000318       0x1c ./Driver/src/stm32f4xx_gpio_driver.o
                0x08000318                GPIOD_CLK_DINIT
 .text.GPIOE_CLK_DINIT
                0x08000334       0x1c ./Driver/src/stm32f4xx_gpio_driver.o
                0x08000334                GPIOE_CLK_DINIT
 .text.GPIOF_CLK_DINIT
                0x08000350       0x1c ./Driver/src/stm32f4xx_gpio_driver.o
                0x08000350                GPIOF_CLK_DINIT
 .text.GPIOG_CLK_DINIT
                0x0800036c       0x1c ./Driver/src/stm32f4xx_gpio_driver.o
                0x0800036c                GPIOG_CLK_DINIT
 .text.GPIOH_CLK_DINIT
                0x08000388       0x1c ./Driver/src/stm32f4xx_gpio_driver.o
                0x08000388                GPIOH_CLK_DINIT
 .text.GPIOI_CLK_DINIT
                0x080003a4       0x1c ./Driver/src/stm32f4xx_gpio_driver.o
                0x080003a4                GPIOI_CLK_DINIT
 .text.GPIO_Periph_Clk_Control
                0x080003c0      0x138 ./Driver/src/stm32f4xx_gpio_driver.o
                0x080003c0                GPIO_Periph_Clk_Control
 .text.return_code
                0x080004f8       0xa4 ./Driver/src/stm32f4xx_gpio_driver.o
                0x080004f8                return_code
 .text.Gpio_Init
                0x0800059c      0x2f4 ./Driver/src/stm32f4xx_gpio_driver.o
                0x0800059c                Gpio_Init
 .text.Gpio_Toggle_Pin
                0x08000890       0x28 ./Driver/src/stm32f4xx_gpio_driver.o
                0x08000890                Gpio_Toggle_Pin
 .text.Gpio_Irq_Config
                0x080008b8      0x170 ./Driver/src/stm32f4xx_gpio_driver.o
                0x080008b8                Gpio_Irq_Config
 .text.Gpio_Irq_Handling
                0x08000a28       0x40 ./Driver/src/stm32f4xx_gpio_driver.o
                0x08000a28                Gpio_Irq_Handling
 .text.main     0x08000a68       0x50 ./Src/Button_Interrupt.o
                0x08000a68                main
 .text.EXTI0_IRQHandler
                0x08000ab8       0x1c ./Src/Button_Interrupt.o
                0x08000ab8                EXTI0_IRQHandler
 .text.Reset_Handler
                0x08000ad4       0x50 ./Startup/startup_stm32f407vgtx.o
                0x08000ad4                Reset_Handler
 .text.Default_Handler
                0x08000b24        0x2 ./Startup/startup_stm32f407vgtx.o
                0x08000b24                RTC_Alarm_IRQHandler
                0x08000b24                HASH_RNG_IRQHandler
                0x08000b24                EXTI2_IRQHandler
                0x08000b24                TIM8_CC_IRQHandler
                0x08000b24                DebugMon_Handler
                0x08000b24                TIM1_CC_IRQHandler
                0x08000b24                DMA2_Stream5_IRQHandler
                0x08000b24                HardFault_Handler
                0x08000b24                DMA1_Stream5_IRQHandler
                0x08000b24                SysTick_Handler
                0x08000b24                PVD_IRQHandler
                0x08000b24                SDIO_IRQHandler
                0x08000b24                TAMP_STAMP_IRQHandler
                0x08000b24                PendSV_Handler
                0x08000b24                NMI_Handler
                0x08000b24                CAN2_RX1_IRQHandler
                0x08000b24                EXTI3_IRQHandler
                0x08000b24                TIM8_TRG_COM_TIM14_IRQHandler
                0x08000b24                TIM1_UP_TIM10_IRQHandler
                0x08000b24                TIM8_UP_TIM13_IRQHandler
                0x08000b24                I2C3_ER_IRQHandler
                0x08000b24                I2C2_EV_IRQHandler
                0x08000b24                DMA1_Stream2_IRQHandler
                0x08000b24                CAN1_RX0_IRQHandler
                0x08000b24                FPU_IRQHandler
                0x08000b24                OTG_HS_WKUP_IRQHandler
                0x08000b24                UsageFault_Handler
                0x08000b24                CAN2_SCE_IRQHandler
                0x08000b24                DMA2_Stream2_IRQHandler
                0x08000b24                SPI1_IRQHandler
                0x08000b24                TIM6_DAC_IRQHandler
                0x08000b24                TIM1_BRK_TIM9_IRQHandler
                0x08000b24                DCMI_IRQHandler
                0x08000b24                CAN2_RX0_IRQHandler
                0x08000b24                DMA2_Stream3_IRQHandler
                0x08000b24                USART6_IRQHandler
                0x08000b24                USART3_IRQHandler
                0x08000b24                CRYP_IRQHandler
                0x08000b24                CAN1_RX1_IRQHandler
                0x08000b24                UART5_IRQHandler
                0x08000b24                DMA2_Stream0_IRQHandler
                0x08000b24                TIM4_IRQHandler
                0x08000b24                I2C1_EV_IRQHandler
                0x08000b24                DMA1_Stream6_IRQHandler
                0x08000b24                DMA1_Stream1_IRQHandler
                0x08000b24                UART4_IRQHandler
                0x08000b24                TIM3_IRQHandler
                0x08000b24                RCC_IRQHandler
                0x08000b24                TIM8_BRK_TIM12_IRQHandler
                0x08000b24                Default_Handler
                0x08000b24                EXTI15_10_IRQHandler
                0x08000b24                ADC_IRQHandler
                0x08000b24                DMA1_Stream7_IRQHandler
                0x08000b24                TIM7_IRQHandler
                0x08000b24                CAN2_TX_IRQHandler
                0x08000b24                TIM5_IRQHandler
                0x08000b24                DMA2_Stream7_IRQHandler
                0x08000b24                I2C3_EV_IRQHandler
                0x08000b24                EXTI9_5_IRQHandler
                0x08000b24                RTC_WKUP_IRQHandler
                0x08000b24                ETH_WKUP_IRQHandler
                0x08000b24                SPI2_IRQHandler
                0x08000b24                OTG_HS_EP1_IN_IRQHandler
                0x08000b24                MemManage_Handler
                0x08000b24                DMA1_Stream0_IRQHandler
                0x08000b24                CAN1_TX_IRQHandler
                0x08000b24                SVC_Handler
                0x08000b24                EXTI4_IRQHandler
                0x08000b24                FSMC_IRQHandler
                0x08000b24                ETH_IRQHandler
                0x08000b24                OTG_HS_EP1_OUT_IRQHandler
                0x08000b24                WWDG_IRQHandler
                0x08000b24                TIM2_IRQHandler
                0x08000b24                OTG_FS_WKUP_IRQHandler
                0x08000b24                TIM1_TRG_COM_TIM11_IRQHandler
                0x08000b24                OTG_HS_IRQHandler
                0x08000b24                EXTI1_IRQHandler
                0x08000b24                USART2_IRQHandler
                0x08000b24                I2C2_ER_IRQHandler
                0x08000b24                DMA2_Stream1_IRQHandler
                0x08000b24                CAN1_SCE_IRQHandler
                0x08000b24                DMA2_Stream4_IRQHandler
                0x08000b24                BusFault_Handler
                0x08000b24                USART1_IRQHandler
                0x08000b24                OTG_FS_IRQHandler
                0x08000b24                SPI3_IRQHandler
                0x08000b24                DMA1_Stream4_IRQHandler
                0x08000b24                I2C1_ER_IRQHandler
                0x08000b24                DMA2_Stream6_IRQHandler
                0x08000b24                DMA1_Stream3_IRQHandler
 *fill*         0x08000b26        0x2 
 .text.__libc_init_array
                0x08000b28       0x48 C:/ST/STM32CubeIDE_1.16.0/STM32CubeIDE/plugins/com.st.stm32cube.ide.mcu.externaltools.gnu-tools-for-stm32.13.3.rel1.win32_1.0.0.202411081344/tools/bin/../lib/gcc/arm-none-eabi/13.3.1/../../../../arm-none-eabi/lib/thumb/v7e-m/nofp\libc_nano.a(libc_a-init.o)
                0x08000b28                __libc_init_array
 *(.glue_7)
 .glue_7        0x08000b70        0x0 linker stubs
 *(.glue_7t)
 .glue_7t       0x08000b70        0x0 linker stubs
 *(.eh_frame)
 .eh_frame      0x08000b70        0x0 C:/ST/STM32CubeIDE_1.16.0/STM32CubeIDE/plugins/com.st.stm32cube.ide.mcu.externaltools.gnu-tools-for-stm32.13.3.rel1.win32_1.0.0.202411081344/tools/bin/../lib/gcc/arm-none-eabi/13.3.1/thumb/v7e-m/nofp/crtbegin.o
 *(.init)
 .init          0x08000b70        0x4 C:/ST/STM32CubeIDE_1.16.0/STM32CubeIDE/plugins/com.st.stm32cube.ide.mcu.externaltools.gnu-tools-for-stm32.13.3.rel1.win32_1.0.0.202411081344/tools/bin/../lib/gcc/arm-none-eabi/13.3.1/thumb/v7e-m/nofp/crti.o
                0x08000b70                _init
 .init          0x08000b74        0x8 C:/ST/STM32CubeIDE_1.16.0/STM32CubeIDE/plugins/com.st.stm32cube.ide.mcu.externaltools.gnu-tools-for-stm32.13.3.rel1.win32_1.0.0.202411081344/tools/bin/../lib/gcc/arm-none-eabi/13.3.1/thumb/v7e-m/nofp/crtn.o
 *(.fini)
 .fini          0x08000b7c        0x4 C:/ST/STM32CubeIDE_1.16.0/STM32CubeIDE/plugins/com.st.stm32cube.ide.mcu.externaltools.gnu-tools-for-stm32.13.3.rel1.win32_1.0.0.202411081344/tools/bin/../lib/gcc/arm-none-eabi/13.3.1/thumb/v7e-m/nofp/crti.o
                0x08000b7c                _fini
 .fini          0x08000b80        0x8 C:/ST/STM32CubeIDE_1.16.0/STM32CubeIDE/plugins/com.st.stm32cube.ide.mcu.externaltools.gnu-tools-for-stm32.13.3.rel1.win32_1.0.0.202411081344/tools/bin/../lib/gcc/arm-none-eabi/13.3.1/thumb/v7e-m/nofp/crtn.o
                0x08000b88                        . = ALIGN (0x4)
                0x08000b88                        _etext = .

.vfp11_veneer   0x08000b88        0x0
 .vfp11_veneer  0x08000b88        0x0 linker stubs

.v4_bx          0x08000b88        0x0
 .v4_bx         0x08000b88        0x0 linker stubs

.iplt           0x08000b88        0x0
 .iplt          0x08000b88        0x0 C:/ST/STM32CubeIDE_1.16.0/STM32CubeIDE/plugins/com.st.stm32cube.ide.mcu.externaltools.gnu-tools-for-stm32.13.3.rel1.win32_1.0.0.202411081344/tools/bin/../lib/gcc/arm-none-eabi/13.3.1/thumb/v7e-m/nofp/crtbegin.o

.rodata         0x08000b88        0x0
                0x08000b88                        . = ALIGN (0x4)
 *(.rodata)
 *(.rodata*)
                0x08000b88                        . = ALIGN (0x4)

.ARM.extab      0x08000b88        0x0
                0x08000b88                        . = ALIGN (0x4)
 *(.ARM.extab* .gnu.linkonce.armextab.*)
                0x08000b88                        . = ALIGN (0x4)

.ARM            0x08000b88        0x0
                0x08000b88                        . = ALIGN (0x4)
                0x08000b88                        __exidx_start = .
 *(.ARM.exidx*)
                0x08000b88                        __exidx_end = .
                0x08000b88                        . = ALIGN (0x4)

.preinit_array  0x08000b88        0x0
                0x08000b88                        . = ALIGN (0x4)
                0x08000b88                        PROVIDE (__preinit_array_start = .)
 *(.preinit_array*)
                0x08000b88                        PROVIDE (__preinit_array_end = .)
                0x08000b88                        . = ALIGN (0x4)

.init_array     0x08000b88        0x4
                0x08000b88                        . = ALIGN (0x4)
                0x08000b88                        PROVIDE (__init_array_start = .)
 *(SORT_BY_NAME(.init_array.*))
 *(.init_array*)
 .init_array    0x08000b88        0x4 C:/ST/STM32CubeIDE_1.16.0/STM32CubeIDE/plugins/com.st.stm32cube.ide.mcu.externaltools.gnu-tools-for-stm32.13.3.rel1.win32_1.0.0.202411081344/tools/bin/../lib/gcc/arm-none-eabi/13.3.1/thumb/v7e-m/nofp/crtbegin.o
                0x08000b8c                        PROVIDE (__init_array_end = .)
                0x08000b8c                        . = ALIGN (0x4)

.fini_array     0x08000b8c        0x4
                0x08000b8c                        . = ALIGN (0x4)
                [!provide]                        PROVIDE (__fini_array_start = .)
 *(SORT_BY_NAME(.fini_array.*))
 *(.fini_array*)
 .fini_array    0x08000b8c        0x4 C:/ST/STM32CubeIDE_1.16.0/STM32CubeIDE/plugins/com.st.stm32cube.ide.mcu.externaltools.gnu-tools-for-stm32.13.3.rel1.win32_1.0.0.202411081344/tools/bin/../lib/gcc/arm-none-eabi/13.3.1/thumb/v7e-m/nofp/crtbegin.o
                [!provide]                        PROVIDE (__fini_array_end = .)
                0x08000b90                        . = ALIGN (0x4)
                0x08000b90                        _sidata = LOADADDR (.data)

.rel.dyn        0x08000b90        0x0
 .rel.iplt      0x08000b90        0x0 C:/ST/STM32CubeIDE_1.16.0/STM32CubeIDE/plugins/com.st.stm32cube.ide.mcu.externaltools.gnu-tools-for-stm32.13.3.rel1.win32_1.0.0.202411081344/tools/bin/../lib/gcc/arm-none-eabi/13.3.1/thumb/v7e-m/nofp/crtbegin.o

.data           0x20000000        0x0 load address 0x08000b90
                0x20000000                        . = ALIGN (0x4)
                0x20000000                        _sdata = .
 *(.data)
 *(.data*)
 *(.RamFunc)
 *(.RamFunc*)
                0x20000000                        . = ALIGN (0x4)
                0x20000000                        _edata = .
                0x08000b90                        _siccmram = LOADADDR (.ccmram)

.igot.plt       0x20000000        0x0 load address 0x08000b90
 .igot.plt      0x20000000        0x0 C:/ST/STM32CubeIDE_1.16.0/STM32CubeIDE/plugins/com.st.stm32cube.ide.mcu.externaltools.gnu-tools-for-stm32.13.3.rel1.win32_1.0.0.202411081344/tools/bin/../lib/gcc/arm-none-eabi/13.3.1/thumb/v7e-m/nofp/crtbegin.o

.ccmram         0x10000000        0x0 load address 0x08000b90
                0x10000000                        . = ALIGN (0x4)
                0x10000000                        _sccmram = .
 *(.ccmram)
 *(.ccmram*)
                0x10000000                        . = ALIGN (0x4)
                0x10000000                        _eccmram = .
                0x10000000                        . = ALIGN (0x4)

.bss            0x20000000       0x1c
                0x20000000                        _sbss = .
                0x20000000                        __bss_start__ = _sbss
 *(.bss)
 .bss           0x20000000       0x1c C:/ST/STM32CubeIDE_1.16.0/STM32CubeIDE/plugins/com.st.stm32cube.ide.mcu.externaltools.gnu-tools-for-stm32.13.3.rel1.win32_1.0.0.202411081344/tools/bin/../lib/gcc/arm-none-eabi/13.3.1/thumb/v7e-m/nofp/crtbegin.o
 *(.bss*)
 *(COMMON)
                0x2000001c                        . = ALIGN (0x4)
                0x2000001c                        _ebss = .
                0x2000001c                        __bss_end__ = _ebss

._user_heap_stack
                0x2000001c      0x604
                0x20000020                        . = ALIGN (0x8)
 *fill*         0x2000001c        0x4 
                [!provide]                        PROVIDE (end = .)
                0x20000020                        PROVIDE (_end = .)
                0x20000220                        . = (. + _Min_Heap_Size)
 *fill*         0x20000020      0x200 
                0x20000620                        . = (. + _Min_Stack_Size)
 *fill*         0x20000220      0x400 
                0x20000620                        . = ALIGN (0x8)

/DISCARD/
 libc.a(*)
 libm.a(*)
 libgcc.a(*)

.ARM.attributes
                0x00000000       0x2a
 *(.ARM.attributes)
 .ARM.attributes
                0x00000000       0x1e C:/ST/STM32CubeIDE_1.16.0/STM32CubeIDE/plugins/com.st.stm32cube.ide.mcu.externaltools.gnu-tools-for-stm32.13.3.rel1.win32_1.0.0.202411081344/tools/bin/../lib/gcc/arm-none-eabi/13.3.1/thumb/v7e-m/nofp/crti.o
 .ARM.attributes
                0x0000001e       0x2e C:/ST/STM32CubeIDE_1.16.0/STM32CubeIDE/plugins/com.st.stm32cube.ide.mcu.externaltools.gnu-tools-for-stm32.13.3.rel1.win32_1.0.0.202411081344/tools/bin/../lib/gcc/arm-none-eabi/13.3.1/thumb/v7e-m/nofp/crtbegin.o
 .ARM.attributes
                0x0000004c       0x2e ./Driver/src/stm32f4xx_gpio_driver.o
 .ARM.attributes
                0x0000007a       0x2e ./Src/Button_Interrupt.o
 .ARM.attributes
                0x000000a8       0x21 ./Startup/startup_stm32f407vgtx.o
 .ARM.attributes
                0x000000c9       0x2e C:/ST/STM32CubeIDE_1.16.0/STM32CubeIDE/plugins/com.st.stm32cube.ide.mcu.externaltools.gnu-tools-for-stm32.13.3.rel1.win32_1.0.0.202411081344/tools/bin/../lib/gcc/arm-none-eabi/13.3.1/../../../../arm-none-eabi/lib/thumb/v7e-m/nofp\libc_nano.a(libc_a-init.o)
 .ARM.attributes
                0x000000f7       0x1e C:/ST/STM32CubeIDE_1.16.0/STM32CubeIDE/plugins/com.st.stm32cube.ide.mcu.externaltools.gnu-tools-for-stm32.13.3.rel1.win32_1.0.0.202411081344/tools/bin/../lib/gcc/arm-none-eabi/13.3.1/thumb/v7e-m/nofp/crtn.o
OUTPUT(Driver_stm32f404xx.elf elf32-littlearm)
LOAD linker stubs
LOAD C:/ST/STM32CubeIDE_1.16.0/STM32CubeIDE/plugins/com.st.stm32cube.ide.mcu.externaltools.gnu-tools-for-stm32.13.3.rel1.win32_1.0.0.202411081344/tools/bin/../lib/gcc/arm-none-eabi/13.3.1/../../../../arm-none-eabi/lib/thumb/v7e-m/nofp\libc.a
LOAD C:/ST/STM32CubeIDE_1.16.0/STM32CubeIDE/plugins/com.st.stm32cube.ide.mcu.externaltools.gnu-tools-for-stm32.13.3.rel1.win32_1.0.0.202411081344/tools/bin/../lib/gcc/arm-none-eabi/13.3.1/../../../../arm-none-eabi/lib/thumb/v7e-m/nofp\libm.a
LOAD C:/ST/STM32CubeIDE_1.16.0/STM32CubeIDE/plugins/com.st.stm32cube.ide.mcu.externaltools.gnu-tools-for-stm32.13.3.rel1.win32_1.0.0.202411081344/tools/bin/../lib/gcc/arm-none-eabi/13.3.1/thumb/v7e-m/nofp\libgcc.a

.debug_info     0x00000000      0xa7c
 .debug_info    0x00000000      0x7c9 ./Driver/src/stm32f4xx_gpio_driver.o
 .debug_info    0x000007c9      0x283 ./Src/Button_Interrupt.o
 .debug_info    0x00000a4c       0x30 ./Startup/startup_stm32f407vgtx.o

.debug_abbrev   0x00000000      0x2eb
 .debug_abbrev  0x00000000      0x1a4 ./Driver/src/stm32f4xx_gpio_driver.o
 .debug_abbrev  0x000001a4      0x123 ./Src/Button_Interrupt.o
 .debug_abbrev  0x000002c7       0x24 ./Startup/startup_stm32f407vgtx.o

.debug_aranges  0x00000000      0x158
 .debug_aranges
                0x00000000      0x100 ./Driver/src/stm32f4xx_gpio_driver.o
 .debug_aranges
                0x00000100       0x30 ./Src/Button_Interrupt.o
 .debug_aranges
                0x00000130       0x28 ./Startup/startup_stm32f407vgtx.o

.debug_rnglists
                0x00000000       0xf8
 .debug_rnglists
                0x00000000       0xc0 ./Driver/src/stm32f4xx_gpio_driver.o
 .debug_rnglists
                0x000000c0       0x1f ./Src/Button_Interrupt.o
 .debug_rnglists
                0x000000df       0x19 ./Startup/startup_stm32f407vgtx.o

.debug_macro    0x00000000     0x25be
 .debug_macro   0x00000000      0x17f ./Driver/src/stm32f4xx_gpio_driver.o
 .debug_macro   0x0000017f      0xaba ./Driver/src/stm32f4xx_gpio_driver.o
 .debug_macro   0x00000c39       0x22 ./Driver/src/stm32f4xx_gpio_driver.o
 .debug_macro   0x00000c5b       0x8e ./Driver/src/stm32f4xx_gpio_driver.o
 .debug_macro   0x00000ce9       0x51 ./Driver/src/stm32f4xx_gpio_driver.o
 .debug_macro   0x00000d3a      0x103 ./Driver/src/stm32f4xx_gpio_driver.o
 .debug_macro   0x00000e3d       0x6a ./Driver/src/stm32f4xx_gpio_driver.o
 .debug_macro   0x00000ea7      0x1df ./Driver/src/stm32f4xx_gpio_driver.o
 .debug_macro   0x00001086      0x190 ./Driver/src/stm32f4xx_gpio_driver.o
 .debug_macro   0x00001216      0x3ae ./Driver/src/stm32f4xx_gpio_driver.o
 .debug_macro   0x000015c4       0xb2 ./Driver/src/stm32f4xx_gpio_driver.o
 .debug_macro   0x00001676       0x61 ./Driver/src/stm32f4xx_gpio_driver.o
 .debug_macro   0x000016d7       0x24 ./Driver/src/stm32f4xx_gpio_driver.o
 .debug_macro   0x000016fb       0x43 ./Driver/src/stm32f4xx_gpio_driver.o
 .debug_macro   0x0000173e       0x34 ./Driver/src/stm32f4xx_gpio_driver.o
 .debug_macro   0x00001772       0x16 ./Driver/src/stm32f4xx_gpio_driver.o
 .debug_macro   0x00001788       0x3c ./Driver/src/stm32f4xx_gpio_driver.o
 .debug_macro   0x000017c4      0x370 ./Driver/src/stm32f4xx_gpio_driver.o
 .debug_macro   0x00001b34       0x10 ./Driver/src/stm32f4xx_gpio_driver.o
 .debug_macro   0x00001b44       0x16 ./Driver/src/stm32f4xx_gpio_driver.o
 .debug_macro   0x00001b5a       0x4a ./Driver/src/stm32f4xx_gpio_driver.o
 .debug_macro   0x00001ba4       0x34 ./Driver/src/stm32f4xx_gpio_driver.o
 .debug_macro   0x00001bd8       0x10 ./Driver/src/stm32f4xx_gpio_driver.o
 .debug_macro   0x00001be8       0x58 ./Driver/src/stm32f4xx_gpio_driver.o
 .debug_macro   0x00001c40       0x8e ./Driver/src/stm32f4xx_gpio_driver.o
 .debug_macro   0x00001cce       0x1c ./Driver/src/stm32f4xx_gpio_driver.o
 .debug_macro   0x00001cea      0x185 ./Driver/src/stm32f4xx_gpio_driver.o
 .debug_macro   0x00001e6f       0x16 ./Driver/src/stm32f4xx_gpio_driver.o
 .debug_macro   0x00001e85       0x16 ./Driver/src/stm32f4xx_gpio_driver.o
 .debug_macro   0x00001e9b      0x146 ./Driver/src/stm32f4xx_gpio_driver.o
 .debug_macro   0x00001fe1       0xc4 ./Driver/src/stm32f4xx_gpio_driver.o
 .debug_macro   0x000020a5      0x16b ./Src/Button_Interrupt.o
 .debug_macro   0x00002210       0x5b ./Src/Button_Interrupt.o
 .debug_macro   0x0000226b       0x94 ./Src/Button_Interrupt.o
 .debug_macro   0x000022ff       0x57 ./Src/Button_Interrupt.o
 .debug_macro   0x00002356       0x9e ./Src/Button_Interrupt.o
 .debug_macro   0x000023f4      0x112 ./Src/Button_Interrupt.o
 .debug_macro   0x00002506       0xb8 ./Src/Button_Interrupt.o

.debug_line     0x00000000     0x14c3
 .debug_line    0x00000000      0xdea ./Driver/src/stm32f4xx_gpio_driver.o
 .debug_line    0x00000dea      0x65e ./Src/Button_Interrupt.o
 .debug_line    0x00001448       0x7b ./Startup/startup_stm32f407vgtx.o

.debug_str      0x00000000     0x9052
 .debug_str     0x00000000     0x9052 ./Driver/src/stm32f4xx_gpio_driver.o
                               0x91e7 (size before relaxing)
 .debug_str     0x00009052     0x8e7e ./Src/Button_Interrupt.o
 .debug_str     0x00009052       0x8d ./Startup/startup_stm32f407vgtx.o

.comment        0x00000000       0x43
 .comment       0x00000000       0x43 ./Driver/src/stm32f4xx_gpio_driver.o
                                 0x44 (size before relaxing)
 .comment       0x00000043       0x44 ./Src/Button_Interrupt.o

.debug_frame    0x00000000      0x4a4
 .debug_frame   0x00000000      0x404 ./Driver/src/stm32f4xx_gpio_driver.o
 .debug_frame   0x00000404       0x74 ./Src/Button_Interrupt.o
 .debug_frame   0x00000478       0x2c C:/ST/STM32CubeIDE_1.16.0/STM32CubeIDE/plugins/com.st.stm32cube.ide.mcu.externaltools.gnu-tools-for-stm32.13.3.rel1.win32_1.0.0.202411081344/tools/bin/../lib/gcc/arm-none-eabi/13.3.1/../../../../arm-none-eabi/lib/thumb/v7e-m/nofp\libc_nano.a(libc_a-init.o)

.debug_line_str
                0x00000000       0x71
 .debug_line_str
                0x00000000       0x71 ./Startup/startup_stm32f407vgtx.o
