2025-09-30 09:47:23,681 [INFO] Activator:176 - 


2025-09-30 09:47:23,695 [INFO] Activator:177 - !SESSION log4j initialized
2025-09-30 09:47:30,677 [INFO] LogOutputStream:77 - [STDOUT_REDIRECT] 
2025-09-30 09:47:36,474 [INFO] ApplicationProperties:184 - Using Application install path: C:\ST\STM32CubeIDE_1.16.0\STM32CubeIDE\plugins\com.st.stm32cube.common.mx_6.15.0.202507011659
2025-09-30 09:47:36,492 [INFO] DbMcusXml:78 - Set database path to: C:\ST\STM32CubeIDE_1.16.0\STM32CubeIDE\plugins\com.st.stm32cube.common.mx_6.15.0.202507011659\\db\/mcu/
2025-09-30 09:47:36,493 [INFO] ApiDb:274 - Set plugin database path to: C:\ST\STM32CubeIDE_1.16.0\STM32CubeIDE\plugins\com.st.stm32cube.common.mx_6.15.0.202507011659\\db\/plugins/boardmanager/
2025-09-30 09:47:36,493 [WARN] ApiDb:259 - Overriding images path with different value:  => C:\ST\STM32CubeIDE_1.16.0\STM32CubeIDE\plugins\com.st.stm32cube.common.mx_6.15.0.202507011659\\db\/plugins/mcufinder/images/
2025-09-30 09:47:36,503 [INFO] ApiDb:250 - Set database path to: C:\Users\nisha\.stmcufinder\plugins\mcufinder//mcu/
2025-09-30 09:47:36,505 [INFO] DbMcusAds:125 - Set database path to: C:\Users\nisha\.stmcufinder\plugins\mcufinder//mcu/
2025-09-30 09:47:36,507 [INFO] CrossReferenceDbSqlite:203 - Set database path to: C:\Users\nisha\.stmcufinder\plugins\mcufinder//mcu/cs/
2025-09-30 09:47:36,639 [INFO] RulesReader:64 - Compatibility file has been processed (317 Rules)
2025-09-30 09:47:36,739 [INFO] DbMcusXml:78 - Set database path to: C:\ST\STM32CubeIDE_1.16.0\STM32CubeIDE\plugins\com.st.stm32cube.common.mx_6.15.0.202507011659\\db\/mcu/
2025-09-30 09:47:36,739 [INFO] ApiDb:274 - Set plugin database path to: C:\ST\STM32CubeIDE_1.16.0\STM32CubeIDE\plugins\com.st.stm32cube.common.mx_6.15.0.202507011659\\db\/plugins/boardmanager/
2025-09-30 09:47:36,739 [INFO] ApiDb:261 - Set plugin images path to: C:\ST\STM32CubeIDE_1.16.0\STM32CubeIDE\plugins\com.st.stm32cube.common.mx_6.15.0.202507011659\\db\/plugins/mcufinder/images/
2025-09-30 09:47:36,739 [WARN] DbFile:41 - Overriding database path with different value: C:\Users\nisha\.stmcufinder\plugins\mcufinder/ => C:\Users\nisha\.stmcufinder\plugins\mcufinder
2025-09-30 09:47:36,741 [INFO] ApiDb:250 - Set database path to: C:\Users\nisha\.stmcufinder\plugins\mcufinder//mcu/
2025-09-30 09:47:36,741 [WARN] DbFile:41 - Overriding database path with different value: C:\Users\nisha\.stmcufinder\plugins\mcufinder/ => C:\Users\nisha\.stmcufinder\plugins\mcufinder
2025-09-30 09:47:36,741 [INFO] DbMcusAds:125 - Set database path to: C:\Users\nisha\.stmcufinder\plugins\mcufinder//mcu/
2025-09-30 09:47:36,741 [WARN] DbFile:41 - Overriding database path with different value: C:\Users\nisha\.stmcufinder\plugins\mcufinder/ => C:\Users\nisha\.stmcufinder\plugins\mcufinder
2025-09-30 09:47:36,741 [WARN] DbFile:41 - Overriding database path with different value: C:\Users\nisha\.stmcufinder\plugins\mcufinder/ => C:\Users\nisha\.stmcufinder\plugins\mcufinder
2025-09-30 09:47:36,741 [INFO] CrossReferenceDbSqlite:203 - Set database path to: C:\Users\nisha\.stmcufinder\plugins\mcufinder//mcu/cs/
2025-09-30 09:47:36,851 [INFO] MainPanel:274 - HeapMemory: 268435456
2025-09-30 09:47:37,043 [INFO] DbMcusXml:78 - Set database path to: C:\ST\STM32CubeIDE_1.16.0\STM32CubeIDE\plugins\com.st.stm32cube.common.mx_6.15.0.202507011659\\db\/mcu/
2025-09-30 09:47:37,043 [INFO] ApiDb:274 - Set plugin database path to: C:\ST\STM32CubeIDE_1.16.0\STM32CubeIDE\plugins\com.st.stm32cube.common.mx_6.15.0.202507011659\\db\/plugins/boardmanager/
2025-09-30 09:47:37,043 [INFO] ApiDb:261 - Set plugin images path to: C:\ST\STM32CubeIDE_1.16.0\STM32CubeIDE\plugins\com.st.stm32cube.common.mx_6.15.0.202507011659\\db\/plugins/mcufinder/images/
2025-09-30 09:47:37,044 [WARN] DbFile:41 - Overriding database path with different value: C:\Users\nisha\.stmcufinder\plugins\mcufinder/ => C:\Users\nisha\.stmcufinder\plugins\mcufinder
2025-09-30 09:47:37,044 [INFO] ApiDb:250 - Set database path to: C:\Users\nisha\.stmcufinder\plugins\mcufinder//mcu/
2025-09-30 09:47:37,044 [WARN] DbFile:41 - Overriding database path with different value: C:\Users\nisha\.stmcufinder\plugins\mcufinder/ => C:\Users\nisha\.stmcufinder\plugins\mcufinder
2025-09-30 09:47:37,044 [INFO] DbMcusAds:125 - Set database path to: C:\Users\nisha\.stmcufinder\plugins\mcufinder//mcu/
2025-09-30 09:47:37,044 [WARN] DbFile:41 - Overriding database path with different value: C:\Users\nisha\.stmcufinder\plugins\mcufinder/ => C:\Users\nisha\.stmcufinder\plugins\mcufinder
2025-09-30 09:47:37,044 [WARN] DbFile:41 - Overriding database path with different value: C:\Users\nisha\.stmcufinder\plugins\mcufinder/ => C:\Users\nisha\.stmcufinder\plugins\mcufinder
2025-09-30 09:47:37,044 [INFO] CrossReferenceDbSqlite:203 - Set database path to: C:\Users\nisha\.stmcufinder\plugins\mcufinder//mcu/cs/
2025-09-30 09:47:37,069 [INFO] ApplicationProperties:184 - Using Application install path: C:\ST\STM32CubeIDE_1.16.0\STM32CubeIDE\plugins\com.st.stm32cube.common.mx_6.15.0.202507011659
2025-09-30 09:47:37,071 [INFO] PluginManage:196 - Search for loadable plugins [exclusion list=, ]
2025-09-30 09:47:37,077 [INFO] PluginManage:310 - Check plugin analytics
2025-09-30 09:47:37,292 [INFO] AnalyticsPlugin:253 - Accepted Software Licenses: 
2025-09-30 09:47:37,293 [INFO] AnalyticsPlugin:255 - Accepted CMSIS Pack Licenses: 
2025-09-30 09:47:37,293 [INFO] AnalyticsPlugin:257 - Accepted Firmware Licenses: FW.F4.1.28.0
2025-09-30 09:47:37,295 [INFO] PluginManage:359 - Loaded plugin analytics (category:tool,tabindex:-1)
2025-09-30 09:47:37,296 [INFO] PluginManage:310 - Check plugin cadmodel
2025-09-30 09:47:37,319 [INFO] CADModel:105 - Init CAD model plugin
2025-09-30 09:47:37,319 [INFO] PluginManage:359 - Loaded plugin cadmodel (category:power,tabindex:5)
2025-09-30 09:47:37,319 [INFO] PluginManage:310 - Check plugin clock
2025-09-30 09:47:37,353 [INFO] PluginManage:359 - Loaded plugin clock (category:base,tabindex:2)
2025-09-30 09:47:37,353 [INFO] PluginManage:310 - Check plugin ddr
2025-09-30 09:47:37,355 [INFO] PluginManage:359 - Loaded plugin ddr (category:tool,tabindex:6)
2025-09-30 09:47:37,356 [INFO] PluginManage:310 - Check plugin filemanager
2025-09-30 09:47:37,504 [INFO] PluginManage:359 - Loaded plugin filemanager (category:base,tabindex:10)
2025-09-30 09:47:37,504 [INFO] PluginManage:310 - Check plugin ipmanager
2025-09-30 09:47:37,511 [INFO] PluginManage:359 - Loaded plugin ipmanager (category:base,tabindex:5)
2025-09-30 09:47:37,511 [INFO] PluginManage:310 - Check plugin lpbam
2025-09-30 09:47:37,542 [INFO] PluginManage:359 - Loaded plugin lpbam (category:base,tabindex:0)
2025-09-30 09:47:37,542 [INFO] PluginManage:310 - Check plugin memorymap
2025-09-30 09:47:37,577 [INFO] PluginManage:359 - Loaded plugin memorymap (category:base,tabindex:4)
2025-09-30 09:47:37,577 [INFO] PluginManage:310 - Check plugin pinoutandconfiguration
2025-09-30 09:47:37,615 [INFO] PluginManage:359 - Loaded plugin pinoutandconfiguration (category:base,tabindex:1)
2025-09-30 09:47:37,615 [INFO] PluginManage:310 - Check plugin pinoutconfig
2025-09-30 09:47:37,755 [WARN] SupportedApi:132 - Cannot load RTOS API schema: s4s-elt-must-match.1: The content of 'definitions' must match (annotation?, (simpleType | complexType)?, (unique | key | keyref)*)). A problem was found starting at: attribute.
2025-09-30 09:47:37,883 [INFO] PluginManage:359 - Loaded plugin pinoutconfig (category:base,tabindex:0)
2025-09-30 09:47:37,884 [INFO] PluginManage:310 - Check plugin power
2025-09-30 09:47:37,910 [INFO] PluginManage:359 - Loaded plugin power (category:power,tabindex:4)
2025-09-30 09:47:37,910 [INFO] PluginManage:310 - Check plugin projectmanager
2025-09-30 09:47:37,927 [INFO] PluginManage:359 - Loaded plugin projectmanager (category:projectmanager,tabindex:4)
2025-09-30 09:47:37,927 [INFO] PluginManage:310 - Check plugin rif
2025-09-30 09:47:37,960 [INFO] PluginManage:359 - Loaded plugin rif (category:base,tabindex:3)
2025-09-30 09:47:37,960 [INFO] PluginManage:310 - Check plugin thirdparty
2025-09-30 09:47:38,329 [INFO] PluginManage:359 - Loaded plugin thirdparty (category:base,tabindex:-1)
2025-09-30 09:47:38,329 [WARN] IntegrityCheckThread:84 - waiting for thirdparty lock release [integrity check]
2025-09-30 09:47:38,330 [INFO] PluginManage:310 - Check plugin tools
2025-09-30 09:47:38,330 [INFO] IntegrityCheckThread:86 - entering critical section [integrity check]
2025-09-30 09:47:38,331 [INFO] ThirdPartyUpdaterWithRetryManager:70 - Updater plugin not ready yet. [1/15]
2025-09-30 09:47:38,334 [INFO] PluginManage:359 - Loaded plugin tools (category:base,tabindex:7)
2025-09-30 09:47:38,334 [INFO] PluginManage:310 - Check plugin tutovideos
2025-09-30 09:47:38,630 [INFO] PluginManage:359 - Loaded plugin tutovideos (category:base,tabindex:-1)
2025-09-30 09:47:38,630 [INFO] PluginManage:310 - Check plugin updater
2025-09-30 09:47:38,651 [INFO] PluginManage:359 - Loaded plugin updater (category:base,tabindex:12)
2025-09-30 09:47:38,651 [INFO] PluginManage:310 - Check plugin userauth
2025-09-30 09:47:38,657 [INFO] UserAuth:118 - Init User Auth plugin
2025-09-30 09:47:38,657 [INFO] PluginManage:359 - Loaded plugin userauth (category:base,tabindex:14)
2025-09-30 09:47:38,657 [INFO] PluginManage:283 - PluginManage : Loaded plugins [18]
2025-09-30 09:47:38,881 [INFO] PinOutPanel:1589 - setPackage(No Configuration,No Configuration)
2025-09-30 09:47:38,968 [INFO] CADModel:165 - CPN selected for project level
2025-09-30 09:47:38,968 [INFO] CADModel:114 - Register for checkConnection events
2025-09-30 09:47:39,016 [INFO] IPUIPlugin:80 - create IPUIPlugin
2025-09-30 09:47:39,017 [INFO] PluginManager:220 - loadIPPluginJar : add adc
2025-09-30 09:47:39,108 [INFO] IPUIPlugin:80 - create IPUIPlugin
2025-09-30 09:47:39,108 [INFO] PluginManager:220 - loadIPPluginJar : add aes
2025-09-30 09:47:39,209 [INFO] IPUIPlugin:80 - create IPUIPlugin
2025-09-30 09:47:39,210 [INFO] PluginManager:220 - loadIPPluginJar : add can
2025-09-30 09:47:39,272 [INFO] IPUIPlugin:80 - create IPUIPlugin
2025-09-30 09:47:39,272 [INFO] PluginManager:220 - loadIPPluginJar : add comp
2025-09-30 09:47:39,364 [INFO] IPUIPlugin:80 - create IPUIPlugin
2025-09-30 09:47:39,364 [INFO] PluginManager:220 - loadIPPluginJar : add cryp
2025-09-30 09:47:39,395 [INFO] IPUIPlugin:80 - create IPUIPlugin
2025-09-30 09:47:39,395 [INFO] PluginManager:220 - loadIPPluginJar : add ddr_ctrl_phy
2025-09-30 09:47:39,400 [INFO] IPUIPlugin:80 - create IPUIPlugin
2025-09-30 09:47:39,400 [INFO] PluginManager:220 - loadIPPluginJar : add dfsdm
2025-09-30 09:47:39,431 [INFO] IPUIPlugin:80 - create IPUIPlugin
2025-09-30 09:47:39,432 [INFO] PluginManager:220 - loadIPPluginJar : add dma
2025-09-30 09:47:39,538 [INFO] IPUIPlugin:80 - create IPUIPlugin
2025-09-30 09:47:39,538 [INFO] PluginManager:220 - loadIPPluginJar : add dma3
2025-09-30 09:47:39,648 [INFO] IPUIPlugin:80 - create IPUIPlugin
2025-09-30 09:47:39,648 [INFO] PluginManager:220 - loadIPPluginJar : add extmemmanager
2025-09-30 09:47:39,701 [INFO] IPUIPlugin:80 - create IPUIPlugin
2025-09-30 09:47:39,702 [INFO] PluginManager:220 - loadIPPluginJar : add fatfs
2025-09-30 09:47:39,817 [INFO] IPUIPlugin:80 - create IPUIPlugin
2025-09-30 09:47:39,817 [INFO] PluginManager:220 - loadIPPluginJar : add fmc
2025-09-30 09:47:39,849 [INFO] IPUIPlugin:80 - create IPUIPlugin
2025-09-30 09:47:39,850 [INFO] PluginManager:220 - loadIPPluginJar : add freertos
2025-09-30 09:47:39,854 [INFO] IPUIPlugin:80 - create IPUIPlugin
2025-09-30 09:47:39,854 [INFO] PluginManager:220 - loadIPPluginJar : add genericplugin
2025-09-30 09:47:40,102 [INFO] IPUIPlugin:80 - create IPUIPlugin
2025-09-30 09:47:40,102 [INFO] PluginManager:220 - loadIPPluginJar : add gfxmmu
2025-09-30 09:47:40,450 [INFO] IPUIPlugin:80 - create IPUIPlugin
2025-09-30 09:47:40,450 [INFO] PluginManager:220 - loadIPPluginJar : add gic
2025-09-30 09:47:40,485 [INFO] IPUIPlugin:80 - create IPUIPlugin
2025-09-30 09:47:40,485 [INFO] PluginManager:220 - loadIPPluginJar : add gpio
2025-09-30 09:47:40,713 [INFO] IPUIPlugin:80 - create IPUIPlugin
2025-09-30 09:47:40,714 [INFO] PluginManager:220 - loadIPPluginJar : add gtzc
2025-09-30 09:47:40,795 [INFO] IPUIPlugin:80 - create IPUIPlugin
2025-09-30 09:47:40,795 [INFO] PluginManager:220 - loadIPPluginJar : add hash
2025-09-30 09:47:40,941 [INFO] IPUIPlugin:80 - create IPUIPlugin
2025-09-30 09:47:40,941 [INFO] PluginManager:220 - loadIPPluginJar : add i2c
2025-09-30 09:47:41,048 [INFO] IPUIPlugin:80 - create IPUIPlugin
2025-09-30 09:47:41,048 [INFO] PluginManager:220 - loadIPPluginJar : add i2s
2025-09-30 09:47:41,152 [INFO] IPUIPlugin:80 - create IPUIPlugin
2025-09-30 09:47:41,153 [INFO] PluginManager:220 - loadIPPluginJar : add i3c
2025-09-30 09:47:41,331 [INFO] ThirdPartyUpdaterWithRetryManager:70 - Updater plugin not ready yet. [2/15]
2025-09-30 09:47:41,434 [INFO] IPUIPlugin:80 - create IPUIPlugin
2025-09-30 09:47:41,434 [INFO] PluginManager:220 - loadIPPluginJar : add ipddr
2025-09-30 09:47:41,689 [INFO] IPUIPlugin:80 - create IPUIPlugin
2025-09-30 09:47:41,690 [INFO] PluginManager:220 - loadIPPluginJar : add linkedlist
2025-09-30 09:47:41,698 [INFO] IPUIPlugin:80 - create IPUIPlugin
2025-09-30 09:47:41,698 [INFO] PluginManager:220 - loadIPPluginJar : add lorawan
2025-09-30 09:47:41,792 [INFO] IPUIPlugin:80 - create IPUIPlugin
2025-09-30 09:47:41,792 [INFO] PluginManager:220 - loadIPPluginJar : add ltdc
2025-09-30 09:47:41,821 [INFO] IPUIPlugin:80 - create IPUIPlugin
2025-09-30 09:47:41,821 [INFO] PluginManager:220 - loadIPPluginJar : add mdma
2025-09-30 09:47:41,846 [INFO] IPUIPlugin:80 - create IPUIPlugin
2025-09-30 09:47:41,846 [INFO] PluginManager:220 - loadIPPluginJar : add nvic
2025-09-30 09:47:41,940 [INFO] IPUIPlugin:80 - create IPUIPlugin
2025-09-30 09:47:41,940 [INFO] PluginManager:220 - loadIPPluginJar : add opamp
2025-09-30 09:47:42,099 [INFO] IPUIPlugin:80 - create IPUIPlugin
2025-09-30 09:47:42,099 [INFO] PluginManager:220 - loadIPPluginJar : add openamp
2025-09-30 09:47:42,208 [INFO] IPUIPlugin:80 - create IPUIPlugin
2025-09-30 09:47:42,208 [INFO] PluginManager:220 - loadIPPluginJar : add pdm2pcm
2025-09-30 09:47:42,233 [INFO] IPUIPlugin:80 - create IPUIPlugin
2025-09-30 09:47:42,235 [INFO] PluginManager:220 - loadIPPluginJar : add plateformsettings
2025-09-30 09:47:42,240 [INFO] IPUIPlugin:80 - create IPUIPlugin
2025-09-30 09:47:42,240 [INFO] PluginManager:220 - loadIPPluginJar : add quadspi
2025-09-30 09:47:42,305 [INFO] IPUIPlugin:80 - create IPUIPlugin
2025-09-30 09:47:42,306 [INFO] PluginManager:220 - loadIPPluginJar : add radio
2025-09-30 09:47:42,335 [INFO] IPUIPlugin:80 - create IPUIPlugin
2025-09-30 09:47:42,335 [INFO] PluginManager:220 - loadIPPluginJar : add resmgrutility
2025-09-30 09:47:42,450 [INFO] IPUIPlugin:80 - create IPUIPlugin
2025-09-30 09:47:42,450 [INFO] PluginManager:220 - loadIPPluginJar : add sai
2025-09-30 09:47:42,542 [INFO] IPUIPlugin:80 - create IPUIPlugin
2025-09-30 09:47:42,542 [INFO] PluginManager:220 - loadIPPluginJar : add spi
2025-09-30 09:47:42,726 [INFO] IPUIPlugin:80 - create IPUIPlugin
2025-09-30 09:47:42,726 [INFO] PluginManager:220 - loadIPPluginJar : add stm32_wpan
2025-09-30 09:47:42,730 [INFO] IPUIPlugin:80 - create IPUIPlugin
2025-09-30 09:47:42,730 [INFO] PluginManager:220 - loadIPPluginJar : add tim
2025-09-30 09:47:42,879 [INFO] IPUIPlugin:80 - create IPUIPlugin
2025-09-30 09:47:42,879 [INFO] PluginManager:220 - loadIPPluginJar : add touchsensing
2025-09-30 09:47:42,883 [INFO] IPUIPlugin:80 - create IPUIPlugin
2025-09-30 09:47:42,883 [INFO] PluginManager:220 - loadIPPluginJar : add tracer_emb
2025-09-30 09:47:42,886 [INFO] IPUIPlugin:80 - create IPUIPlugin
2025-09-30 09:47:42,886 [INFO] PluginManager:220 - loadIPPluginJar : add ts
2025-09-30 09:47:42,889 [INFO] IPUIPlugin:80 - create IPUIPlugin
2025-09-30 09:47:42,889 [INFO] PluginManager:220 - loadIPPluginJar : add tsc
2025-09-30 09:47:42,892 [INFO] IPUIPlugin:80 - create IPUIPlugin
2025-09-30 09:47:42,893 [INFO] PluginManager:220 - loadIPPluginJar : add ucpd
2025-09-30 09:47:43,005 [INFO] IPUIPlugin:80 - create IPUIPlugin
2025-09-30 09:47:43,005 [INFO] PluginManager:220 - loadIPPluginJar : add usart
2025-09-30 09:47:43,134 [INFO] IPUIPlugin:80 - create IPUIPlugin
2025-09-30 09:47:43,134 [INFO] PluginManager:220 - loadIPPluginJar : add usbx
2025-09-30 09:47:43,300 [FATAL] Updater:351 - Updater called before beeing initialized
2025-09-30 09:47:43,353 [INFO] RulesReader:64 - Compatibility file has been processed (317 Rules)
2025-09-30 09:47:43,384 [INFO] RulesReader:64 - Compatibility file has been processed (317 Rules)
2025-09-30 09:47:43,410 [INFO] CADModel:165 - CPN selected for project level
2025-09-30 09:47:43,411 [INFO] CADModel:114 - Register for checkConnection events
2025-09-30 09:47:43,411 [FATAL] Updater:351 - Updater called before beeing initialized
2025-09-30 09:47:43,411 [ERROR] CADModel:125 - Updater not yet initialized, retry later 
2025-09-30 09:47:43,590 [FATAL] Updater:351 - Updater called before beeing initialized
2025-09-30 09:47:43,593 [INFO] CADModel:165 - CPN selected for project level
2025-09-30 09:47:43,593 [INFO] CADModel:114 - Register for checkConnection events
2025-09-30 09:47:43,593 [FATAL] Updater:351 - Updater called before beeing initialized
2025-09-30 09:47:43,593 [ERROR] CADModel:125 - Updater not yet initialized, retry later 
2025-09-30 09:47:43,596 [FATAL] Updater:351 - Updater called before beeing initialized
2025-09-30 09:47:43,731 [FATAL] Updater:351 - Updater called before beeing initialized
2025-09-30 09:47:43,740 [INFO] DbMcusAds:53 - JSON generation date=Tue Jul 08 13:44:27 IST 2025 (1751962467633)
2025-09-30 09:47:43,741 [FATAL] Updater:351 - Updater called before beeing initialized
2025-09-30 09:47:43,811 [WARN] DetailPanel:346 - Failed to get advertising image, set to default
2025-09-30 09:47:43,915 [FATAL] Updater:351 - Updater called before beeing initialized
2025-09-30 09:47:43,916 [FATAL] Updater:351 - Updater called before beeing initialized
2025-09-30 09:47:43,917 [FATAL] Updater:351 - Updater called before beeing initialized
2025-09-30 09:47:43,917 [WARN] DetailPanel:346 - Failed to get advertising image, set to default
2025-09-30 09:47:43,917 [FATAL] Updater:351 - Updater called before beeing initialized
2025-09-30 09:47:43,992 [ERROR] Updater:1198 - MainUpdater not yet initialized. External WinMGr cannot be set.
2025-09-30 09:47:43,996 [INFO] Updater:1134 - Updater Version found : 6.15.0
2025-09-30 09:47:44,014 [INFO] ApplicationProperties:184 - Using Application install path: C:\ST\STM32CubeIDE_1.16.0\STM32CubeIDE\plugins\com.st.stm32cube.common.mx_6.15.0.202507011659
2025-09-30 09:47:44,334 [INFO] ThirdPartyUpdaterWithRetryManager:70 - Updater plugin not ready yet. [3/15]
2025-09-30 09:47:45,616 [ERROR] LogOutputStream:75 - [STDERR_REDIRECT] Sep 30, 2025 9:47:45 AM java.util.prefs.WindowsPreferences <init>
2025-09-30 09:47:45,618 [ERROR] LogOutputStream:75 - [STDERR_REDIRECT] WARNING: Could not open/create prefs root node Software\JavaSoft\Prefs at root 0xffffffff80000002. Windows RegCreateKeyEx(...) returned error code 5.
2025-09-30 09:47:45,619 [ERROR] LogOutputStream:75 - [STDERR_REDIRECT] 
2025-09-30 09:47:46,044 [INFO] MainUpdater:2872 - connection check result : 22
2025-09-30 09:47:46,045 [INFO] MainUpdater:289 - Updater Check For Update Now.
2025-09-30 09:47:46,046 [INFO] MicroXplorer:498 - Change Database Version : DB.6.0.150
2025-09-30 09:47:46,085 [INFO] McuFinderGlobals:63 - Set McuFinder mode to 2 (CubeIDE integrated)
2025-09-30 09:47:46,100 [INFO] UserAuth:487 - Internet connection configuration mode: 2
2025-09-30 09:47:46,117 [INFO] UserAuth:487 - Internet connection configuration mode: 2
2025-09-30 09:47:46,307 [INFO] CheckServerUpdateThread:120 - End of CheckServer Thread
2025-09-30 09:47:47,626 [WARN] PackLoader:240 - Cannot read IP mode file for STMicroelectronics.FP-SNS-MOTENVWB1.1.4.0
2025-09-30 09:47:47,653 [WARN] PackLoader:240 - Cannot read IP mode file for STMicroelectronics.X-CUBE-SMBUS.2.1.0
2025-09-30 09:47:47,681 [WARN] PackLoader:240 - Cannot read IP mode file for STMicroelectronics.X-CUBE-WB05N.1.1.0
2025-09-30 09:47:47,702 [WARN] PackLoader:240 - Cannot read IP mode file for STMicroelectronics.X-CUBE-ST60.1.0.0
2025-09-30 09:47:47,769 [WARN] PackLoader:240 - Cannot read IP mode file for STMicroelectronics.X-CUBE-AZRTOS-F7.1.1.0
2025-09-30 09:47:47,837 [WARN] PackLoader:240 - Cannot read IP mode file for STMicroelectronics.X-CUBE-MEMS1.11.0.0
2025-09-30 09:47:47,984 [WARN] PackLoader:240 - Cannot read IP mode file for STMicroelectronics.FP-SNS-FLIGHT1.5.0.2
2025-09-30 09:47:48,031 [WARN] PackLoader:240 - Cannot read IP mode file for STMicroelectronics.X-CUBE-AZRTOS-H7.3.4.0
2025-09-30 09:47:48,062 [WARN] PackLoader:240 - Cannot read IP mode file for STMicroelectronics.X-CUBE-DISPLAY.3.0.0
2025-09-30 09:47:48,087 [WARN] PackLoader:240 - Cannot read IP mode file for STMicroelectronics.X-CUBE-BLE1.7.0.0
2025-09-30 09:47:48,110 [WARN] PackLoader:240 - Cannot read IP mode file for STMicroelectronics.X-CUBE-NFC10.1.0.0
2025-09-30 09:47:48,142 [WARN] PackLoader:240 - Cannot read IP mode file for STMicroelectronics.X-CUBE-BLEMGR.4.0.0
2025-09-30 09:47:48,185 [WARN] PackLoader:240 - Cannot read IP mode file for emotas.I-CUBE-CANOPEN.1.3.0
2025-09-30 09:47:48,208 [WARN] PackLoader:240 - Cannot read IP mode file for STMicroelectronics.X-CUBE-BLEMGR.3.1.0
2025-09-30 09:47:48,231 [WARN] PackLoader:240 - Cannot read IP mode file for STMicroelectronics.FP-SNS-STBOX1.2.1.0
2025-09-30 09:47:48,256 [WARN] PackLoader:240 - Cannot read IP mode file for STMicroelectronics.FP-SNS-SMARTAG2.1.2.0
2025-09-30 09:47:48,261 [WARN] PackLoader:240 - Cannot read IP mode file for STMicroelectronics.FP-SNS-FLIGHT1.5.1.0
2025-09-30 09:47:48,290 [INFO] LogOutputStream:77 - [STDOUT_REDIRECT] 1 : Invalid condition id : UX_CORESTACK_Condition cause : null
2025-09-30 09:47:48,291 [INFO] LogOutputStream:77 - [STDOUT_REDIRECT] 1 : Invalid condition id : UX_CORESTACK_Condition cause : null
2025-09-30 09:47:48,293 [INFO] LogOutputStream:77 - [STDOUT_REDIRECT] 1 : Invalid condition id : UX_CORESTACK_Condition cause : null
2025-09-30 09:47:48,294 [INFO] LogOutputStream:77 - [STDOUT_REDIRECT] 1 : Invalid condition id : UX_CORESTACK_Condition cause : null
2025-09-30 09:47:48,295 [INFO] LogOutputStream:77 - [STDOUT_REDIRECT] 1 : Invalid condition id : UX_CORESTACK_Condition cause : null
2025-09-30 09:47:48,297 [WARN] PackLoader:240 - Cannot read IP mode file for STMicroelectronics.X-CUBE-AZRTOS-WL.2.0.0
2025-09-30 09:47:48,324 [WARN] PackLoader:240 - Cannot read IP mode file for STMicroelectronics.FP-SNS-MOTENV1.5.0.0
2025-09-30 09:47:48,331 [WARN] PackLoader:240 - Cannot read IP mode file for wolfSSL.I-CUBE-wolfMQTT.1.19.0
2025-09-30 09:47:48,355 [WARN] PackLoader:240 - Cannot read IP mode file for WES.I-CUBE-Cesium.1.3.0
2025-09-30 09:47:48,377 [WARN] PackLoader:240 - Cannot read IP mode file for STMicroelectronics.X-CUBE-BLE2.3.3.0
2025-09-30 09:47:48,400 [WARN] PackLoader:240 - Cannot read IP mode file for STMicroelectronics.X-CUBE-NFC9.1.0.0
2025-09-30 09:47:48,421 [WARN] PackLoader:240 - Cannot read IP mode file for STMicroelectronics.X-CUBE-BLE1.7.1.0
2025-09-30 09:47:48,444 [WARN] PackLoader:240 - Cannot read IP mode file for STMicroelectronics.X-CUBE-TCPP.4.1.0
2025-09-30 09:47:48,469 [WARN] PackLoader:240 - Cannot read IP mode file for STMicroelectronics.X-CUBE-EEPRMA1.5.2.0
2025-09-30 09:47:48,491 [WARN] PackLoader:240 - Cannot read IP mode file for STMicroelectronics.X-CUBE-AI.10.1.0
2025-09-30 09:47:48,528 [WARN] PackLoader:240 - Cannot read IP mode file for STMicroelectronics.X-CUBE-AZRTOS-G0.1.1.0
2025-09-30 09:47:48,549 [WARN] PackLoader:240 - Cannot read IP mode file for STMicroelectronics.X-CUBE-SAFEA1.1.2.2
2025-09-30 09:47:48,569 [WARN] PackLoader:240 - Cannot read IP mode file for STMicroelectronics.X-CUBE-NFC4.3.0.0
2025-09-30 09:47:48,593 [WARN] PackLoader:240 - Cannot read IP mode file for EmbeddedOffice.I-CUBE-FS-RTOS.1.0.1
2025-09-30 09:47:48,617 [WARN] PackLoader:240 - Cannot read IP mode file for STMicroelectronics.X-CUBE-WB05N.2.0.0
2025-09-30 09:47:48,640 [WARN] PackLoader:240 - Cannot read IP mode file for STMicroelectronics.X-CUBE-TCPP.4.2.0
2025-09-30 09:47:48,664 [WARN] PackLoader:240 - Cannot read IP mode file for RealThread.X-CUBE-RT-Thread_Nano.4.1.1
2025-09-30 09:47:48,685 [WARN] PackLoader:240 - Cannot read IP mode file for wolfSSL.I-CUBE-wolfSSL.5.7.0
2025-09-30 09:47:48,691 [WARN] PackLoader:240 - Cannot read IP mode file for STMicroelectronics.FP-ATR-SIGFOX1.3.2.0
2025-09-30 09:47:48,695 [WARN] ConditionMgr:438 - getConditionDescription Invalid condition id : Cortex-A Device cause : null
2025-09-30 09:47:48,706 [WARN] ConditionMgr:1044 - genDependencies : Invalid condition id : Cortex-A Device cause : null
2025-09-30 09:47:48,706 [WARN] ConditionMgr:1044 - genDependencies : Invalid condition id : Cortex-A Device cause : null
2025-09-30 09:47:48,706 [WARN] ConditionMgr:1044 - genDependencies : Invalid condition id : Cortex-A Device cause : null
2025-09-30 09:47:48,726 [WARN] PackLoader:240 - Cannot read IP mode file for STMicroelectronics.X-CUBE-EEPRMA1.5.1.0
2025-09-30 09:47:48,746 [WARN] PackLoader:240 - Cannot read IP mode file for ITTIA_DB.I-CUBE-ITTIADB.8.9.0
2025-09-30 09:47:48,772 [WARN] PackLoader:240 - Cannot read IP mode file for STMicroelectronics.X-CUBE-ST67W61.1.0.0
2025-09-30 09:47:48,797 [WARN] PackLoader:240 - Cannot read IP mode file for STMicroelectronics.X-CUBE-AI.10.2.0
2025-09-30 09:47:48,844 [WARN] PackLoader:240 - Cannot read IP mode file for SEGGER.I-CUBE-embOS.1.3.1
2025-09-30 09:47:48,893 [WARN] PackLoader:240 - Cannot read IP mode file for STMicroelectronics.X-CUBE-ALGOBUILD.1.4.0
2025-09-30 09:47:48,941 [WARN] PackLoader:240 - Cannot read IP mode file for STMicroelectronics.X-CUBE-MEMS1.11.3.0
2025-09-30 09:47:49,011 [WARN] PackLoader:240 - Cannot read IP mode file for STMicroelectronics.X-CUBE-AI.9.1.0
2025-09-30 09:47:49,032 [WARN] PackLoader:240 - Cannot read IP mode file for STMicroelectronics.X-CUBE-PM33A1.1.0.0
2025-09-30 09:47:49,055 [WARN] PackLoader:240 - Cannot read IP mode file for STMicroelectronics.X-CUBE-GNSS1.6.0.0
2025-09-30 09:47:49,092 [WARN] PackLoader:240 - Cannot read IP mode file for STMicroelectronics.X-CUBE-AZRTOS-F4.1.1.0
2025-09-30 09:47:49,099 [WARN] PackLoader:240 - Cannot read IP mode file for Avnet-IotConnect.X-CUBE-IoTC-DA16k-PMOD.1.0.0
2025-09-30 09:47:49,121 [WARN] PackLoader:240 - Cannot read IP mode file for STMicroelectronics.X-CUBE-ISPU.2.1.0
2025-09-30 09:47:49,141 [WARN] PackLoader:240 - Cannot read IP mode file for STMicroelectronics.X-CUBE-FREERTOS.1.2.0
2025-09-30 09:47:49,158 [WARN] PackLoader:240 - Cannot read IP mode file for STMicroelectronics.X-CUBE-NFC12.1.0.0
2025-09-30 09:47:49,197 [WARN] PackLoader:240 - Cannot read IP mode file for STMicroelectronics.X-CUBE-AZRTOS-L5.2.0.0
2025-09-30 09:47:49,226 [WARN] PackLoader:240 - Cannot read IP mode file for STMicroelectronics.X-CUBE-NFC6.3.1.0
2025-09-30 09:47:49,252 [WARN] PackLoader:240 - Cannot read IP mode file for STMicroelectronics.X-CUBE-DPower.1.2.0
2025-09-30 09:47:49,274 [WARN] PackLoader:240 - Cannot read IP mode file for STMicroelectronics.X-CUBE-AI.9.0.0
2025-09-30 09:47:49,295 [WARN] PackLoader:240 - Cannot read IP mode file for STMicroelectronics.X-CUBE-FREERTOS.1.3.1
2025-09-30 09:47:49,320 [WARN] PackLoader:240 - Cannot read IP mode file for STMicroelectronics.X-CUBE-NFC7.1.0.1
2025-09-30 09:47:49,324 [WARN] PackLoader:240 - Cannot read IP mode file for wolfSSL.I-CUBE-wolfTPM.3.2.0
2025-09-30 09:47:49,347 [WARN] PackLoader:240 - Cannot read IP mode file for STMicroelectronics.FP-SNS-STAIOTCFT.1.0.0
2025-09-30 09:47:49,372 [WARN] PackLoader:240 - Cannot read IP mode file for STMicroelectronics.X-CUBE-DPower.1.3.0
2025-09-30 09:47:49,415 [WARN] ConditionMgr:438 - getConditionDescription Invalid condition id : LAN8742 Phy interface Condition cause : null
2025-09-30 09:47:49,415 [WARN] PackLoader:240 - Cannot read IP mode file for STMicroelectronics.X-CUBE-AZRTOS-L4.2.0.0
2025-09-30 09:47:49,416 [WARN] ConditionMgr:1044 - genDependencies : Invalid condition id : LAN8742 Phy interface Condition cause : null
2025-09-30 09:47:49,416 [WARN] ConditionMgr:1044 - genDependencies : Invalid condition id : LAN8742 Phy interface Condition cause : null
2025-09-30 09:47:49,416 [WARN] ConditionMgr:1044 - genDependencies : Invalid condition id : LAN8742 Phy interface Condition cause : null
2025-09-30 09:47:49,441 [WARN] PackLoader:240 - Cannot read IP mode file for STMicroelectronics.X-CUBE-SFXS2LP1.4.0.0
2025-09-30 09:47:49,487 [WARN] PackLoader:240 - Cannot read IP mode file for STMicroelectronics.X-CUBE-AZRTOS-H7.3.3.0
2025-09-30 09:47:49,518 [WARN] PackLoader:240 - Cannot read IP mode file for STMicroelectronics.X-CUBE-BLEMGR.4.1.0
2025-09-30 09:47:49,550 [WARN] PackLoader:240 - Cannot read IP mode file for STMicroelectronics.X-CUBE-IPS.3.0.0
2025-09-30 09:47:49,593 [WARN] ConditionMgr:438 - getConditionDescription Invalid condition id : UX DEVICE CLASS RTOS Condition cause : null
2025-09-30 09:47:49,594 [WARN] ConditionMgr:438 - getConditionDescription Invalid condition id : UX DEVICE CLASS RTOS Condition cause : null
2025-09-30 09:47:49,595 [WARN] PackLoader:240 - Cannot read IP mode file for STMicroelectronics.X-CUBE-AZRTOS-WB.2.0.0
2025-09-30 09:47:49,596 [WARN] ConditionMgr:1044 - genDependencies : Invalid condition id : UX DEVICE CLASS RTOS Condition cause : null
2025-09-30 09:47:49,596 [WARN] ConditionMgr:1044 - genDependencies : Invalid condition id : UX DEVICE CLASS RTOS Condition cause : null
2025-09-30 09:47:49,596 [WARN] ConditionMgr:1044 - genDependencies : Invalid condition id : UX DEVICE CLASS RTOS Condition cause : null
2025-09-30 09:47:49,597 [WARN] ConditionMgr:1044 - genDependencies : Invalid condition id : UX DEVICE CLASS RTOS Condition cause : null
2025-09-30 09:47:49,597 [WARN] ConditionMgr:1044 - genDependencies : Invalid condition id : UX DEVICE CLASS RTOS Condition cause : null
2025-09-30 09:47:49,619 [WARN] PackLoader:240 - Cannot read IP mode file for STMicroelectronics.X-CUBE-GNSS1.7.0.0
2025-09-30 09:47:49,642 [WARN] PackLoader:240 - Cannot read IP mode file for STMicroelectronics.X-CUBE-GNSS1.7.0.1
2025-09-30 09:47:49,665 [WARN] PackLoader:240 - Cannot read IP mode file for STMicroelectronics.X-CUBE-TOUCHGFX.4.25.0
2025-09-30 09:47:49,686 [WARN] PackLoader:240 - Cannot read IP mode file for STMicroelectronics.FP-SNS-STBOX1.2.0.0
2025-09-30 09:47:49,716 [WARN] PackLoader:240 - Cannot read IP mode file for STMicroelectronics.X-CUBE-SUBG2.5.0.0
2025-09-30 09:47:49,750 [WARN] PackLoader:240 - Cannot read IP mode file for STMicroelectronics.X-CUBE-AZRTOS-H7RS.1.1.0
2025-09-30 09:47:49,779 [WARN] PackLoader:240 - Cannot read IP mode file for Cesanta.I-CUBE-Mongoose.7.13.0
2025-09-30 09:47:49,820 [WARN] PackLoader:240 - Cannot read IP mode file for STMicroelectronics.X-CUBE-AZRTOS-G4.2.0.0
2025-09-30 09:47:49,847 [WARN] PackLoader:240 - Cannot read IP mode file for STMicroelectronics.X-CUBE-NFC7.2.0.0
2025-09-30 09:47:49,881 [WARN] PackLoader:240 - Cannot read IP mode file for STMicroelectronics.X-CUBE-ISPU.2.0.0
2025-09-30 09:47:49,925 [WARN] PackLoader:240 - Cannot read IP mode file for STMicroelectronics.X-CUBE-IPS.3.1.0
2025-09-30 09:47:49,956 [WARN] PackLoader:240 - Cannot read IP mode file for STMicroelectronics.X-CUBE-ALS.1.0.2
2025-09-30 09:47:50,022 [WARN] PackLoader:240 - Cannot read IP mode file for STMicroelectronics.X-CUBE-MEMS1.10.0.0
2025-09-30 09:47:50,082 [WARN] PackLoader:240 - Cannot read IP mode file for STMicroelectronics.X-CUBE-TOUCHGFX.4.24.0
2025-09-30 09:47:50,099 [WARN] PackLoader:240 - Cannot read IP mode file for STMicroelectronics.X-CUBE-TOUCHGFX.4.24.1
2025-09-30 09:47:50,121 [WARN] PackLoader:240 - Cannot read IP mode file for STMicroelectronics.X-CUBE-STSE01.1.0.0
2025-09-30 09:47:50,144 [WARN] PackLoader:240 - Cannot read IP mode file for portGmbH.I-Cube-SoM-uGOAL.1.1.0
2025-09-30 09:47:50,180 [WARN] PackLoader:240 - Cannot read IP mode file for STMicroelectronics.X-CUBE-AZRTOS-H7RS.1.0.0
2025-09-30 09:47:50,187 [WARN] PackLoader:240 - Cannot read IP mode file for STMicroelectronics.FP-ATR-ASTRA1.2.0.0
2025-09-30 09:47:50,212 [WARN] PackLoader:240 - Cannot read IP mode file for STMicroelectronics.X-CUBE-TOF1.3.4.2
2025-09-30 09:47:50,239 [WARN] PackLoader:240 - Cannot read IP mode file for STMicroelectronics.X-CUBE-TOF1.3.4.3
2025-09-30 09:47:50,316 [WARN] PackLoader:240 - Cannot read IP mode file for STMicroelectronics.X-CUBE-TOF1.3.4.1
2025-09-30 09:47:50,400 [WARN] PackLoader:240 - Cannot read IP mode file for STMicroelectronics.X-CUBE-AZRTOS-H7.3.2.0
2025-09-30 09:47:50,436 [WARN] PackLoader:240 - Cannot read IP mode file for Infineon.AIROC-Wi-Fi-Bluetooth-STM32.1.6.0
2025-09-30 09:47:50,452 [WARN] PackLoader:240 - Cannot read IP mode file for wolfSSL.I-CUBE-wolfSSH.1.4.17
2025-09-30 09:47:50,453 [INFO] ThirdParty:978 - Integrity check success = true
2025-09-30 09:47:50,453 [INFO] IntegrityCheckThread:100 - exiting critical section [integrity check]
2025-09-30 09:47:50,453 [INFO] IntegrityCheckThread:103 - End integrity checks thread
2025-09-30 09:50:57,223 [ERROR] LogOutputStream:75 - [STDERR_REDIRECT] 
