2025-10-09 01:02:14,476 [ERROR] LogOutputStream:75 - [STDERR_REDIRECT] 
2025-10-09 09:26:14,320 [INFO] Activator:176 - 


2025-10-09 09:26:14,324 [INFO] Activator:177 - !SESSION log4j initialized
2025-10-09 09:26:28,734 [INFO] LogOutputStream:77 - [STDOUT_REDIRECT] 
2025-10-09 09:26:35,590 [INFO] ApplicationProperties:184 - Using Application install path: C:\ST\STM32CubeIDE_1.16.0\STM32CubeIDE\plugins\com.st.stm32cube.common.mx_6.15.0.202507011659
2025-10-09 09:26:35,611 [INFO] DbMcusXml:78 - Set database path to: C:\ST\STM32CubeIDE_1.16.0\STM32CubeIDE\plugins\com.st.stm32cube.common.mx_6.15.0.202507011659\\db\/mcu/
2025-10-09 09:26:35,612 [INFO] ApiDb:274 - Set plugin database path to: C:\ST\STM32CubeIDE_1.16.0\STM32CubeIDE\plugins\com.st.stm32cube.common.mx_6.15.0.202507011659\\db\/plugins/boardmanager/
2025-10-09 09:26:35,612 [WARN] ApiDb:259 - Overriding images path with different value:  => C:\ST\STM32CubeIDE_1.16.0\STM32CubeIDE\plugins\com.st.stm32cube.common.mx_6.15.0.202507011659\\db\/plugins/mcufinder/images/
2025-10-09 09:26:35,621 [INFO] ApiDb:250 - Set database path to: C:\Users\nisha\.stmcufinder\plugins\mcufinder//mcu/
2025-10-09 09:26:35,623 [INFO] DbMcusAds:125 - Set database path to: C:\Users\nisha\.stmcufinder\plugins\mcufinder//mcu/
2025-10-09 09:26:35,625 [INFO] CrossReferenceDbSqlite:203 - Set database path to: C:\Users\nisha\.stmcufinder\plugins\mcufinder//mcu/cs/
2025-10-09 09:26:35,821 [INFO] RulesReader:64 - Compatibility file has been processed (317 Rules)
2025-10-09 09:26:35,931 [INFO] DbMcusXml:78 - Set database path to: C:\ST\STM32CubeIDE_1.16.0\STM32CubeIDE\plugins\com.st.stm32cube.common.mx_6.15.0.202507011659\\db\/mcu/
2025-10-09 09:26:35,932 [INFO] ApiDb:274 - Set plugin database path to: C:\ST\STM32CubeIDE_1.16.0\STM32CubeIDE\plugins\com.st.stm32cube.common.mx_6.15.0.202507011659\\db\/plugins/boardmanager/
2025-10-09 09:26:35,932 [INFO] ApiDb:261 - Set plugin images path to: C:\ST\STM32CubeIDE_1.16.0\STM32CubeIDE\plugins\com.st.stm32cube.common.mx_6.15.0.202507011659\\db\/plugins/mcufinder/images/
2025-10-09 09:26:35,932 [WARN] DbFile:41 - Overriding database path with different value: C:\Users\nisha\.stmcufinder\plugins\mcufinder/ => C:\Users\nisha\.stmcufinder\plugins\mcufinder
2025-10-09 09:26:35,933 [INFO] ApiDb:250 - Set database path to: C:\Users\nisha\.stmcufinder\plugins\mcufinder//mcu/
2025-10-09 09:26:35,933 [WARN] DbFile:41 - Overriding database path with different value: C:\Users\nisha\.stmcufinder\plugins\mcufinder/ => C:\Users\nisha\.stmcufinder\plugins\mcufinder
2025-10-09 09:26:35,933 [INFO] DbMcusAds:125 - Set database path to: C:\Users\nisha\.stmcufinder\plugins\mcufinder//mcu/
2025-10-09 09:26:35,933 [WARN] DbFile:41 - Overriding database path with different value: C:\Users\nisha\.stmcufinder\plugins\mcufinder/ => C:\Users\nisha\.stmcufinder\plugins\mcufinder
2025-10-09 09:26:35,933 [WARN] DbFile:41 - Overriding database path with different value: C:\Users\nisha\.stmcufinder\plugins\mcufinder/ => C:\Users\nisha\.stmcufinder\plugins\mcufinder
2025-10-09 09:26:35,933 [INFO] CrossReferenceDbSqlite:203 - Set database path to: C:\Users\nisha\.stmcufinder\plugins\mcufinder//mcu/cs/
2025-10-09 09:26:36,056 [INFO] MainPanel:274 - HeapMemory: 268435456
2025-10-09 09:26:36,255 [INFO] DbMcusXml:78 - Set database path to: C:\ST\STM32CubeIDE_1.16.0\STM32CubeIDE\plugins\com.st.stm32cube.common.mx_6.15.0.202507011659\\db\/mcu/
2025-10-09 09:26:36,255 [INFO] ApiDb:274 - Set plugin database path to: C:\ST\STM32CubeIDE_1.16.0\STM32CubeIDE\plugins\com.st.stm32cube.common.mx_6.15.0.202507011659\\db\/plugins/boardmanager/
2025-10-09 09:26:36,255 [INFO] ApiDb:261 - Set plugin images path to: C:\ST\STM32CubeIDE_1.16.0\STM32CubeIDE\plugins\com.st.stm32cube.common.mx_6.15.0.202507011659\\db\/plugins/mcufinder/images/
2025-10-09 09:26:36,256 [WARN] DbFile:41 - Overriding database path with different value: C:\Users\nisha\.stmcufinder\plugins\mcufinder/ => C:\Users\nisha\.stmcufinder\plugins\mcufinder
2025-10-09 09:26:36,256 [INFO] ApiDb:250 - Set database path to: C:\Users\nisha\.stmcufinder\plugins\mcufinder//mcu/
2025-10-09 09:26:36,256 [WARN] DbFile:41 - Overriding database path with different value: C:\Users\nisha\.stmcufinder\plugins\mcufinder/ => C:\Users\nisha\.stmcufinder\plugins\mcufinder
2025-10-09 09:26:36,256 [INFO] DbMcusAds:125 - Set database path to: C:\Users\nisha\.stmcufinder\plugins\mcufinder//mcu/
2025-10-09 09:26:36,256 [WARN] DbFile:41 - Overriding database path with different value: C:\Users\nisha\.stmcufinder\plugins\mcufinder/ => C:\Users\nisha\.stmcufinder\plugins\mcufinder
2025-10-09 09:26:36,256 [WARN] DbFile:41 - Overriding database path with different value: C:\Users\nisha\.stmcufinder\plugins\mcufinder/ => C:\Users\nisha\.stmcufinder\plugins\mcufinder
2025-10-09 09:26:36,256 [INFO] CrossReferenceDbSqlite:203 - Set database path to: C:\Users\nisha\.stmcufinder\plugins\mcufinder//mcu/cs/
2025-10-09 09:26:36,281 [INFO] ApplicationProperties:184 - Using Application install path: C:\ST\STM32CubeIDE_1.16.0\STM32CubeIDE\plugins\com.st.stm32cube.common.mx_6.15.0.202507011659
2025-10-09 09:26:36,282 [INFO] PluginManage:196 - Search for loadable plugins [exclusion list=, ]
2025-10-09 09:26:36,284 [INFO] PluginManage:310 - Check plugin analytics
2025-10-09 09:26:36,579 [INFO] AnalyticsPlugin:253 - Accepted Software Licenses: 
2025-10-09 09:26:36,579 [INFO] AnalyticsPlugin:255 - Accepted CMSIS Pack Licenses: 
2025-10-09 09:26:36,580 [INFO] AnalyticsPlugin:257 - Accepted Firmware Licenses: FW.F4.1.28.0
2025-10-09 09:26:36,590 [INFO] PluginManage:359 - Loaded plugin analytics (category:tool,tabindex:-1)
2025-10-09 09:26:36,591 [INFO] PluginManage:310 - Check plugin cadmodel
2025-10-09 09:26:36,654 [INFO] CADModel:105 - Init CAD model plugin
2025-10-09 09:26:36,654 [INFO] PluginManage:359 - Loaded plugin cadmodel (category:power,tabindex:5)
2025-10-09 09:26:36,655 [INFO] PluginManage:310 - Check plugin clock
2025-10-09 09:26:36,693 [INFO] PluginManage:359 - Loaded plugin clock (category:base,tabindex:2)
2025-10-09 09:26:36,693 [INFO] PluginManage:310 - Check plugin ddr
2025-10-09 09:26:36,698 [INFO] PluginManage:359 - Loaded plugin ddr (category:tool,tabindex:6)
2025-10-09 09:26:36,698 [INFO] PluginManage:310 - Check plugin filemanager
2025-10-09 09:26:36,904 [INFO] PluginManage:359 - Loaded plugin filemanager (category:base,tabindex:10)
2025-10-09 09:26:36,904 [INFO] PluginManage:310 - Check plugin ipmanager
2025-10-09 09:26:36,913 [INFO] PluginManage:359 - Loaded plugin ipmanager (category:base,tabindex:5)
2025-10-09 09:26:36,914 [INFO] PluginManage:310 - Check plugin lpbam
2025-10-09 09:26:36,948 [INFO] PluginManage:359 - Loaded plugin lpbam (category:base,tabindex:0)
2025-10-09 09:26:36,949 [INFO] PluginManage:310 - Check plugin memorymap
2025-10-09 09:26:36,992 [INFO] PluginManage:359 - Loaded plugin memorymap (category:base,tabindex:4)
2025-10-09 09:26:36,992 [INFO] PluginManage:310 - Check plugin pinoutandconfiguration
2025-10-09 09:26:37,028 [INFO] PluginManage:359 - Loaded plugin pinoutandconfiguration (category:base,tabindex:1)
2025-10-09 09:26:37,028 [INFO] PluginManage:310 - Check plugin pinoutconfig
2025-10-09 09:26:37,145 [WARN] SupportedApi:132 - Cannot load RTOS API schema: s4s-elt-must-match.1: The content of 'definitions' must match (annotation?, (simpleType | complexType)?, (unique | key | keyref)*)). A problem was found starting at: attribute.
2025-10-09 09:26:37,330 [INFO] PluginManage:359 - Loaded plugin pinoutconfig (category:base,tabindex:0)
2025-10-09 09:26:37,332 [INFO] PluginManage:310 - Check plugin power
2025-10-09 09:26:37,361 [INFO] PluginManage:359 - Loaded plugin power (category:power,tabindex:4)
2025-10-09 09:26:37,361 [INFO] PluginManage:310 - Check plugin projectmanager
2025-10-09 09:26:37,382 [INFO] PluginManage:359 - Loaded plugin projectmanager (category:projectmanager,tabindex:4)
2025-10-09 09:26:37,382 [INFO] PluginManage:310 - Check plugin rif
2025-10-09 09:26:37,415 [INFO] PluginManage:359 - Loaded plugin rif (category:base,tabindex:3)
2025-10-09 09:26:37,415 [INFO] PluginManage:310 - Check plugin thirdparty
2025-10-09 09:26:37,981 [INFO] PluginManage:359 - Loaded plugin thirdparty (category:base,tabindex:-1)
2025-10-09 09:26:37,981 [INFO] PluginManage:310 - Check plugin tools
2025-10-09 09:26:37,980 [WARN] IntegrityCheckThread:84 - waiting for thirdparty lock release [integrity check]
2025-10-09 09:26:37,981 [INFO] IntegrityCheckThread:86 - entering critical section [integrity check]
2025-10-09 09:26:37,982 [INFO] ThirdPartyUpdaterWithRetryManager:70 - Updater plugin not ready yet. [1/15]
2025-10-09 09:26:38,079 [INFO] PluginManage:359 - Loaded plugin tools (category:base,tabindex:7)
2025-10-09 09:26:38,079 [INFO] PluginManage:310 - Check plugin tutovideos
2025-10-09 09:26:38,379 [INFO] PluginManage:359 - Loaded plugin tutovideos (category:base,tabindex:-1)
2025-10-09 09:26:38,380 [INFO] PluginManage:310 - Check plugin updater
2025-10-09 09:26:38,407 [INFO] PluginManage:359 - Loaded plugin updater (category:base,tabindex:12)
2025-10-09 09:26:38,407 [INFO] PluginManage:310 - Check plugin userauth
2025-10-09 09:26:38,412 [INFO] UserAuth:118 - Init User Auth plugin
2025-10-09 09:26:38,413 [INFO] PluginManage:359 - Loaded plugin userauth (category:base,tabindex:14)
2025-10-09 09:26:38,414 [INFO] PluginManage:283 - PluginManage : Loaded plugins [18]
2025-10-09 09:26:38,803 [INFO] PinOutPanel:1589 - setPackage(No Configuration,No Configuration)
2025-10-09 09:26:39,000 [INFO] CADModel:165 - CPN selected for project level
2025-10-09 09:26:39,001 [INFO] CADModel:114 - Register for checkConnection events
2025-10-09 09:26:39,061 [INFO] IPUIPlugin:80 - create IPUIPlugin
2025-10-09 09:26:39,062 [INFO] PluginManager:220 - loadIPPluginJar : add adc
2025-10-09 09:26:39,178 [INFO] IPUIPlugin:80 - create IPUIPlugin
2025-10-09 09:26:39,179 [INFO] PluginManager:220 - loadIPPluginJar : add aes
2025-10-09 09:26:39,291 [INFO] IPUIPlugin:80 - create IPUIPlugin
2025-10-09 09:26:39,292 [INFO] PluginManager:220 - loadIPPluginJar : add can
2025-10-09 09:26:39,364 [INFO] IPUIPlugin:80 - create IPUIPlugin
2025-10-09 09:26:39,364 [INFO] PluginManager:220 - loadIPPluginJar : add comp
2025-10-09 09:26:39,441 [INFO] IPUIPlugin:80 - create IPUIPlugin
2025-10-09 09:26:39,441 [INFO] PluginManager:220 - loadIPPluginJar : add cryp
2025-10-09 09:26:39,472 [INFO] IPUIPlugin:80 - create IPUIPlugin
2025-10-09 09:26:39,472 [INFO] PluginManager:220 - loadIPPluginJar : add ddr_ctrl_phy
2025-10-09 09:26:39,558 [INFO] IPUIPlugin:80 - create IPUIPlugin
2025-10-09 09:26:39,558 [INFO] PluginManager:220 - loadIPPluginJar : add dfsdm
2025-10-09 09:26:39,591 [INFO] IPUIPlugin:80 - create IPUIPlugin
2025-10-09 09:26:39,592 [INFO] PluginManager:220 - loadIPPluginJar : add dma
2025-10-09 09:26:39,700 [INFO] IPUIPlugin:80 - create IPUIPlugin
2025-10-09 09:26:39,700 [INFO] PluginManager:220 - loadIPPluginJar : add dma3
2025-10-09 09:26:39,820 [INFO] IPUIPlugin:80 - create IPUIPlugin
2025-10-09 09:26:39,820 [INFO] PluginManager:220 - loadIPPluginJar : add extmemmanager
2025-10-09 09:26:39,877 [INFO] IPUIPlugin:80 - create IPUIPlugin
2025-10-09 09:26:39,878 [INFO] PluginManager:220 - loadIPPluginJar : add fatfs
2025-10-09 09:26:40,004 [INFO] IPUIPlugin:80 - create IPUIPlugin
2025-10-09 09:26:40,005 [INFO] PluginManager:220 - loadIPPluginJar : add fmc
2025-10-09 09:26:40,043 [INFO] IPUIPlugin:80 - create IPUIPlugin
2025-10-09 09:26:40,043 [INFO] PluginManager:220 - loadIPPluginJar : add freertos
2025-10-09 09:26:40,077 [INFO] IPUIPlugin:80 - create IPUIPlugin
2025-10-09 09:26:40,077 [INFO] PluginManager:220 - loadIPPluginJar : add genericplugin
2025-10-09 09:26:40,323 [INFO] IPUIPlugin:80 - create IPUIPlugin
2025-10-09 09:26:40,324 [INFO] PluginManager:220 - loadIPPluginJar : add gfxmmu
2025-10-09 09:26:40,667 [INFO] IPUIPlugin:80 - create IPUIPlugin
2025-10-09 09:26:40,667 [INFO] PluginManager:220 - loadIPPluginJar : add gic
2025-10-09 09:26:40,697 [INFO] IPUIPlugin:80 - create IPUIPlugin
2025-10-09 09:26:40,698 [INFO] PluginManager:220 - loadIPPluginJar : add gpio
2025-10-09 09:26:40,943 [INFO] IPUIPlugin:80 - create IPUIPlugin
2025-10-09 09:26:40,943 [INFO] PluginManager:220 - loadIPPluginJar : add gtzc
2025-10-09 09:26:40,984 [INFO] ThirdPartyUpdaterWithRetryManager:70 - Updater plugin not ready yet. [2/15]
2025-10-09 09:26:41,039 [INFO] IPUIPlugin:80 - create IPUIPlugin
2025-10-09 09:26:41,040 [INFO] PluginManager:220 - loadIPPluginJar : add hash
2025-10-09 09:26:41,182 [INFO] IPUIPlugin:80 - create IPUIPlugin
2025-10-09 09:26:41,183 [INFO] PluginManager:220 - loadIPPluginJar : add i2c
2025-10-09 09:26:41,288 [INFO] IPUIPlugin:80 - create IPUIPlugin
2025-10-09 09:26:41,288 [INFO] PluginManager:220 - loadIPPluginJar : add i2s
2025-10-09 09:26:41,398 [INFO] IPUIPlugin:80 - create IPUIPlugin
2025-10-09 09:26:41,398 [INFO] PluginManager:220 - loadIPPluginJar : add i3c
2025-10-09 09:26:41,657 [INFO] IPUIPlugin:80 - create IPUIPlugin
2025-10-09 09:26:41,658 [INFO] PluginManager:220 - loadIPPluginJar : add ipddr
2025-10-09 09:26:41,901 [INFO] IPUIPlugin:80 - create IPUIPlugin
2025-10-09 09:26:41,901 [INFO] PluginManager:220 - loadIPPluginJar : add linkedlist
2025-10-09 09:26:42,004 [INFO] IPUIPlugin:80 - create IPUIPlugin
2025-10-09 09:26:42,005 [INFO] PluginManager:220 - loadIPPluginJar : add lorawan
2025-10-09 09:26:42,106 [INFO] IPUIPlugin:80 - create IPUIPlugin
2025-10-09 09:26:42,107 [INFO] PluginManager:220 - loadIPPluginJar : add ltdc
2025-10-09 09:26:42,140 [INFO] IPUIPlugin:80 - create IPUIPlugin
2025-10-09 09:26:42,140 [INFO] PluginManager:220 - loadIPPluginJar : add mdma
2025-10-09 09:26:42,171 [INFO] IPUIPlugin:80 - create IPUIPlugin
2025-10-09 09:26:42,171 [INFO] PluginManager:220 - loadIPPluginJar : add nvic
2025-10-09 09:26:42,275 [INFO] IPUIPlugin:80 - create IPUIPlugin
2025-10-09 09:26:42,275 [INFO] PluginManager:220 - loadIPPluginJar : add opamp
2025-10-09 09:26:42,445 [INFO] IPUIPlugin:80 - create IPUIPlugin
2025-10-09 09:26:42,445 [INFO] PluginManager:220 - loadIPPluginJar : add openamp
2025-10-09 09:26:42,574 [INFO] IPUIPlugin:80 - create IPUIPlugin
2025-10-09 09:26:42,574 [INFO] PluginManager:220 - loadIPPluginJar : add pdm2pcm
2025-10-09 09:26:42,609 [INFO] IPUIPlugin:80 - create IPUIPlugin
2025-10-09 09:26:42,613 [INFO] PluginManager:220 - loadIPPluginJar : add plateformsettings
2025-10-09 09:26:42,680 [INFO] IPUIPlugin:80 - create IPUIPlugin
2025-10-09 09:26:42,680 [INFO] PluginManager:220 - loadIPPluginJar : add quadspi
2025-10-09 09:26:42,757 [INFO] IPUIPlugin:80 - create IPUIPlugin
2025-10-09 09:26:42,759 [INFO] PluginManager:220 - loadIPPluginJar : add radio
2025-10-09 09:26:42,791 [INFO] IPUIPlugin:80 - create IPUIPlugin
2025-10-09 09:26:42,792 [INFO] PluginManager:220 - loadIPPluginJar : add resmgrutility
2025-10-09 09:26:42,917 [INFO] IPUIPlugin:80 - create IPUIPlugin
2025-10-09 09:26:42,917 [INFO] PluginManager:220 - loadIPPluginJar : add sai
2025-10-09 09:26:43,053 [INFO] IPUIPlugin:80 - create IPUIPlugin
2025-10-09 09:26:43,053 [INFO] PluginManager:220 - loadIPPluginJar : add spi
2025-10-09 09:26:43,304 [INFO] IPUIPlugin:80 - create IPUIPlugin
2025-10-09 09:26:43,305 [INFO] PluginManager:220 - loadIPPluginJar : add stm32_wpan
2025-10-09 09:26:43,374 [INFO] IPUIPlugin:80 - create IPUIPlugin
2025-10-09 09:26:43,374 [INFO] PluginManager:220 - loadIPPluginJar : add tim
2025-10-09 09:26:43,556 [INFO] IPUIPlugin:80 - create IPUIPlugin
2025-10-09 09:26:43,557 [INFO] PluginManager:220 - loadIPPluginJar : add touchsensing
2025-10-09 09:26:43,641 [INFO] IPUIPlugin:80 - create IPUIPlugin
2025-10-09 09:26:43,641 [INFO] PluginManager:220 - loadIPPluginJar : add tracer_emb
2025-10-09 09:26:43,712 [INFO] IPUIPlugin:80 - create IPUIPlugin
2025-10-09 09:26:43,712 [INFO] PluginManager:220 - loadIPPluginJar : add ts
2025-10-09 09:26:43,779 [INFO] IPUIPlugin:80 - create IPUIPlugin
2025-10-09 09:26:43,779 [INFO] PluginManager:220 - loadIPPluginJar : add tsc
2025-10-09 09:26:43,875 [INFO] IPUIPlugin:80 - create IPUIPlugin
2025-10-09 09:26:43,876 [INFO] PluginManager:220 - loadIPPluginJar : add ucpd
2025-10-09 09:26:43,986 [INFO] ThirdPartyUpdaterWithRetryManager:70 - Updater plugin not ready yet. [3/15]
2025-10-09 09:26:44,004 [INFO] IPUIPlugin:80 - create IPUIPlugin
2025-10-09 09:26:44,004 [INFO] PluginManager:220 - loadIPPluginJar : add usart
2025-10-09 09:26:44,125 [INFO] IPUIPlugin:80 - create IPUIPlugin
2025-10-09 09:26:44,125 [INFO] PluginManager:220 - loadIPPluginJar : add usbx
2025-10-09 09:26:44,324 [FATAL] Updater:351 - Updater called before beeing initialized
2025-10-09 09:26:44,398 [INFO] RulesReader:64 - Compatibility file has been processed (317 Rules)
2025-10-09 09:26:44,463 [INFO] RulesReader:64 - Compatibility file has been processed (317 Rules)
2025-10-09 09:26:44,494 [INFO] CADModel:165 - CPN selected for project level
2025-10-09 09:26:44,495 [INFO] CADModel:114 - Register for checkConnection events
2025-10-09 09:26:44,495 [FATAL] Updater:351 - Updater called before beeing initialized
2025-10-09 09:26:44,495 [ERROR] CADModel:125 - Updater not yet initialized, retry later 
2025-10-09 09:26:44,943 [FATAL] Updater:351 - Updater called before beeing initialized
2025-10-09 09:26:44,948 [INFO] CADModel:165 - CPN selected for project level
2025-10-09 09:26:44,948 [INFO] CADModel:114 - Register for checkConnection events
2025-10-09 09:26:44,948 [FATAL] Updater:351 - Updater called before beeing initialized
2025-10-09 09:26:44,948 [ERROR] CADModel:125 - Updater not yet initialized, retry later 
2025-10-09 09:26:44,955 [FATAL] Updater:351 - Updater called before beeing initialized
2025-10-09 09:26:45,267 [FATAL] Updater:351 - Updater called before beeing initialized
2025-10-09 09:26:45,291 [INFO] DbMcusAds:53 - JSON generation date=Tue Jul 08 13:44:27 IST 2025 (1751962467633)
2025-10-09 09:26:45,291 [FATAL] Updater:351 - Updater called before beeing initialized
2025-10-09 09:26:45,402 [WARN] DetailPanel:346 - Failed to get advertising image, set to default
2025-10-09 09:26:45,597 [FATAL] Updater:351 - Updater called before beeing initialized
2025-10-09 09:26:45,600 [FATAL] Updater:351 - Updater called before beeing initialized
2025-10-09 09:26:45,601 [FATAL] Updater:351 - Updater called before beeing initialized
2025-10-09 09:26:45,601 [WARN] DetailPanel:346 - Failed to get advertising image, set to default
2025-10-09 09:26:45,602 [FATAL] Updater:351 - Updater called before beeing initialized
2025-10-09 09:26:45,728 [ERROR] Updater:1198 - MainUpdater not yet initialized. External WinMGr cannot be set.
2025-10-09 09:26:45,754 [INFO] Updater:1134 - Updater Version found : 6.15.0
2025-10-09 09:26:45,793 [INFO] ApplicationProperties:184 - Using Application install path: C:\ST\STM32CubeIDE_1.16.0\STM32CubeIDE\plugins\com.st.stm32cube.common.mx_6.15.0.202507011659
2025-10-09 09:26:46,988 [INFO] ThirdPartyUpdaterWithRetryManager:70 - Updater plugin not ready yet. [4/15]
2025-10-09 09:26:47,401 [ERROR] LogOutputStream:75 - [STDERR_REDIRECT] Oct 09, 2025 9:26:47 AM java.util.prefs.WindowsPreferences <init>
2025-10-09 09:26:47,403 [ERROR] LogOutputStream:75 - [STDERR_REDIRECT] WARNING: Could not open/create prefs root node Software\JavaSoft\Prefs at root 0xffffffff80000002. Windows RegCreateKeyEx(...) returned error code 5.
2025-10-09 09:26:47,403 [ERROR] LogOutputStream:75 - [STDERR_REDIRECT] 
2025-10-09 09:26:48,780 [INFO] MainUpdater:2872 - connection check result : 10
2025-10-09 09:26:48,781 [INFO] MainUpdater:289 - Updater Check For Update Now.
2025-10-09 09:26:48,782 [INFO] MicroXplorer:498 - Change Database Version : DB.6.0.150
2025-10-09 09:26:48,841 [INFO] McuFinderGlobals:63 - Set McuFinder mode to 2 (CubeIDE integrated)
2025-10-09 09:26:48,865 [INFO] UserAuth:487 - Internet connection configuration mode: 1
2025-10-09 09:26:48,987 [INFO] JxBrowserEngine:152 - Initiate JxBrowser Engine with user profile folder
2025-10-09 09:26:49,210 [INFO] CheckServerUpdateThread:120 - End of CheckServer Thread
2025-10-09 09:26:50,789 [WARN] PackLoader:240 - Cannot read IP mode file for STMicroelectronics.FP-SNS-MOTENVWB1.1.4.0
2025-10-09 09:26:50,828 [WARN] PackLoader:240 - Cannot read IP mode file for STMicroelectronics.X-CUBE-SMBUS.2.1.0
2025-10-09 09:26:50,898 [WARN] PackLoader:240 - Cannot read IP mode file for STMicroelectronics.X-CUBE-WB05N.1.1.0
2025-10-09 09:26:50,933 [WARN] PackLoader:240 - Cannot read IP mode file for STMicroelectronics.X-CUBE-ST60.1.0.0
2025-10-09 09:26:51,023 [WARN] PackLoader:240 - Cannot read IP mode file for STMicroelectronics.X-CUBE-AZRTOS-F7.1.1.0
2025-10-09 09:26:51,216 [WARN] PackLoader:240 - Cannot read IP mode file for STMicroelectronics.X-CUBE-MEMS1.11.0.0
2025-10-09 09:26:51,650 [WARN] PackLoader:240 - Cannot read IP mode file for STMicroelectronics.FP-SNS-FLIGHT1.5.0.2
2025-10-09 09:26:51,733 [WARN] PackLoader:240 - Cannot read IP mode file for STMicroelectronics.X-CUBE-AZRTOS-H7.3.4.0
2025-10-09 09:26:51,789 [WARN] PackLoader:240 - Cannot read IP mode file for STMicroelectronics.X-CUBE-DISPLAY.3.0.0
2025-10-09 09:26:51,822 [WARN] PackLoader:240 - Cannot read IP mode file for STMicroelectronics.X-CUBE-BLE1.7.0.0
2025-10-09 09:26:51,861 [WARN] PackLoader:240 - Cannot read IP mode file for STMicroelectronics.X-CUBE-NFC10.1.0.0
2025-10-09 09:26:51,913 [WARN] PackLoader:240 - Cannot read IP mode file for STMicroelectronics.X-CUBE-BLEMGR.4.0.0
2025-10-09 09:26:51,952 [WARN] PackLoader:240 - Cannot read IP mode file for emotas.I-CUBE-CANOPEN.1.3.0
2025-10-09 09:26:51,990 [WARN] PackLoader:240 - Cannot read IP mode file for STMicroelectronics.X-CUBE-BLEMGR.3.1.0
2025-10-09 09:26:52,040 [WARN] PackLoader:240 - Cannot read IP mode file for STMicroelectronics.FP-SNS-STBOX1.2.1.0
2025-10-09 09:26:52,079 [WARN] PackLoader:240 - Cannot read IP mode file for STMicroelectronics.FP-SNS-SMARTAG2.1.2.0
2025-10-09 09:26:52,113 [WARN] PackLoader:240 - Cannot read IP mode file for STMicroelectronics.FP-SNS-FLIGHT1.5.1.0
2025-10-09 09:26:52,161 [INFO] LogOutputStream:77 - [STDOUT_REDIRECT] 1 : Invalid condition id : UX_CORESTACK_Condition cause : null
2025-10-09 09:26:52,165 [INFO] LogOutputStream:77 - [STDOUT_REDIRECT] 1 : Invalid condition id : UX_CORESTACK_Condition cause : null
2025-10-09 09:26:52,170 [INFO] LogOutputStream:77 - [STDOUT_REDIRECT] 1 : Invalid condition id : UX_CORESTACK_Condition cause : null
2025-10-09 09:26:52,175 [INFO] LogOutputStream:77 - [STDOUT_REDIRECT] 1 : Invalid condition id : UX_CORESTACK_Condition cause : null
2025-10-09 09:26:52,179 [INFO] LogOutputStream:77 - [STDOUT_REDIRECT] 1 : Invalid condition id : UX_CORESTACK_Condition cause : null
2025-10-09 09:26:52,184 [WARN] PackLoader:240 - Cannot read IP mode file for STMicroelectronics.X-CUBE-AZRTOS-WL.2.0.0
2025-10-09 09:26:52,229 [WARN] PackLoader:240 - Cannot read IP mode file for STMicroelectronics.FP-SNS-MOTENV1.5.0.0
2025-10-09 09:26:52,291 [WARN] PackLoader:240 - Cannot read IP mode file for wolfSSL.I-CUBE-wolfMQTT.1.19.0
2025-10-09 09:26:52,426 [WARN] PackLoader:240 - Cannot read IP mode file for WES.I-CUBE-Cesium.1.3.0
2025-10-09 09:26:52,515 [WARN] PackLoader:240 - Cannot read IP mode file for STMicroelectronics.X-CUBE-BLE2.3.3.0
2025-10-09 09:26:52,613 [WARN] PackLoader:240 - Cannot read IP mode file for STMicroelectronics.X-CUBE-NFC9.1.0.0
2025-10-09 09:26:52,660 [WARN] PackLoader:240 - Cannot read IP mode file for STMicroelectronics.X-CUBE-BLE1.7.1.0
2025-10-09 09:26:52,737 [WARN] PackLoader:240 - Cannot read IP mode file for STMicroelectronics.X-CUBE-TCPP.4.1.0
2025-10-09 09:26:52,854 [WARN] PackLoader:240 - Cannot read IP mode file for STMicroelectronics.X-CUBE-EEPRMA1.5.2.0
2025-10-09 09:26:52,938 [WARN] PackLoader:240 - Cannot read IP mode file for STMicroelectronics.X-CUBE-AI.10.1.0
2025-10-09 09:26:53,103 [WARN] PackLoader:240 - Cannot read IP mode file for STMicroelectronics.X-CUBE-AZRTOS-G0.1.1.0
2025-10-09 09:26:53,199 [WARN] PackLoader:240 - Cannot read IP mode file for STMicroelectronics.X-CUBE-SAFEA1.1.2.2
2025-10-09 09:26:53,253 [WARN] PackLoader:240 - Cannot read IP mode file for STMicroelectronics.X-CUBE-NFC4.3.0.0
2025-10-09 09:26:53,345 [WARN] PackLoader:240 - Cannot read IP mode file for EmbeddedOffice.I-CUBE-FS-RTOS.1.0.1
2025-10-09 09:26:53,460 [WARN] PackLoader:240 - Cannot read IP mode file for STMicroelectronics.X-CUBE-WB05N.2.0.0
2025-10-09 09:26:53,499 [WARN] PackLoader:240 - Cannot read IP mode file for STMicroelectronics.X-CUBE-TCPP.4.2.0
2025-10-09 09:26:53,576 [WARN] PackLoader:240 - Cannot read IP mode file for RealThread.X-CUBE-RT-Thread_Nano.4.1.1
2025-10-09 09:26:53,654 [WARN] PackLoader:240 - Cannot read IP mode file for wolfSSL.I-CUBE-wolfSSL.5.7.0
2025-10-09 09:26:53,698 [WARN] PackLoader:240 - Cannot read IP mode file for STMicroelectronics.FP-ATR-SIGFOX1.3.2.0
2025-10-09 09:26:53,742 [WARN] ConditionMgr:438 - getConditionDescription Invalid condition id : Cortex-A Device cause : null
2025-10-09 09:26:53,809 [WARN] ConditionMgr:1044 - genDependencies : Invalid condition id : Cortex-A Device cause : null
2025-10-09 09:26:53,809 [WARN] ConditionMgr:1044 - genDependencies : Invalid condition id : Cortex-A Device cause : null
2025-10-09 09:26:53,810 [WARN] ConditionMgr:1044 - genDependencies : Invalid condition id : Cortex-A Device cause : null
2025-10-09 09:26:53,848 [WARN] PackLoader:240 - Cannot read IP mode file for STMicroelectronics.X-CUBE-EEPRMA1.5.1.0
2025-10-09 09:26:53,891 [WARN] PackLoader:240 - Cannot read IP mode file for ITTIA_DB.I-CUBE-ITTIADB.8.9.0
2025-10-09 09:26:53,939 [WARN] PackLoader:240 - Cannot read IP mode file for STMicroelectronics.X-CUBE-ST67W61.1.0.0
2025-10-09 09:26:53,975 [WARN] PackLoader:240 - Cannot read IP mode file for STMicroelectronics.X-CUBE-AI.10.2.0
2025-10-09 09:26:54,061 [WARN] PackLoader:240 - Cannot read IP mode file for SEGGER.I-CUBE-embOS.1.3.1
2025-10-09 09:26:54,160 [WARN] PackLoader:240 - Cannot read IP mode file for STMicroelectronics.X-CUBE-ALGOBUILD.1.4.0
2025-10-09 09:26:54,284 [WARN] PackLoader:240 - Cannot read IP mode file for STMicroelectronics.X-CUBE-MEMS1.11.3.0
2025-10-09 09:26:54,508 [WARN] PackLoader:240 - Cannot read IP mode file for STMicroelectronics.X-CUBE-AI.9.1.0
2025-10-09 09:26:54,549 [WARN] PackLoader:240 - Cannot read IP mode file for STMicroelectronics.X-CUBE-PM33A1.1.0.0
2025-10-09 09:26:54,595 [WARN] PackLoader:240 - Cannot read IP mode file for STMicroelectronics.X-CUBE-GNSS1.6.0.0
2025-10-09 09:26:54,681 [WARN] PackLoader:240 - Cannot read IP mode file for STMicroelectronics.X-CUBE-AZRTOS-F4.1.1.0
2025-10-09 09:26:54,727 [WARN] PackLoader:240 - Cannot read IP mode file for Avnet-IotConnect.X-CUBE-IoTC-DA16k-PMOD.1.0.0
2025-10-09 09:26:54,762 [WARN] PackLoader:240 - Cannot read IP mode file for STMicroelectronics.X-CUBE-ISPU.2.1.0
2025-10-09 09:26:54,803 [WARN] PackLoader:240 - Cannot read IP mode file for STMicroelectronics.X-CUBE-FREERTOS.1.2.0
2025-10-09 09:26:54,846 [WARN] PackLoader:240 - Cannot read IP mode file for STMicroelectronics.X-CUBE-NFC12.1.0.0
2025-10-09 09:26:54,911 [WARN] PackLoader:240 - Cannot read IP mode file for STMicroelectronics.X-CUBE-AZRTOS-L5.2.0.0
2025-10-09 09:26:54,946 [WARN] PackLoader:240 - Cannot read IP mode file for STMicroelectronics.X-CUBE-NFC6.3.1.0
2025-10-09 09:26:54,987 [WARN] PackLoader:240 - Cannot read IP mode file for STMicroelectronics.X-CUBE-DPower.1.2.0
2025-10-09 09:26:55,020 [WARN] PackLoader:240 - Cannot read IP mode file for STMicroelectronics.X-CUBE-AI.9.0.0
2025-10-09 09:26:55,055 [WARN] PackLoader:240 - Cannot read IP mode file for STMicroelectronics.X-CUBE-FREERTOS.1.3.1
2025-10-09 09:26:55,096 [WARN] PackLoader:240 - Cannot read IP mode file for STMicroelectronics.X-CUBE-NFC7.1.0.1
2025-10-09 09:26:55,163 [WARN] PackLoader:240 - Cannot read IP mode file for wolfSSL.I-CUBE-wolfTPM.3.2.0
2025-10-09 09:26:55,211 [WARN] PackLoader:240 - Cannot read IP mode file for STMicroelectronics.X-CUBE-TOUCHGFX.4.26.0
2025-10-09 09:26:55,249 [WARN] PackLoader:240 - Cannot read IP mode file for STMicroelectronics.FP-SNS-STAIOTCFT.1.0.0
2025-10-09 09:26:55,286 [WARN] PackLoader:240 - Cannot read IP mode file for STMicroelectronics.X-CUBE-DPower.1.3.0
2025-10-09 09:26:55,361 [WARN] ConditionMgr:438 - getConditionDescription Invalid condition id : LAN8742 Phy interface Condition cause : null
2025-10-09 09:26:55,362 [WARN] PackLoader:240 - Cannot read IP mode file for STMicroelectronics.X-CUBE-AZRTOS-L4.2.0.0
2025-10-09 09:26:55,364 [WARN] ConditionMgr:1044 - genDependencies : Invalid condition id : LAN8742 Phy interface Condition cause : null
2025-10-09 09:26:55,364 [WARN] ConditionMgr:1044 - genDependencies : Invalid condition id : LAN8742 Phy interface Condition cause : null
2025-10-09 09:26:55,365 [WARN] ConditionMgr:1044 - genDependencies : Invalid condition id : LAN8742 Phy interface Condition cause : null
2025-10-09 09:26:55,422 [WARN] PackLoader:240 - Cannot read IP mode file for STMicroelectronics.X-CUBE-SFXS2LP1.4.0.0
2025-10-09 09:26:55,486 [WARN] PackLoader:240 - Cannot read IP mode file for STMicroelectronics.X-CUBE-AZRTOS-H7.3.3.0
2025-10-09 09:26:55,527 [WARN] PackLoader:240 - Cannot read IP mode file for STMicroelectronics.X-CUBE-BLEMGR.4.1.0
2025-10-09 09:26:55,579 [WARN] PackLoader:240 - Cannot read IP mode file for STMicroelectronics.X-CUBE-IPS.3.0.0
2025-10-09 09:26:55,654 [WARN] ConditionMgr:438 - getConditionDescription Invalid condition id : UX DEVICE CLASS RTOS Condition cause : null
2025-10-09 09:26:55,654 [WARN] ConditionMgr:438 - getConditionDescription Invalid condition id : UX DEVICE CLASS RTOS Condition cause : null
2025-10-09 09:26:55,658 [WARN] PackLoader:240 - Cannot read IP mode file for STMicroelectronics.X-CUBE-AZRTOS-WB.2.0.0
2025-10-09 09:26:55,659 [WARN] ConditionMgr:1044 - genDependencies : Invalid condition id : UX DEVICE CLASS RTOS Condition cause : null
2025-10-09 09:26:55,660 [WARN] ConditionMgr:1044 - genDependencies : Invalid condition id : UX DEVICE CLASS RTOS Condition cause : null
2025-10-09 09:26:55,660 [WARN] ConditionMgr:1044 - genDependencies : Invalid condition id : UX DEVICE CLASS RTOS Condition cause : null
2025-10-09 09:26:55,661 [WARN] ConditionMgr:1044 - genDependencies : Invalid condition id : UX DEVICE CLASS RTOS Condition cause : null
2025-10-09 09:26:55,661 [WARN] ConditionMgr:1044 - genDependencies : Invalid condition id : UX DEVICE CLASS RTOS Condition cause : null
2025-10-09 09:26:55,706 [WARN] PackLoader:240 - Cannot read IP mode file for STMicroelectronics.X-CUBE-GNSS1.7.0.0
2025-10-09 09:26:55,761 [WARN] PackLoader:240 - Cannot read IP mode file for STMicroelectronics.X-CUBE-GNSS1.7.0.1
2025-10-09 09:26:55,797 [WARN] PackLoader:240 - Cannot read IP mode file for STMicroelectronics.X-CUBE-TOUCHGFX.4.25.0
2025-10-09 09:26:55,833 [WARN] PackLoader:240 - Cannot read IP mode file for STMicroelectronics.FP-SNS-STBOX1.2.0.0
2025-10-09 09:26:55,881 [WARN] PackLoader:240 - Cannot read IP mode file for STMicroelectronics.X-CUBE-SUBG2.5.0.0
2025-10-09 09:26:55,961 [WARN] PackLoader:240 - Cannot read IP mode file for STMicroelectronics.X-CUBE-AZRTOS-H7RS.1.1.0
2025-10-09 09:26:56,006 [WARN] PackLoader:240 - Cannot read IP mode file for Cesanta.I-CUBE-Mongoose.7.13.0
2025-10-09 09:26:56,033 [INFO] WebApp:169 - Instantiating new browser for Auth
2025-10-09 09:26:56,065 [WARN] PackLoader:240 - Cannot read IP mode file for STMicroelectronics.X-CUBE-AZRTOS-G4.2.0.0
2025-10-09 09:26:56,099 [WARN] PackLoader:240 - Cannot read IP mode file for STMicroelectronics.X-CUBE-NFC7.2.0.0
2025-10-09 09:26:56,152 [WARN] PackLoader:240 - Cannot read IP mode file for STMicroelectronics.X-CUBE-ISPU.2.0.0
2025-10-09 09:26:56,220 [WARN] PackLoader:240 - Cannot read IP mode file for STMicroelectronics.X-CUBE-IPS.3.1.0
2025-10-09 09:26:56,283 [WARN] PackLoader:240 - Cannot read IP mode file for STMicroelectronics.X-CUBE-ALS.1.0.2
2025-10-09 09:26:56,496 [WARN] PackLoader:240 - Cannot read IP mode file for STMicroelectronics.X-CUBE-MEMS1.10.0.0
2025-10-09 09:26:56,822 [WARN] PackLoader:240 - Cannot read IP mode file for STMicroelectronics.X-CUBE-TOUCHGFX.4.24.0
2025-10-09 09:26:56,872 [WARN] PackLoader:240 - Cannot read IP mode file for STMicroelectronics.X-CUBE-TOUCHGFX.4.24.1
2025-10-09 09:26:56,915 [WARN] PackLoader:240 - Cannot read IP mode file for STMicroelectronics.X-CUBE-STSE01.1.0.0
2025-10-09 09:26:56,961 [WARN] PackLoader:240 - Cannot read IP mode file for portGmbH.I-Cube-SoM-uGOAL.1.1.0
2025-10-09 09:26:57,051 [WARN] PackLoader:240 - Cannot read IP mode file for STMicroelectronics.X-CUBE-AZRTOS-H7RS.1.0.0
2025-10-09 09:26:57,115 [WARN] PackLoader:240 - Cannot read IP mode file for STMicroelectronics.FP-ATR-ASTRA1.2.0.0
2025-10-09 09:26:57,165 [WARN] PackLoader:240 - Cannot read IP mode file for STMicroelectronics.X-CUBE-TOF1.3.4.2
2025-10-09 09:26:57,227 [WARN] PackLoader:240 - Cannot read IP mode file for STMicroelectronics.X-CUBE-TOF1.3.4.3
2025-10-09 09:26:57,303 [WARN] PackLoader:240 - Cannot read IP mode file for STMicroelectronics.X-CUBE-TOF1.3.4.1
2025-10-09 09:26:57,368 [WARN] PackLoader:240 - Cannot read IP mode file for STMicroelectronics.X-CUBE-AZRTOS-H7.3.2.0
2025-10-09 09:26:57,452 [WARN] PackLoader:240 - Cannot read IP mode file for Infineon.AIROC-Wi-Fi-Bluetooth-STM32.1.6.0
2025-10-09 09:26:57,502 [WARN] PackLoader:240 - Cannot read IP mode file for wolfSSL.I-CUBE-wolfSSH.1.4.17
2025-10-09 09:26:57,502 [INFO] ThirdParty:978 - Integrity check success = true
2025-10-09 09:26:57,503 [INFO] IntegrityCheckThread:100 - exiting critical section [integrity check]
2025-10-09 09:26:57,503 [INFO] IntegrityCheckThread:103 - End integrity checks thread
2025-10-09 09:26:59,607 [INFO] WebApp:463 - Apply proxy settings
2025-10-09 09:26:59,608 [INFO] WebApp:548 - Chromium requires no authentication
2025-10-09 09:26:59,754 [INFO] WebApp:491 - Direct internet connection detected
2025-10-09 09:27:00,120 [INFO] WebApp:900 - Register for checkConnection events
2025-10-09 09:27:00,120 [INFO] WebApp:463 - Apply proxy settings
2025-10-09 09:27:00,121 [INFO] WebApp:548 - Chromium requires no authentication
2025-10-09 09:27:00,122 [INFO] WebApp:491 - Direct internet connection detected
2025-10-09 09:27:00,409 [INFO] WebApp:191 - Connection restablished
2025-10-09 09:27:01,372 [INFO] WebApp:225 - Starting web application
2025-10-09 09:27:01,373 [INFO] WebApp:593 - Web application path used C:\ST\STM32CubeIDE_1.16.0\STM32CubeIDE\plugins\com.st.stm32cube.common.mx_6.15.0.202507011659\db\plugins\mcufinder\reactClient1\index.html
2025-10-09 09:27:01,801 [INFO] UserAuth:487 - Internet connection configuration mode: 1
2025-10-09 16:04:21,556 [INFO] WebApp:194 - Connection lost
2025-10-09 16:04:21,987 [INFO] WebApp:191 - Connection restablished
2025-10-09 16:04:23,169 [INFO] WebApp:194 - Connection lost
2025-10-09 16:04:24,303 [INFO] WebApp:191 - Connection restablished
2025-10-09 17:37:11,885 [INFO] WebApp:194 - Connection lost
2025-10-09 21:59:14,661 [INFO] WebApp:191 - Connection restablished
2025-10-09 21:59:15,179 [INFO] WebApp:194 - Connection lost
2025-10-09 21:59:15,414 [INFO] WebApp:191 - Connection restablished
2025-10-09 21:59:17,828 [INFO] WebApp:194 - Connection lost
2025-10-09 21:59:18,101 [INFO] WebApp:191 - Connection restablished
2025-10-09 23:35:43,913 [INFO] WebApp:194 - Connection lost
2025-10-09 23:35:44,201 [INFO] WebApp:191 - Connection restablished
