2025-09-15 00:03:46,498 [INFO] WebApp:403 - JxBrowser engine has been closed 
2025-09-15 08:38:42,491 [INFO] Activator:176 - 


2025-09-15 08:38:42,494 [INFO] Activator:177 - !SESSION log4j initialized
2025-09-15 08:38:54,807 [INFO] LogOutputStream:77 - [STDOUT_REDIRECT] 
2025-09-15 08:39:02,832 [INFO] ApplicationProperties:184 - Using Application install path: C:\ST\STM32CubeIDE_1.16.0\STM32CubeIDE\plugins\com.st.stm32cube.common.mx_6.15.0.202507011659
2025-09-15 08:39:02,874 [INFO] DbMcusXml:78 - Set database path to: C:\ST\STM32CubeIDE_1.16.0\STM32CubeIDE\plugins\com.st.stm32cube.common.mx_6.15.0.202507011659\\db\/mcu/
2025-09-15 08:39:02,874 [INFO] ApiDb:274 - Set plugin database path to: C:\ST\STM32CubeIDE_1.16.0\STM32CubeIDE\plugins\com.st.stm32cube.common.mx_6.15.0.202507011659\\db\/plugins/boardmanager/
2025-09-15 08:39:02,875 [WARN] ApiDb:259 - Overriding images path with different value:  => C:\ST\STM32CubeIDE_1.16.0\STM32CubeIDE\plugins\com.st.stm32cube.common.mx_6.15.0.202507011659\\db\/plugins/mcufinder/images/
2025-09-15 08:39:02,890 [INFO] ApiDb:250 - Set database path to: C:\Users\nisha\.stmcufinder\plugins\mcufinder//mcu/
2025-09-15 08:39:02,893 [INFO] DbMcusAds:125 - Set database path to: C:\Users\nisha\.stmcufinder\plugins\mcufinder//mcu/
2025-09-15 08:39:02,898 [INFO] CrossReferenceDbSqlite:203 - Set database path to: C:\Users\nisha\.stmcufinder\plugins\mcufinder//mcu/cs/
2025-09-15 08:39:03,207 [INFO] RulesReader:64 - Compatibility file has been processed (317 Rules)
2025-09-15 08:39:03,408 [INFO] DbMcusXml:78 - Set database path to: C:\ST\STM32CubeIDE_1.16.0\STM32CubeIDE\plugins\com.st.stm32cube.common.mx_6.15.0.202507011659\\db\/mcu/
2025-09-15 08:39:03,408 [INFO] ApiDb:274 - Set plugin database path to: C:\ST\STM32CubeIDE_1.16.0\STM32CubeIDE\plugins\com.st.stm32cube.common.mx_6.15.0.202507011659\\db\/plugins/boardmanager/
2025-09-15 08:39:03,409 [INFO] ApiDb:261 - Set plugin images path to: C:\ST\STM32CubeIDE_1.16.0\STM32CubeIDE\plugins\com.st.stm32cube.common.mx_6.15.0.202507011659\\db\/plugins/mcufinder/images/
2025-09-15 08:39:03,409 [WARN] DbFile:41 - Overriding database path with different value: C:\Users\nisha\.stmcufinder\plugins\mcufinder/ => C:\Users\nisha\.stmcufinder\plugins\mcufinder
2025-09-15 08:39:03,410 [INFO] ApiDb:250 - Set database path to: C:\Users\nisha\.stmcufinder\plugins\mcufinder//mcu/
2025-09-15 08:39:03,410 [WARN] DbFile:41 - Overriding database path with different value: C:\Users\nisha\.stmcufinder\plugins\mcufinder/ => C:\Users\nisha\.stmcufinder\plugins\mcufinder
2025-09-15 08:39:03,410 [INFO] DbMcusAds:125 - Set database path to: C:\Users\nisha\.stmcufinder\plugins\mcufinder//mcu/
2025-09-15 08:39:03,410 [WARN] DbFile:41 - Overriding database path with different value: C:\Users\nisha\.stmcufinder\plugins\mcufinder/ => C:\Users\nisha\.stmcufinder\plugins\mcufinder
2025-09-15 08:39:03,410 [WARN] DbFile:41 - Overriding database path with different value: C:\Users\nisha\.stmcufinder\plugins\mcufinder/ => C:\Users\nisha\.stmcufinder\plugins\mcufinder
2025-09-15 08:39:03,411 [INFO] CrossReferenceDbSqlite:203 - Set database path to: C:\Users\nisha\.stmcufinder\plugins\mcufinder//mcu/cs/
2025-09-15 08:39:03,588 [INFO] MainPanel:274 - HeapMemory: 268435456
2025-09-15 08:39:03,752 [INFO] DbMcusXml:78 - Set database path to: C:\ST\STM32CubeIDE_1.16.0\STM32CubeIDE\plugins\com.st.stm32cube.common.mx_6.15.0.202507011659\\db\/mcu/
2025-09-15 08:39:03,752 [INFO] ApiDb:274 - Set plugin database path to: C:\ST\STM32CubeIDE_1.16.0\STM32CubeIDE\plugins\com.st.stm32cube.common.mx_6.15.0.202507011659\\db\/plugins/boardmanager/
2025-09-15 08:39:03,753 [INFO] ApiDb:261 - Set plugin images path to: C:\ST\STM32CubeIDE_1.16.0\STM32CubeIDE\plugins\com.st.stm32cube.common.mx_6.15.0.202507011659\\db\/plugins/mcufinder/images/
2025-09-15 08:39:03,754 [WARN] DbFile:41 - Overriding database path with different value: C:\Users\nisha\.stmcufinder\plugins\mcufinder/ => C:\Users\nisha\.stmcufinder\plugins\mcufinder
2025-09-15 08:39:03,754 [INFO] ApiDb:250 - Set database path to: C:\Users\nisha\.stmcufinder\plugins\mcufinder//mcu/
2025-09-15 08:39:03,754 [WARN] DbFile:41 - Overriding database path with different value: C:\Users\nisha\.stmcufinder\plugins\mcufinder/ => C:\Users\nisha\.stmcufinder\plugins\mcufinder
2025-09-15 08:39:03,754 [INFO] DbMcusAds:125 - Set database path to: C:\Users\nisha\.stmcufinder\plugins\mcufinder//mcu/
2025-09-15 08:39:03,754 [WARN] DbFile:41 - Overriding database path with different value: C:\Users\nisha\.stmcufinder\plugins\mcufinder/ => C:\Users\nisha\.stmcufinder\plugins\mcufinder
2025-09-15 08:39:03,755 [WARN] DbFile:41 - Overriding database path with different value: C:\Users\nisha\.stmcufinder\plugins\mcufinder/ => C:\Users\nisha\.stmcufinder\plugins\mcufinder
2025-09-15 08:39:03,755 [INFO] CrossReferenceDbSqlite:203 - Set database path to: C:\Users\nisha\.stmcufinder\plugins\mcufinder//mcu/cs/
2025-09-15 08:39:03,800 [INFO] ApplicationProperties:184 - Using Application install path: C:\ST\STM32CubeIDE_1.16.0\STM32CubeIDE\plugins\com.st.stm32cube.common.mx_6.15.0.202507011659
2025-09-15 08:39:03,803 [INFO] PluginManage:196 - Search for loadable plugins [exclusion list=, ]
2025-09-15 08:39:03,806 [INFO] PluginManage:310 - Check plugin analytics
2025-09-15 08:39:04,308 [INFO] AnalyticsPlugin:253 - Accepted Software Licenses: 
2025-09-15 08:39:04,309 [INFO] AnalyticsPlugin:255 - Accepted CMSIS Pack Licenses: 
2025-09-15 08:39:04,309 [INFO] AnalyticsPlugin:257 - Accepted Firmware Licenses: FW.F4.1.28.0
2025-09-15 08:39:04,324 [INFO] PluginManage:359 - Loaded plugin analytics (category:tool,tabindex:-1)
2025-09-15 08:39:04,325 [INFO] PluginManage:310 - Check plugin cadmodel
2025-09-15 08:39:04,363 [INFO] CADModel:105 - Init CAD model plugin
2025-09-15 08:39:04,364 [INFO] PluginManage:359 - Loaded plugin cadmodel (category:power,tabindex:5)
2025-09-15 08:39:04,364 [INFO] PluginManage:310 - Check plugin clock
2025-09-15 08:39:04,405 [INFO] PluginManage:359 - Loaded plugin clock (category:base,tabindex:2)
2025-09-15 08:39:04,406 [INFO] PluginManage:310 - Check plugin ddr
2025-09-15 08:39:04,409 [INFO] PluginManage:359 - Loaded plugin ddr (category:tool,tabindex:6)
2025-09-15 08:39:04,410 [INFO] PluginManage:310 - Check plugin filemanager
2025-09-15 08:39:04,728 [INFO] PluginManage:359 - Loaded plugin filemanager (category:base,tabindex:10)
2025-09-15 08:39:04,728 [INFO] PluginManage:310 - Check plugin ipmanager
2025-09-15 08:39:04,751 [INFO] PluginManage:359 - Loaded plugin ipmanager (category:base,tabindex:5)
2025-09-15 08:39:04,752 [INFO] PluginManage:310 - Check plugin lpbam
2025-09-15 08:39:04,793 [INFO] PluginManage:359 - Loaded plugin lpbam (category:base,tabindex:0)
2025-09-15 08:39:04,794 [INFO] PluginManage:310 - Check plugin memorymap
2025-09-15 08:39:04,838 [INFO] PluginManage:359 - Loaded plugin memorymap (category:base,tabindex:4)
2025-09-15 08:39:04,839 [INFO] PluginManage:310 - Check plugin pinoutandconfiguration
2025-09-15 08:39:04,881 [INFO] PluginManage:359 - Loaded plugin pinoutandconfiguration (category:base,tabindex:1)
2025-09-15 08:39:04,881 [INFO] PluginManage:310 - Check plugin pinoutconfig
2025-09-15 08:39:05,088 [WARN] SupportedApi:132 - Cannot load RTOS API schema: s4s-elt-must-match.1: The content of 'definitions' must match (annotation?, (simpleType | complexType)?, (unique | key | keyref)*)). A problem was found starting at: attribute.
2025-09-15 08:39:05,382 [INFO] PluginManage:359 - Loaded plugin pinoutconfig (category:base,tabindex:0)
2025-09-15 08:39:05,382 [INFO] PluginManage:310 - Check plugin power
2025-09-15 08:39:05,454 [INFO] PluginManage:359 - Loaded plugin power (category:power,tabindex:4)
2025-09-15 08:39:05,454 [INFO] PluginManage:310 - Check plugin projectmanager
2025-09-15 08:39:05,503 [INFO] PluginManage:359 - Loaded plugin projectmanager (category:projectmanager,tabindex:4)
2025-09-15 08:39:05,503 [INFO] PluginManage:310 - Check plugin rif
2025-09-15 08:39:05,544 [INFO] PluginManage:359 - Loaded plugin rif (category:base,tabindex:3)
2025-09-15 08:39:05,544 [INFO] PluginManage:310 - Check plugin thirdparty
2025-09-15 08:39:06,246 [INFO] PluginManage:359 - Loaded plugin thirdparty (category:base,tabindex:-1)
2025-09-15 08:39:06,246 [WARN] IntegrityCheckThread:84 - waiting for thirdparty lock release [integrity check]
2025-09-15 08:39:06,247 [INFO] PluginManage:310 - Check plugin tools
2025-09-15 08:39:06,248 [INFO] IntegrityCheckThread:86 - entering critical section [integrity check]
2025-09-15 08:39:06,249 [INFO] ThirdPartyUpdaterWithRetryManager:70 - Updater plugin not ready yet. [1/15]
2025-09-15 08:39:06,335 [INFO] PluginManage:359 - Loaded plugin tools (category:base,tabindex:7)
2025-09-15 08:39:06,335 [INFO] PluginManage:310 - Check plugin tutovideos
2025-09-15 08:39:06,768 [INFO] PluginManage:359 - Loaded plugin tutovideos (category:base,tabindex:-1)
2025-09-15 08:39:06,768 [INFO] PluginManage:310 - Check plugin updater
2025-09-15 08:39:06,812 [INFO] PluginManage:359 - Loaded plugin updater (category:base,tabindex:12)
2025-09-15 08:39:06,813 [INFO] PluginManage:310 - Check plugin userauth
2025-09-15 08:39:06,821 [INFO] UserAuth:118 - Init User Auth plugin
2025-09-15 08:39:06,822 [INFO] PluginManage:359 - Loaded plugin userauth (category:base,tabindex:14)
2025-09-15 08:39:06,823 [INFO] PluginManage:283 - PluginManage : Loaded plugins [18]
2025-09-15 08:39:07,252 [INFO] PinOutPanel:1589 - setPackage(No Configuration,No Configuration)
2025-09-15 08:39:07,432 [INFO] CADModel:165 - CPN selected for project level
2025-09-15 08:39:07,432 [INFO] CADModel:114 - Register for checkConnection events
2025-09-15 08:39:07,483 [INFO] IPUIPlugin:80 - create IPUIPlugin
2025-09-15 08:39:07,484 [INFO] PluginManager:220 - loadIPPluginJar : add adc
2025-09-15 08:39:07,574 [INFO] IPUIPlugin:80 - create IPUIPlugin
2025-09-15 08:39:07,574 [INFO] PluginManager:220 - loadIPPluginJar : add aes
2025-09-15 08:39:07,673 [INFO] IPUIPlugin:80 - create IPUIPlugin
2025-09-15 08:39:07,675 [INFO] PluginManager:220 - loadIPPluginJar : add can
2025-09-15 08:39:07,738 [INFO] IPUIPlugin:80 - create IPUIPlugin
2025-09-15 08:39:07,738 [INFO] PluginManager:220 - loadIPPluginJar : add comp
2025-09-15 08:39:07,820 [INFO] IPUIPlugin:80 - create IPUIPlugin
2025-09-15 08:39:07,820 [INFO] PluginManager:220 - loadIPPluginJar : add cryp
2025-09-15 08:39:07,845 [INFO] IPUIPlugin:80 - create IPUIPlugin
2025-09-15 08:39:07,846 [INFO] PluginManager:220 - loadIPPluginJar : add ddr_ctrl_phy
2025-09-15 08:39:07,924 [INFO] IPUIPlugin:80 - create IPUIPlugin
2025-09-15 08:39:07,924 [INFO] PluginManager:220 - loadIPPluginJar : add dfsdm
2025-09-15 08:39:07,955 [INFO] IPUIPlugin:80 - create IPUIPlugin
2025-09-15 08:39:07,956 [INFO] PluginManager:220 - loadIPPluginJar : add dma
2025-09-15 08:39:08,052 [INFO] IPUIPlugin:80 - create IPUIPlugin
2025-09-15 08:39:08,053 [INFO] PluginManager:220 - loadIPPluginJar : add dma3
2025-09-15 08:39:08,163 [INFO] IPUIPlugin:80 - create IPUIPlugin
2025-09-15 08:39:08,164 [INFO] PluginManager:220 - loadIPPluginJar : add extmemmanager
2025-09-15 08:39:08,219 [INFO] IPUIPlugin:80 - create IPUIPlugin
2025-09-15 08:39:08,220 [INFO] PluginManager:220 - loadIPPluginJar : add fatfs
2025-09-15 08:39:08,331 [INFO] IPUIPlugin:80 - create IPUIPlugin
2025-09-15 08:39:08,331 [INFO] PluginManager:220 - loadIPPluginJar : add fmc
2025-09-15 08:39:08,371 [INFO] IPUIPlugin:80 - create IPUIPlugin
2025-09-15 08:39:08,372 [INFO] PluginManager:220 - loadIPPluginJar : add freertos
2025-09-15 08:39:08,428 [INFO] IPUIPlugin:80 - create IPUIPlugin
2025-09-15 08:39:08,429 [INFO] PluginManager:220 - loadIPPluginJar : add genericplugin
2025-09-15 08:39:08,661 [INFO] IPUIPlugin:80 - create IPUIPlugin
2025-09-15 08:39:08,662 [INFO] PluginManager:220 - loadIPPluginJar : add gfxmmu
2025-09-15 08:39:08,982 [INFO] IPUIPlugin:80 - create IPUIPlugin
2025-09-15 08:39:08,983 [INFO] PluginManager:220 - loadIPPluginJar : add gic
2025-09-15 08:39:09,019 [INFO] IPUIPlugin:80 - create IPUIPlugin
2025-09-15 08:39:09,019 [INFO] PluginManager:220 - loadIPPluginJar : add gpio
2025-09-15 08:39:09,232 [INFO] IPUIPlugin:80 - create IPUIPlugin
2025-09-15 08:39:09,233 [INFO] PluginManager:220 - loadIPPluginJar : add gtzc
2025-09-15 08:39:09,251 [INFO] ThirdPartyUpdaterWithRetryManager:70 - Updater plugin not ready yet. [2/15]
2025-09-15 08:39:09,312 [INFO] IPUIPlugin:80 - create IPUIPlugin
2025-09-15 08:39:09,313 [INFO] PluginManager:220 - loadIPPluginJar : add hash
2025-09-15 08:39:09,434 [INFO] IPUIPlugin:80 - create IPUIPlugin
2025-09-15 08:39:09,436 [INFO] PluginManager:220 - loadIPPluginJar : add i2c
2025-09-15 08:39:09,539 [INFO] IPUIPlugin:80 - create IPUIPlugin
2025-09-15 08:39:09,540 [INFO] PluginManager:220 - loadIPPluginJar : add i2s
2025-09-15 08:39:09,646 [INFO] IPUIPlugin:80 - create IPUIPlugin
2025-09-15 08:39:09,647 [INFO] PluginManager:220 - loadIPPluginJar : add i3c
2025-09-15 08:39:09,872 [INFO] IPUIPlugin:80 - create IPUIPlugin
2025-09-15 08:39:09,873 [INFO] PluginManager:220 - loadIPPluginJar : add ipddr
2025-09-15 08:39:10,105 [INFO] IPUIPlugin:80 - create IPUIPlugin
2025-09-15 08:39:10,107 [INFO] PluginManager:220 - loadIPPluginJar : add linkedlist
2025-09-15 08:39:10,200 [INFO] IPUIPlugin:80 - create IPUIPlugin
2025-09-15 08:39:10,200 [INFO] PluginManager:220 - loadIPPluginJar : add lorawan
2025-09-15 08:39:10,286 [INFO] IPUIPlugin:80 - create IPUIPlugin
2025-09-15 08:39:10,288 [INFO] PluginManager:220 - loadIPPluginJar : add ltdc
2025-09-15 08:39:10,326 [INFO] IPUIPlugin:80 - create IPUIPlugin
2025-09-15 08:39:10,327 [INFO] PluginManager:220 - loadIPPluginJar : add mdma
2025-09-15 08:39:10,346 [INFO] IPUIPlugin:80 - create IPUIPlugin
2025-09-15 08:39:10,347 [INFO] PluginManager:220 - loadIPPluginJar : add nvic
2025-09-15 08:39:10,442 [INFO] IPUIPlugin:80 - create IPUIPlugin
2025-09-15 08:39:10,442 [INFO] PluginManager:220 - loadIPPluginJar : add opamp
2025-09-15 08:39:10,601 [INFO] IPUIPlugin:80 - create IPUIPlugin
2025-09-15 08:39:10,601 [INFO] PluginManager:220 - loadIPPluginJar : add openamp
2025-09-15 08:39:10,712 [INFO] IPUIPlugin:80 - create IPUIPlugin
2025-09-15 08:39:10,712 [INFO] PluginManager:220 - loadIPPluginJar : add pdm2pcm
2025-09-15 08:39:10,751 [INFO] IPUIPlugin:80 - create IPUIPlugin
2025-09-15 08:39:10,755 [INFO] PluginManager:220 - loadIPPluginJar : add plateformsettings
2025-09-15 08:39:10,811 [INFO] IPUIPlugin:80 - create IPUIPlugin
2025-09-15 08:39:10,812 [INFO] PluginManager:220 - loadIPPluginJar : add quadspi
2025-09-15 08:39:10,898 [INFO] IPUIPlugin:80 - create IPUIPlugin
2025-09-15 08:39:10,899 [INFO] PluginManager:220 - loadIPPluginJar : add radio
2025-09-15 08:39:10,938 [INFO] IPUIPlugin:80 - create IPUIPlugin
2025-09-15 08:39:10,938 [INFO] PluginManager:220 - loadIPPluginJar : add resmgrutility
2025-09-15 08:39:11,049 [INFO] IPUIPlugin:80 - create IPUIPlugin
2025-09-15 08:39:11,049 [INFO] PluginManager:220 - loadIPPluginJar : add sai
2025-09-15 08:39:11,183 [INFO] IPUIPlugin:80 - create IPUIPlugin
2025-09-15 08:39:11,184 [INFO] PluginManager:220 - loadIPPluginJar : add spi
2025-09-15 08:39:11,357 [INFO] IPUIPlugin:80 - create IPUIPlugin
2025-09-15 08:39:11,357 [INFO] PluginManager:220 - loadIPPluginJar : add stm32_wpan
2025-09-15 08:39:11,417 [INFO] IPUIPlugin:80 - create IPUIPlugin
2025-09-15 08:39:11,419 [INFO] PluginManager:220 - loadIPPluginJar : add tim
2025-09-15 08:39:11,573 [INFO] IPUIPlugin:80 - create IPUIPlugin
2025-09-15 08:39:11,573 [INFO] PluginManager:220 - loadIPPluginJar : add touchsensing
2025-09-15 08:39:11,628 [INFO] IPUIPlugin:80 - create IPUIPlugin
2025-09-15 08:39:11,628 [INFO] PluginManager:220 - loadIPPluginJar : add tracer_emb
2025-09-15 08:39:11,688 [INFO] IPUIPlugin:80 - create IPUIPlugin
2025-09-15 08:39:11,688 [INFO] PluginManager:220 - loadIPPluginJar : add ts
2025-09-15 08:39:11,745 [INFO] IPUIPlugin:80 - create IPUIPlugin
2025-09-15 08:39:11,746 [INFO] PluginManager:220 - loadIPPluginJar : add tsc
2025-09-15 08:39:11,798 [INFO] IPUIPlugin:80 - create IPUIPlugin
2025-09-15 08:39:11,798 [INFO] PluginManager:220 - loadIPPluginJar : add ucpd
2025-09-15 08:39:11,913 [INFO] IPUIPlugin:80 - create IPUIPlugin
2025-09-15 08:39:11,914 [INFO] PluginManager:220 - loadIPPluginJar : add usart
2025-09-15 08:39:12,071 [INFO] IPUIPlugin:80 - create IPUIPlugin
2025-09-15 08:39:12,071 [INFO] PluginManager:220 - loadIPPluginJar : add usbx
2025-09-15 08:39:12,253 [INFO] ThirdPartyUpdaterWithRetryManager:70 - Updater plugin not ready yet. [3/15]
2025-09-15 08:39:12,259 [FATAL] Updater:351 - Updater called before beeing initialized
2025-09-15 08:39:12,328 [INFO] RulesReader:64 - Compatibility file has been processed (317 Rules)
2025-09-15 08:39:12,362 [INFO] RulesReader:64 - Compatibility file has been processed (317 Rules)
2025-09-15 08:39:12,447 [INFO] CADModel:165 - CPN selected for project level
2025-09-15 08:39:12,447 [INFO] CADModel:114 - Register for checkConnection events
2025-09-15 08:39:12,447 [FATAL] Updater:351 - Updater called before beeing initialized
2025-09-15 08:39:12,447 [ERROR] CADModel:125 - Updater not yet initialized, retry later 
2025-09-15 08:39:12,780 [FATAL] Updater:351 - Updater called before beeing initialized
2025-09-15 08:39:12,784 [INFO] CADModel:165 - CPN selected for project level
2025-09-15 08:39:12,785 [INFO] CADModel:114 - Register for checkConnection events
2025-09-15 08:39:12,785 [FATAL] Updater:351 - Updater called before beeing initialized
2025-09-15 08:39:12,785 [ERROR] CADModel:125 - Updater not yet initialized, retry later 
2025-09-15 08:39:12,792 [FATAL] Updater:351 - Updater called before beeing initialized
2025-09-15 08:39:13,065 [FATAL] Updater:351 - Updater called before beeing initialized
2025-09-15 08:39:13,090 [INFO] DbMcusAds:53 - JSON generation date=Tue Jul 08 13:44:23 IST 2025 (1751962463582)
2025-09-15 08:39:13,090 [FATAL] Updater:351 - Updater called before beeing initialized
2025-09-15 08:39:13,163 [WARN] DetailPanel:346 - Failed to get advertising image, set to default
2025-09-15 08:39:13,364 [FATAL] Updater:351 - Updater called before beeing initialized
2025-09-15 08:39:13,368 [FATAL] Updater:351 - Updater called before beeing initialized
2025-09-15 08:39:13,368 [FATAL] Updater:351 - Updater called before beeing initialized
2025-09-15 08:39:13,369 [WARN] DetailPanel:346 - Failed to get advertising image, set to default
2025-09-15 08:39:13,370 [FATAL] Updater:351 - Updater called before beeing initialized
2025-09-15 08:39:13,492 [ERROR] Updater:1198 - MainUpdater not yet initialized. External WinMGr cannot be set.
2025-09-15 08:39:13,517 [INFO] Updater:1134 - Updater Version found : 6.15.0
2025-09-15 08:39:13,557 [INFO] ApplicationProperties:184 - Using Application install path: C:\ST\STM32CubeIDE_1.16.0\STM32CubeIDE\plugins\com.st.stm32cube.common.mx_6.15.0.202507011659
2025-09-15 08:39:15,164 [ERROR] LogOutputStream:75 - [STDERR_REDIRECT] Sep 15, 2025 8:39:15 AM java.util.prefs.WindowsPreferences <init>
2025-09-15 08:39:15,170 [ERROR] LogOutputStream:75 - [STDERR_REDIRECT] WARNING: Could not open/create prefs root node Software\JavaSoft\Prefs at root 0xffffffff80000002. Windows RegCreateKeyEx(...) returned error code 5.
2025-09-15 08:39:15,171 [ERROR] LogOutputStream:75 - [STDERR_REDIRECT] 
2025-09-15 08:39:15,256 [FATAL] Updater:351 - Updater called before beeing initialized
2025-09-15 08:39:15,256 [ERROR] IntegrityCheckThread:130 - Cannot retrieve database content from updater: error 21
2025-09-15 08:39:15,257 [INFO] ThirdParty:978 - Integrity check success = false
2025-09-15 08:39:15,257 [INFO] IntegrityCheckThread:100 - exiting critical section [integrity check]
2025-09-15 08:39:15,257 [INFO] IntegrityCheckThread:103 - End integrity checks thread
2025-09-15 08:39:17,439 [INFO] MainUpdater:2872 - connection check result : 10
2025-09-15 08:39:17,441 [INFO] MainUpdater:3604 - Updater definition file requires update
2025-09-15 08:39:17,443 [INFO] MainUpdater:289 - Updater Check For Update Now.
2025-09-15 08:39:17,443 [INFO] MicroXplorer:498 - Change Database Version : DB.6.0.150
2025-09-15 08:39:17,474 [INFO] McuFinderGlobals:63 - Set McuFinder mode to 2 (CubeIDE integrated)
2025-09-15 08:39:17,491 [INFO] UserAuth:487 - Internet connection configuration mode: 1
2025-09-15 08:39:17,538 [INFO] JxBrowserEngine:152 - Initiate JxBrowser Engine with user profile folder
2025-09-15 08:39:17,961 [INFO] ServerAccessManage:452 - Complete download http(s) 200
2025-09-15 08:39:17,964 [INFO] ServerAccessManage:509 - Download File updaters.zip
2025-09-15 08:39:18,425 [INFO] FileExtend:248 - Unzip File : updaters.zip
2025-09-15 08:39:18,426 [INFO] FileExtend:263 - Standard Zip Deflate
2025-09-15 08:39:20,423 [INFO] WebApp:169 - Instantiating new browser for Auth
2025-09-15 08:39:20,473 [INFO] ServerAccessManage:452 - Complete download http(s) 200
2025-09-15 08:39:20,473 [INFO] ServerAccessManage:509 - Download File PacksControlFlags.xml
2025-09-15 08:39:20,742 [INFO] ServerAccessManage:452 - Complete download http(s) 200
2025-09-15 08:39:20,743 [INFO] ServerAccessManage:509 - Download File cubemx.pidx
2025-09-15 08:39:21,138 [INFO] LoadServerUpdatesThread:375 - End of LoadServerUpdate Thread
2025-09-15 08:39:21,484 [INFO] CheckServerUpdateThread:120 - End of CheckServer Thread
2025-09-15 08:39:23,472 [INFO] WebApp:463 - Apply proxy settings
2025-09-15 08:39:23,473 [INFO] WebApp:548 - Chromium requires no authentication
2025-09-15 08:39:23,494 [INFO] WebApp:491 - Direct internet connection detected
2025-09-15 08:39:23,558 [INFO] WebApp:900 - Register for checkConnection events
2025-09-15 08:39:23,558 [INFO] WebApp:463 - Apply proxy settings
2025-09-15 08:39:23,558 [INFO] WebApp:548 - Chromium requires no authentication
2025-09-15 08:39:23,559 [INFO] WebApp:491 - Direct internet connection detected
2025-09-15 08:39:23,984 [INFO] WebApp:225 - Starting web application
2025-09-15 08:39:23,984 [INFO] WebApp:593 - Web application path used C:\ST\STM32CubeIDE_1.16.0\STM32CubeIDE\plugins\com.st.stm32cube.common.mx_6.15.0.202507011659\db\plugins\mcufinder\reactClient1\index.html
2025-09-15 08:39:24,162 [INFO] UserAuth:487 - Internet connection configuration mode: 1
2025-09-15 08:39:24,436 [INFO] WebApp:191 - Connection restablished
2025-09-15 08:40:01,791 [ERROR] LogOutputStream:75 - [STDERR_REDIRECT] 
2025-09-15 11:37:01,779 [INFO] Activator:176 - 


2025-09-15 11:37:01,783 [INFO] Activator:177 - !SESSION log4j initialized
2025-09-15 11:37:16,856 [INFO] LogOutputStream:77 - [STDOUT_REDIRECT] 
2025-09-15 11:37:20,770 [INFO] ApplicationProperties:184 - Using Application install path: C:\ST\STM32CubeIDE_1.16.0\STM32CubeIDE\plugins\com.st.stm32cube.common.mx_6.15.0.202507011659
2025-09-15 11:37:20,810 [INFO] DbMcusXml:78 - Set database path to: C:\ST\STM32CubeIDE_1.16.0\STM32CubeIDE\plugins\com.st.stm32cube.common.mx_6.15.0.202507011659\\db\/mcu/
2025-09-15 11:37:20,811 [INFO] ApiDb:274 - Set plugin database path to: C:\ST\STM32CubeIDE_1.16.0\STM32CubeIDE\plugins\com.st.stm32cube.common.mx_6.15.0.202507011659\\db\/plugins/boardmanager/
2025-09-15 11:37:20,811 [WARN] ApiDb:259 - Overriding images path with different value:  => C:\ST\STM32CubeIDE_1.16.0\STM32CubeIDE\plugins\com.st.stm32cube.common.mx_6.15.0.202507011659\\db\/plugins/mcufinder/images/
2025-09-15 11:37:20,824 [INFO] ApiDb:250 - Set database path to: C:\Users\nisha\.stmcufinder\plugins\mcufinder//mcu/
2025-09-15 11:37:20,826 [INFO] DbMcusAds:125 - Set database path to: C:\Users\nisha\.stmcufinder\plugins\mcufinder//mcu/
2025-09-15 11:37:20,831 [INFO] CrossReferenceDbSqlite:203 - Set database path to: C:\Users\nisha\.stmcufinder\plugins\mcufinder//mcu/cs/
2025-09-15 11:37:21,173 [INFO] RulesReader:64 - Compatibility file has been processed (317 Rules)
2025-09-15 11:37:21,411 [INFO] DbMcusXml:78 - Set database path to: C:\ST\STM32CubeIDE_1.16.0\STM32CubeIDE\plugins\com.st.stm32cube.common.mx_6.15.0.202507011659\\db\/mcu/
2025-09-15 11:37:21,411 [INFO] ApiDb:274 - Set plugin database path to: C:\ST\STM32CubeIDE_1.16.0\STM32CubeIDE\plugins\com.st.stm32cube.common.mx_6.15.0.202507011659\\db\/plugins/boardmanager/
2025-09-15 11:37:21,411 [INFO] ApiDb:261 - Set plugin images path to: C:\ST\STM32CubeIDE_1.16.0\STM32CubeIDE\plugins\com.st.stm32cube.common.mx_6.15.0.202507011659\\db\/plugins/mcufinder/images/
2025-09-15 11:37:21,411 [WARN] DbFile:41 - Overriding database path with different value: C:\Users\nisha\.stmcufinder\plugins\mcufinder/ => C:\Users\nisha\.stmcufinder\plugins\mcufinder
2025-09-15 11:37:21,412 [INFO] ApiDb:250 - Set database path to: C:\Users\nisha\.stmcufinder\plugins\mcufinder//mcu/
2025-09-15 11:37:21,412 [WARN] DbFile:41 - Overriding database path with different value: C:\Users\nisha\.stmcufinder\plugins\mcufinder/ => C:\Users\nisha\.stmcufinder\plugins\mcufinder
2025-09-15 11:37:21,412 [INFO] DbMcusAds:125 - Set database path to: C:\Users\nisha\.stmcufinder\plugins\mcufinder//mcu/
2025-09-15 11:37:21,413 [WARN] DbFile:41 - Overriding database path with different value: C:\Users\nisha\.stmcufinder\plugins\mcufinder/ => C:\Users\nisha\.stmcufinder\plugins\mcufinder
2025-09-15 11:37:21,413 [WARN] DbFile:41 - Overriding database path with different value: C:\Users\nisha\.stmcufinder\plugins\mcufinder/ => C:\Users\nisha\.stmcufinder\plugins\mcufinder
2025-09-15 11:37:21,413 [INFO] CrossReferenceDbSqlite:203 - Set database path to: C:\Users\nisha\.stmcufinder\plugins\mcufinder//mcu/cs/
2025-09-15 11:37:21,630 [INFO] MainPanel:274 - HeapMemory: 268435456
2025-09-15 11:37:21,811 [INFO] DbMcusXml:78 - Set database path to: C:\ST\STM32CubeIDE_1.16.0\STM32CubeIDE\plugins\com.st.stm32cube.common.mx_6.15.0.202507011659\\db\/mcu/
2025-09-15 11:37:21,812 [INFO] ApiDb:274 - Set plugin database path to: C:\ST\STM32CubeIDE_1.16.0\STM32CubeIDE\plugins\com.st.stm32cube.common.mx_6.15.0.202507011659\\db\/plugins/boardmanager/
2025-09-15 11:37:21,812 [INFO] ApiDb:261 - Set plugin images path to: C:\ST\STM32CubeIDE_1.16.0\STM32CubeIDE\plugins\com.st.stm32cube.common.mx_6.15.0.202507011659\\db\/plugins/mcufinder/images/
2025-09-15 11:37:21,813 [WARN] DbFile:41 - Overriding database path with different value: C:\Users\nisha\.stmcufinder\plugins\mcufinder/ => C:\Users\nisha\.stmcufinder\plugins\mcufinder
2025-09-15 11:37:21,813 [INFO] ApiDb:250 - Set database path to: C:\Users\nisha\.stmcufinder\plugins\mcufinder//mcu/
2025-09-15 11:37:21,813 [WARN] DbFile:41 - Overriding database path with different value: C:\Users\nisha\.stmcufinder\plugins\mcufinder/ => C:\Users\nisha\.stmcufinder\plugins\mcufinder
2025-09-15 11:37:21,814 [INFO] DbMcusAds:125 - Set database path to: C:\Users\nisha\.stmcufinder\plugins\mcufinder//mcu/
2025-09-15 11:37:21,814 [WARN] DbFile:41 - Overriding database path with different value: C:\Users\nisha\.stmcufinder\plugins\mcufinder/ => C:\Users\nisha\.stmcufinder\plugins\mcufinder
2025-09-15 11:37:21,814 [WARN] DbFile:41 - Overriding database path with different value: C:\Users\nisha\.stmcufinder\plugins\mcufinder/ => C:\Users\nisha\.stmcufinder\plugins\mcufinder
2025-09-15 11:37:21,814 [INFO] CrossReferenceDbSqlite:203 - Set database path to: C:\Users\nisha\.stmcufinder\plugins\mcufinder//mcu/cs/
2025-09-15 11:37:21,871 [INFO] ApplicationProperties:184 - Using Application install path: C:\ST\STM32CubeIDE_1.16.0\STM32CubeIDE\plugins\com.st.stm32cube.common.mx_6.15.0.202507011659
2025-09-15 11:37:21,873 [INFO] PluginManage:196 - Search for loadable plugins [exclusion list=, ]
2025-09-15 11:37:21,875 [INFO] PluginManage:310 - Check plugin analytics
2025-09-15 11:37:22,630 [INFO] AnalyticsPlugin:253 - Accepted Software Licenses: 
2025-09-15 11:37:22,631 [INFO] AnalyticsPlugin:255 - Accepted CMSIS Pack Licenses: 
2025-09-15 11:37:22,632 [INFO] AnalyticsPlugin:257 - Accepted Firmware Licenses: FW.F4.1.28.0
2025-09-15 11:37:22,637 [INFO] PluginManage:359 - Loaded plugin analytics (category:tool,tabindex:-1)
2025-09-15 11:37:22,638 [INFO] PluginManage:310 - Check plugin cadmodel
2025-09-15 11:37:22,650 [INFO] CADModel:105 - Init CAD model plugin
2025-09-15 11:37:22,650 [INFO] PluginManage:359 - Loaded plugin cadmodel (category:power,tabindex:5)
2025-09-15 11:37:22,652 [INFO] PluginManage:310 - Check plugin clock
2025-09-15 11:37:22,670 [INFO] PluginManage:359 - Loaded plugin clock (category:base,tabindex:2)
2025-09-15 11:37:22,671 [INFO] PluginManage:310 - Check plugin ddr
2025-09-15 11:37:22,675 [INFO] PluginManage:359 - Loaded plugin ddr (category:tool,tabindex:6)
2025-09-15 11:37:22,676 [INFO] PluginManage:310 - Check plugin filemanager
2025-09-15 11:37:22,974 [INFO] PluginManage:359 - Loaded plugin filemanager (category:base,tabindex:10)
2025-09-15 11:37:22,975 [INFO] PluginManage:310 - Check plugin ipmanager
2025-09-15 11:37:22,990 [INFO] PluginManage:359 - Loaded plugin ipmanager (category:base,tabindex:5)
2025-09-15 11:37:22,991 [INFO] PluginManage:310 - Check plugin lpbam
2025-09-15 11:37:23,007 [INFO] PluginManage:359 - Loaded plugin lpbam (category:base,tabindex:0)
2025-09-15 11:37:23,007 [INFO] PluginManage:310 - Check plugin memorymap
2025-09-15 11:37:23,028 [INFO] PluginManage:359 - Loaded plugin memorymap (category:base,tabindex:4)
2025-09-15 11:37:23,028 [INFO] PluginManage:310 - Check plugin pinoutandconfiguration
2025-09-15 11:37:23,042 [INFO] PluginManage:359 - Loaded plugin pinoutandconfiguration (category:base,tabindex:1)
2025-09-15 11:37:23,043 [INFO] PluginManage:310 - Check plugin pinoutconfig
2025-09-15 11:37:23,216 [WARN] SupportedApi:132 - Cannot load RTOS API schema: s4s-elt-must-match.1: The content of 'definitions' must match (annotation?, (simpleType | complexType)?, (unique | key | keyref)*)). A problem was found starting at: attribute.
2025-09-15 11:37:23,480 [INFO] PluginManage:359 - Loaded plugin pinoutconfig (category:base,tabindex:0)
2025-09-15 11:37:23,480 [INFO] PluginManage:310 - Check plugin power
2025-09-15 11:37:23,494 [INFO] PluginManage:359 - Loaded plugin power (category:power,tabindex:4)
2025-09-15 11:37:23,494 [INFO] PluginManage:310 - Check plugin projectmanager
2025-09-15 11:37:23,526 [INFO] PluginManage:359 - Loaded plugin projectmanager (category:projectmanager,tabindex:4)
2025-09-15 11:37:23,526 [INFO] PluginManage:310 - Check plugin rif
2025-09-15 11:37:23,544 [INFO] PluginManage:359 - Loaded plugin rif (category:base,tabindex:3)
2025-09-15 11:37:23,545 [INFO] PluginManage:310 - Check plugin thirdparty
2025-09-15 11:37:23,919 [WARN] IntegrityCheckThread:84 - waiting for thirdparty lock release [integrity check]
2025-09-15 11:37:23,920 [INFO] IntegrityCheckThread:86 - entering critical section [integrity check]
2025-09-15 11:37:23,920 [INFO] ThirdPartyUpdaterWithRetryManager:70 - Updater plugin not ready yet. [1/15]
2025-09-15 11:37:23,924 [INFO] PluginManage:359 - Loaded plugin thirdparty (category:base,tabindex:-1)
2025-09-15 11:37:23,924 [INFO] PluginManage:310 - Check plugin tools
2025-09-15 11:37:23,938 [INFO] PluginManage:359 - Loaded plugin tools (category:base,tabindex:7)
2025-09-15 11:37:23,939 [INFO] PluginManage:310 - Check plugin tutovideos
2025-09-15 11:37:24,313 [INFO] PluginManage:359 - Loaded plugin tutovideos (category:base,tabindex:-1)
2025-09-15 11:37:24,313 [INFO] PluginManage:310 - Check plugin updater
2025-09-15 11:37:24,366 [INFO] PluginManage:359 - Loaded plugin updater (category:base,tabindex:12)
2025-09-15 11:37:24,367 [INFO] PluginManage:310 - Check plugin userauth
2025-09-15 11:37:24,383 [INFO] UserAuth:118 - Init User Auth plugin
2025-09-15 11:37:24,386 [INFO] PluginManage:359 - Loaded plugin userauth (category:base,tabindex:14)
2025-09-15 11:37:24,387 [INFO] PluginManage:283 - PluginManage : Loaded plugins [18]
2025-09-15 11:37:25,020 [INFO] PinOutPanel:1589 - setPackage(No Configuration,No Configuration)
2025-09-15 11:37:25,202 [INFO] CADModel:165 - CPN selected for project level
2025-09-15 11:37:25,202 [INFO] CADModel:114 - Register for checkConnection events
2025-09-15 11:37:25,235 [INFO] IPUIPlugin:80 - create IPUIPlugin
2025-09-15 11:37:25,236 [INFO] PluginManager:220 - loadIPPluginJar : add adc
2025-09-15 11:37:25,241 [INFO] IPUIPlugin:80 - create IPUIPlugin
2025-09-15 11:37:25,241 [INFO] PluginManager:220 - loadIPPluginJar : add aes
2025-09-15 11:37:25,246 [INFO] IPUIPlugin:80 - create IPUIPlugin
2025-09-15 11:37:25,246 [INFO] PluginManager:220 - loadIPPluginJar : add can
2025-09-15 11:37:25,250 [INFO] IPUIPlugin:80 - create IPUIPlugin
2025-09-15 11:37:25,250 [INFO] PluginManager:220 - loadIPPluginJar : add comp
2025-09-15 11:37:25,260 [INFO] IPUIPlugin:80 - create IPUIPlugin
2025-09-15 11:37:25,260 [INFO] PluginManager:220 - loadIPPluginJar : add cryp
2025-09-15 11:37:25,265 [INFO] IPUIPlugin:80 - create IPUIPlugin
2025-09-15 11:37:25,265 [INFO] PluginManager:220 - loadIPPluginJar : add ddr_ctrl_phy
2025-09-15 11:37:25,272 [INFO] IPUIPlugin:80 - create IPUIPlugin
2025-09-15 11:37:25,273 [INFO] PluginManager:220 - loadIPPluginJar : add dfsdm
2025-09-15 11:37:25,285 [INFO] IPUIPlugin:80 - create IPUIPlugin
2025-09-15 11:37:25,288 [INFO] PluginManager:220 - loadIPPluginJar : add dma
2025-09-15 11:37:25,296 [INFO] IPUIPlugin:80 - create IPUIPlugin
2025-09-15 11:37:25,296 [INFO] PluginManager:220 - loadIPPluginJar : add dma3
2025-09-15 11:37:25,301 [INFO] IPUIPlugin:80 - create IPUIPlugin
2025-09-15 11:37:25,303 [INFO] PluginManager:220 - loadIPPluginJar : add extmemmanager
2025-09-15 11:37:25,305 [INFO] IPUIPlugin:80 - create IPUIPlugin
2025-09-15 11:37:25,306 [INFO] PluginManager:220 - loadIPPluginJar : add fatfs
2025-09-15 11:37:25,315 [INFO] IPUIPlugin:80 - create IPUIPlugin
2025-09-15 11:37:25,316 [INFO] PluginManager:220 - loadIPPluginJar : add fmc
2025-09-15 11:37:25,339 [INFO] IPUIPlugin:80 - create IPUIPlugin
2025-09-15 11:37:25,339 [INFO] PluginManager:220 - loadIPPluginJar : add freertos
2025-09-15 11:37:25,342 [INFO] IPUIPlugin:80 - create IPUIPlugin
2025-09-15 11:37:25,343 [INFO] PluginManager:220 - loadIPPluginJar : add genericplugin
2025-09-15 11:37:25,504 [INFO] IPUIPlugin:80 - create IPUIPlugin
2025-09-15 11:37:25,505 [INFO] PluginManager:220 - loadIPPluginJar : add gfxmmu
2025-09-15 11:37:25,521 [INFO] IPUIPlugin:80 - create IPUIPlugin
2025-09-15 11:37:25,522 [INFO] PluginManager:220 - loadIPPluginJar : add gic
2025-09-15 11:37:25,529 [INFO] IPUIPlugin:80 - create IPUIPlugin
2025-09-15 11:37:25,530 [INFO] PluginManager:220 - loadIPPluginJar : add gpio
2025-09-15 11:37:25,542 [INFO] IPUIPlugin:80 - create IPUIPlugin
2025-09-15 11:37:25,543 [INFO] PluginManager:220 - loadIPPluginJar : add gtzc
2025-09-15 11:37:25,547 [INFO] IPUIPlugin:80 - create IPUIPlugin
2025-09-15 11:37:25,548 [INFO] PluginManager:220 - loadIPPluginJar : add hash
2025-09-15 11:37:25,555 [INFO] IPUIPlugin:80 - create IPUIPlugin
2025-09-15 11:37:25,555 [INFO] PluginManager:220 - loadIPPluginJar : add i2c
2025-09-15 11:37:25,562 [INFO] IPUIPlugin:80 - create IPUIPlugin
2025-09-15 11:37:25,563 [INFO] PluginManager:220 - loadIPPluginJar : add i2s
2025-09-15 11:37:25,569 [INFO] IPUIPlugin:80 - create IPUIPlugin
2025-09-15 11:37:25,570 [INFO] PluginManager:220 - loadIPPluginJar : add i3c
2025-09-15 11:37:25,577 [INFO] IPUIPlugin:80 - create IPUIPlugin
2025-09-15 11:37:25,577 [INFO] PluginManager:220 - loadIPPluginJar : add ipddr
2025-09-15 11:37:25,591 [INFO] IPUIPlugin:80 - create IPUIPlugin
2025-09-15 11:37:25,592 [INFO] PluginManager:220 - loadIPPluginJar : add linkedlist
2025-09-15 11:37:25,598 [INFO] IPUIPlugin:80 - create IPUIPlugin
2025-09-15 11:37:25,598 [INFO] PluginManager:220 - loadIPPluginJar : add lorawan
2025-09-15 11:37:25,602 [INFO] IPUIPlugin:80 - create IPUIPlugin
2025-09-15 11:37:25,602 [INFO] PluginManager:220 - loadIPPluginJar : add ltdc
2025-09-15 11:37:25,613 [INFO] IPUIPlugin:80 - create IPUIPlugin
2025-09-15 11:37:25,613 [INFO] PluginManager:220 - loadIPPluginJar : add mdma
2025-09-15 11:37:25,619 [INFO] IPUIPlugin:80 - create IPUIPlugin
2025-09-15 11:37:25,619 [INFO] PluginManager:220 - loadIPPluginJar : add nvic
2025-09-15 11:37:25,624 [INFO] IPUIPlugin:80 - create IPUIPlugin
2025-09-15 11:37:25,625 [INFO] PluginManager:220 - loadIPPluginJar : add opamp
2025-09-15 11:37:25,631 [INFO] IPUIPlugin:80 - create IPUIPlugin
2025-09-15 11:37:25,631 [INFO] PluginManager:220 - loadIPPluginJar : add openamp
2025-09-15 11:37:25,636 [INFO] IPUIPlugin:80 - create IPUIPlugin
2025-09-15 11:37:25,636 [INFO] PluginManager:220 - loadIPPluginJar : add pdm2pcm
2025-09-15 11:37:25,648 [INFO] IPUIPlugin:80 - create IPUIPlugin
2025-09-15 11:37:25,654 [INFO] PluginManager:220 - loadIPPluginJar : add plateformsettings
2025-09-15 11:37:25,657 [INFO] IPUIPlugin:80 - create IPUIPlugin
2025-09-15 11:37:25,657 [INFO] PluginManager:220 - loadIPPluginJar : add quadspi
2025-09-15 11:37:25,661 [INFO] IPUIPlugin:80 - create IPUIPlugin
2025-09-15 11:37:25,666 [INFO] PluginManager:220 - loadIPPluginJar : add radio
2025-09-15 11:37:25,673 [INFO] IPUIPlugin:80 - create IPUIPlugin
2025-09-15 11:37:25,673 [INFO] PluginManager:220 - loadIPPluginJar : add resmgrutility
2025-09-15 11:37:25,679 [INFO] IPUIPlugin:80 - create IPUIPlugin
2025-09-15 11:37:25,679 [INFO] PluginManager:220 - loadIPPluginJar : add sai
2025-09-15 11:37:25,684 [INFO] IPUIPlugin:80 - create IPUIPlugin
2025-09-15 11:37:25,684 [INFO] PluginManager:220 - loadIPPluginJar : add spi
2025-09-15 11:37:25,698 [INFO] IPUIPlugin:80 - create IPUIPlugin
2025-09-15 11:37:25,698 [INFO] PluginManager:220 - loadIPPluginJar : add stm32_wpan
2025-09-15 11:37:25,702 [INFO] IPUIPlugin:80 - create IPUIPlugin
2025-09-15 11:37:25,703 [INFO] PluginManager:220 - loadIPPluginJar : add tim
2025-09-15 11:37:25,709 [INFO] IPUIPlugin:80 - create IPUIPlugin
2025-09-15 11:37:25,710 [INFO] PluginManager:220 - loadIPPluginJar : add touchsensing
2025-09-15 11:37:25,713 [INFO] IPUIPlugin:80 - create IPUIPlugin
2025-09-15 11:37:25,714 [INFO] PluginManager:220 - loadIPPluginJar : add tracer_emb
2025-09-15 11:37:25,717 [INFO] IPUIPlugin:80 - create IPUIPlugin
2025-09-15 11:37:25,718 [INFO] PluginManager:220 - loadIPPluginJar : add ts
2025-09-15 11:37:25,721 [INFO] IPUIPlugin:80 - create IPUIPlugin
2025-09-15 11:37:25,721 [INFO] PluginManager:220 - loadIPPluginJar : add tsc
2025-09-15 11:37:25,724 [INFO] IPUIPlugin:80 - create IPUIPlugin
2025-09-15 11:37:25,725 [INFO] PluginManager:220 - loadIPPluginJar : add ucpd
2025-09-15 11:37:25,729 [INFO] IPUIPlugin:80 - create IPUIPlugin
2025-09-15 11:37:25,729 [INFO] PluginManager:220 - loadIPPluginJar : add usart
2025-09-15 11:37:25,735 [INFO] IPUIPlugin:80 - create IPUIPlugin
2025-09-15 11:37:25,736 [INFO] PluginManager:220 - loadIPPluginJar : add usbx
2025-09-15 11:37:26,125 [FATAL] Updater:351 - Updater called before beeing initialized
2025-09-15 11:37:26,227 [INFO] RulesReader:64 - Compatibility file has been processed (317 Rules)
2025-09-15 11:37:26,257 [INFO] RulesReader:64 - Compatibility file has been processed (317 Rules)
2025-09-15 11:37:26,289 [INFO] CADModel:165 - CPN selected for project level
2025-09-15 11:37:26,290 [INFO] CADModel:114 - Register for checkConnection events
2025-09-15 11:37:26,290 [FATAL] Updater:351 - Updater called before beeing initialized
2025-09-15 11:37:26,290 [ERROR] CADModel:125 - Updater not yet initialized, retry later 
2025-09-15 11:37:26,606 [FATAL] Updater:351 - Updater called before beeing initialized
2025-09-15 11:37:26,609 [INFO] CADModel:165 - CPN selected for project level
2025-09-15 11:37:26,609 [INFO] CADModel:114 - Register for checkConnection events
2025-09-15 11:37:26,610 [FATAL] Updater:351 - Updater called before beeing initialized
2025-09-15 11:37:26,610 [ERROR] CADModel:125 - Updater not yet initialized, retry later 
2025-09-15 11:37:26,617 [FATAL] Updater:351 - Updater called before beeing initialized
2025-09-15 11:37:26,929 [INFO] ThirdPartyUpdaterWithRetryManager:70 - Updater plugin not ready yet. [2/15]
2025-09-15 11:37:26,977 [FATAL] Updater:351 - Updater called before beeing initialized
2025-09-15 11:37:26,985 [INFO] DbMcusAds:53 - JSON generation date=Tue Jul 08 13:44:23 IST 2025 (1751962463582)
2025-09-15 11:37:26,986 [FATAL] Updater:351 - Updater called before beeing initialized
2025-09-15 11:37:27,052 [WARN] DetailPanel:346 - Failed to get advertising image, set to default
2025-09-15 11:37:27,255 [FATAL] Updater:351 - Updater called before beeing initialized
2025-09-15 11:37:27,259 [FATAL] Updater:351 - Updater called before beeing initialized
2025-09-15 11:37:27,259 [FATAL] Updater:351 - Updater called before beeing initialized
2025-09-15 11:37:27,259 [WARN] DetailPanel:346 - Failed to get advertising image, set to default
2025-09-15 11:37:27,261 [FATAL] Updater:351 - Updater called before beeing initialized
2025-09-15 11:37:27,378 [ERROR] Updater:1198 - MainUpdater not yet initialized. External WinMGr cannot be set.
2025-09-15 11:37:27,382 [INFO] Updater:1134 - Updater Version found : 6.15.0
2025-09-15 11:37:27,415 [INFO] ApplicationProperties:184 - Using Application install path: C:\ST\STM32CubeIDE_1.16.0\STM32CubeIDE\plugins\com.st.stm32cube.common.mx_6.15.0.202507011659
2025-09-15 11:37:29,079 [ERROR] LogOutputStream:75 - [STDERR_REDIRECT] Sep 15, 2025 11:37:29 AM java.util.prefs.WindowsPreferences <init>
2025-09-15 11:37:29,082 [ERROR] LogOutputStream:75 - [STDERR_REDIRECT] WARNING: Could not open/create prefs root node Software\JavaSoft\Prefs at root 0xffffffff80000002. Windows RegCreateKeyEx(...) returned error code 5.
2025-09-15 11:37:29,082 [ERROR] LogOutputStream:75 - [STDERR_REDIRECT] 
2025-09-15 11:37:29,938 [FATAL] Updater:351 - Updater called before beeing initialized
2025-09-15 11:37:29,938 [ERROR] IntegrityCheckThread:130 - Cannot retrieve database content from updater: error 21
2025-09-15 11:37:29,939 [INFO] ThirdParty:978 - Integrity check success = false
2025-09-15 11:37:29,939 [INFO] IntegrityCheckThread:100 - exiting critical section [integrity check]
2025-09-15 11:37:29,939 [INFO] IntegrityCheckThread:103 - End integrity checks thread
2025-09-15 11:37:30,420 [INFO] MainUpdater:2872 - connection check result : 10
2025-09-15 11:37:30,422 [INFO] MainUpdater:289 - Updater Check For Update Now.
2025-09-15 11:37:30,422 [INFO] MicroXplorer:498 - Change Database Version : DB.6.0.150
2025-09-15 11:37:30,440 [INFO] McuFinderGlobals:63 - Set McuFinder mode to 2 (CubeIDE integrated)
2025-09-15 11:37:30,445 [INFO] UserAuth:487 - Internet connection configuration mode: 1
2025-09-15 11:37:30,506 [INFO] JxBrowserEngine:152 - Initiate JxBrowser Engine with user profile folder
2025-09-15 11:37:30,762 [INFO] CheckServerUpdateThread:120 - End of CheckServer Thread
2025-09-15 11:37:32,053 [INFO] WebApp:169 - Instantiating new browser for Auth
2025-09-15 11:37:33,576 [INFO] WebApp:463 - Apply proxy settings
2025-09-15 11:37:33,577 [INFO] WebApp:548 - Chromium requires no authentication
2025-09-15 11:37:33,592 [INFO] WebApp:491 - Direct internet connection detected
2025-09-15 11:37:33,642 [INFO] WebApp:900 - Register for checkConnection events
2025-09-15 11:37:33,643 [INFO] WebApp:463 - Apply proxy settings
2025-09-15 11:37:33,643 [INFO] WebApp:548 - Chromium requires no authentication
2025-09-15 11:37:33,644 [INFO] WebApp:491 - Direct internet connection detected
2025-09-15 11:37:34,049 [INFO] WebApp:225 - Starting web application
2025-09-15 11:37:34,050 [INFO] WebApp:593 - Web application path used C:\ST\STM32CubeIDE_1.16.0\STM32CubeIDE\plugins\com.st.stm32cube.common.mx_6.15.0.202507011659\db\plugins\mcufinder\reactClient1\index.html
2025-09-15 11:37:34,182 [INFO] UserAuth:487 - Internet connection configuration mode: 1
2025-09-15 11:37:34,748 [INFO] WebApp:191 - Connection restablished
2025-09-15 12:28:31,887 [INFO] WebApp:194 - Connection lost
2025-09-15 14:51:04,713 [INFO] WebApp:191 - Connection restablished
2025-09-15 14:51:07,665 [INFO] WebApp:194 - Connection lost
2025-09-15 14:51:07,934 [INFO] WebApp:191 - Connection restablished
2025-09-15 14:51:08,191 [INFO] WebApp:194 - Connection lost
2025-09-15 14:51:08,595 [INFO] WebApp:191 - Connection restablished
2025-09-15 17:31:01,822 [INFO] WebApp:194 - Connection lost
2025-09-15 21:47:13,450 [INFO] WebApp:191 - Connection restablished
2025-09-15 21:47:17,287 [INFO] WebApp:194 - Connection lost
2025-09-15 21:47:17,709 [INFO] WebApp:191 - Connection restablished
