2025-09-29 14:04:38,532 [INFO] Activator:176 - 


2025-09-29 14:04:38,544 [INFO] Activator:177 - !SESSION log4j initialized
2025-09-29 14:04:53,929 [INFO] LogOutputStream:77 - [STDOUT_REDIRECT] 
2025-09-29 14:05:00,503 [INFO] ApplicationProperties:184 - Using Application install path: C:\ST\STM32CubeIDE_1.16.0\STM32CubeIDE\plugins\com.st.stm32cube.common.mx_6.15.0.202507011659
2025-09-29 14:05:00,556 [INFO] DbMcusXml:78 - Set database path to: C:\ST\STM32CubeIDE_1.16.0\STM32CubeIDE\plugins\com.st.stm32cube.common.mx_6.15.0.202507011659\\db\/mcu/
2025-09-29 14:05:00,556 [INFO] ApiDb:274 - Set plugin database path to: C:\ST\STM32CubeIDE_1.16.0\STM32CubeIDE\plugins\com.st.stm32cube.common.mx_6.15.0.202507011659\\db\/plugins/boardmanager/
2025-09-29 14:05:00,557 [WARN] ApiDb:259 - Overriding images path with different value:  => C:\ST\STM32CubeIDE_1.16.0\STM32CubeIDE\plugins\com.st.stm32cube.common.mx_6.15.0.202507011659\\db\/plugins/mcufinder/images/
2025-09-29 14:05:00,580 [INFO] ApiDb:250 - Set database path to: C:\Users\nisha\.stmcufinder\plugins\mcufinder//mcu/
2025-09-29 14:05:00,583 [INFO] DbMcusAds:125 - Set database path to: C:\Users\nisha\.stmcufinder\plugins\mcufinder//mcu/
2025-09-29 14:05:00,590 [INFO] CrossReferenceDbSqlite:203 - Set database path to: C:\Users\nisha\.stmcufinder\plugins\mcufinder//mcu/cs/
2025-09-29 14:05:00,880 [INFO] RulesReader:64 - Compatibility file has been processed (317 Rules)
2025-09-29 14:05:01,164 [INFO] DbMcusXml:78 - Set database path to: C:\ST\STM32CubeIDE_1.16.0\STM32CubeIDE\plugins\com.st.stm32cube.common.mx_6.15.0.202507011659\\db\/mcu/
2025-09-29 14:05:01,164 [INFO] ApiDb:274 - Set plugin database path to: C:\ST\STM32CubeIDE_1.16.0\STM32CubeIDE\plugins\com.st.stm32cube.common.mx_6.15.0.202507011659\\db\/plugins/boardmanager/
2025-09-29 14:05:01,165 [INFO] ApiDb:261 - Set plugin images path to: C:\ST\STM32CubeIDE_1.16.0\STM32CubeIDE\plugins\com.st.stm32cube.common.mx_6.15.0.202507011659\\db\/plugins/mcufinder/images/
2025-09-29 14:05:01,165 [WARN] DbFile:41 - Overriding database path with different value: C:\Users\nisha\.stmcufinder\plugins\mcufinder/ => C:\Users\nisha\.stmcufinder\plugins\mcufinder
2025-09-29 14:05:01,166 [INFO] ApiDb:250 - Set database path to: C:\Users\nisha\.stmcufinder\plugins\mcufinder//mcu/
2025-09-29 14:05:01,166 [WARN] DbFile:41 - Overriding database path with different value: C:\Users\nisha\.stmcufinder\plugins\mcufinder/ => C:\Users\nisha\.stmcufinder\plugins\mcufinder
2025-09-29 14:05:01,166 [INFO] DbMcusAds:125 - Set database path to: C:\Users\nisha\.stmcufinder\plugins\mcufinder//mcu/
2025-09-29 14:05:01,166 [WARN] DbFile:41 - Overriding database path with different value: C:\Users\nisha\.stmcufinder\plugins\mcufinder/ => C:\Users\nisha\.stmcufinder\plugins\mcufinder
2025-09-29 14:05:01,166 [WARN] DbFile:41 - Overriding database path with different value: C:\Users\nisha\.stmcufinder\plugins\mcufinder/ => C:\Users\nisha\.stmcufinder\plugins\mcufinder
2025-09-29 14:05:01,167 [INFO] CrossReferenceDbSqlite:203 - Set database path to: C:\Users\nisha\.stmcufinder\plugins\mcufinder//mcu/cs/
2025-09-29 14:05:01,361 [INFO] MainPanel:274 - HeapMemory: 268435456
2025-09-29 14:05:01,650 [INFO] DbMcusXml:78 - Set database path to: C:\ST\STM32CubeIDE_1.16.0\STM32CubeIDE\plugins\com.st.stm32cube.common.mx_6.15.0.202507011659\\db\/mcu/
2025-09-29 14:05:01,650 [INFO] ApiDb:274 - Set plugin database path to: C:\ST\STM32CubeIDE_1.16.0\STM32CubeIDE\plugins\com.st.stm32cube.common.mx_6.15.0.202507011659\\db\/plugins/boardmanager/
2025-09-29 14:05:01,651 [INFO] ApiDb:261 - Set plugin images path to: C:\ST\STM32CubeIDE_1.16.0\STM32CubeIDE\plugins\com.st.stm32cube.common.mx_6.15.0.202507011659\\db\/plugins/mcufinder/images/
2025-09-29 14:05:01,651 [WARN] DbFile:41 - Overriding database path with different value: C:\Users\nisha\.stmcufinder\plugins\mcufinder/ => C:\Users\nisha\.stmcufinder\plugins\mcufinder
2025-09-29 14:05:01,651 [INFO] ApiDb:250 - Set database path to: C:\Users\nisha\.stmcufinder\plugins\mcufinder//mcu/
2025-09-29 14:05:01,651 [WARN] DbFile:41 - Overriding database path with different value: C:\Users\nisha\.stmcufinder\plugins\mcufinder/ => C:\Users\nisha\.stmcufinder\plugins\mcufinder
2025-09-29 14:05:01,652 [INFO] DbMcusAds:125 - Set database path to: C:\Users\nisha\.stmcufinder\plugins\mcufinder//mcu/
2025-09-29 14:05:01,652 [WARN] DbFile:41 - Overriding database path with different value: C:\Users\nisha\.stmcufinder\plugins\mcufinder/ => C:\Users\nisha\.stmcufinder\plugins\mcufinder
2025-09-29 14:05:01,652 [WARN] DbFile:41 - Overriding database path with different value: C:\Users\nisha\.stmcufinder\plugins\mcufinder/ => C:\Users\nisha\.stmcufinder\plugins\mcufinder
2025-09-29 14:05:01,652 [INFO] CrossReferenceDbSqlite:203 - Set database path to: C:\Users\nisha\.stmcufinder\plugins\mcufinder//mcu/cs/
2025-09-29 14:05:01,682 [INFO] ApplicationProperties:184 - Using Application install path: C:\ST\STM32CubeIDE_1.16.0\STM32CubeIDE\plugins\com.st.stm32cube.common.mx_6.15.0.202507011659
2025-09-29 14:05:01,684 [INFO] PluginManage:196 - Search for loadable plugins [exclusion list=, ]
2025-09-29 14:05:01,686 [INFO] PluginManage:310 - Check plugin analytics
2025-09-29 14:05:02,231 [INFO] AnalyticsPlugin:253 - Accepted Software Licenses: 
2025-09-29 14:05:02,231 [INFO] AnalyticsPlugin:255 - Accepted CMSIS Pack Licenses: 
2025-09-29 14:05:02,232 [INFO] AnalyticsPlugin:257 - Accepted Firmware Licenses: FW.F4.1.28.0
2025-09-29 14:05:02,246 [INFO] PluginManage:359 - Loaded plugin analytics (category:tool,tabindex:-1)
2025-09-29 14:05:02,249 [INFO] PluginManage:310 - Check plugin cadmodel
2025-09-29 14:05:02,295 [INFO] CADModel:105 - Init CAD model plugin
2025-09-29 14:05:02,295 [INFO] PluginManage:359 - Loaded plugin cadmodel (category:power,tabindex:5)
2025-09-29 14:05:02,296 [INFO] PluginManage:310 - Check plugin clock
2025-09-29 14:05:02,358 [INFO] PluginManage:359 - Loaded plugin clock (category:base,tabindex:2)
2025-09-29 14:05:02,358 [INFO] PluginManage:310 - Check plugin ddr
2025-09-29 14:05:02,374 [INFO] PluginManage:359 - Loaded plugin ddr (category:tool,tabindex:6)
2025-09-29 14:05:02,374 [INFO] PluginManage:310 - Check plugin filemanager
2025-09-29 14:05:03,018 [INFO] PluginManage:359 - Loaded plugin filemanager (category:base,tabindex:10)
2025-09-29 14:05:03,019 [INFO] PluginManage:310 - Check plugin ipmanager
2025-09-29 14:05:03,033 [INFO] PluginManage:359 - Loaded plugin ipmanager (category:base,tabindex:5)
2025-09-29 14:05:03,034 [INFO] PluginManage:310 - Check plugin lpbam
2025-09-29 14:05:03,102 [INFO] PluginManage:359 - Loaded plugin lpbam (category:base,tabindex:0)
2025-09-29 14:05:03,102 [INFO] PluginManage:310 - Check plugin memorymap
2025-09-29 14:05:03,266 [INFO] PluginManage:359 - Loaded plugin memorymap (category:base,tabindex:4)
2025-09-29 14:05:03,266 [INFO] PluginManage:310 - Check plugin pinoutandconfiguration
2025-09-29 14:05:03,306 [INFO] PluginManage:359 - Loaded plugin pinoutandconfiguration (category:base,tabindex:1)
2025-09-29 14:05:03,306 [INFO] PluginManage:310 - Check plugin pinoutconfig
2025-09-29 14:05:03,435 [WARN] SupportedApi:132 - Cannot load RTOS API schema: s4s-elt-must-match.1: The content of 'definitions' must match (annotation?, (simpleType | complexType)?, (unique | key | keyref)*)). A problem was found starting at: attribute.
2025-09-29 14:05:03,663 [INFO] PluginManage:359 - Loaded plugin pinoutconfig (category:base,tabindex:0)
2025-09-29 14:05:03,663 [INFO] PluginManage:310 - Check plugin power
2025-09-29 14:05:03,711 [INFO] PluginManage:359 - Loaded plugin power (category:power,tabindex:4)
2025-09-29 14:05:03,711 [INFO] PluginManage:310 - Check plugin projectmanager
2025-09-29 14:05:03,738 [INFO] PluginManage:359 - Loaded plugin projectmanager (category:projectmanager,tabindex:4)
2025-09-29 14:05:03,738 [INFO] PluginManage:310 - Check plugin rif
2025-09-29 14:05:03,770 [INFO] PluginManage:359 - Loaded plugin rif (category:base,tabindex:3)
2025-09-29 14:05:03,772 [INFO] PluginManage:310 - Check plugin thirdparty
2025-09-29 14:05:04,252 [INFO] PluginManage:359 - Loaded plugin thirdparty (category:base,tabindex:-1)
2025-09-29 14:05:04,252 [WARN] IntegrityCheckThread:84 - waiting for thirdparty lock release [integrity check]
2025-09-29 14:05:04,253 [INFO] IntegrityCheckThread:86 - entering critical section [integrity check]
2025-09-29 14:05:04,253 [INFO] PluginManage:310 - Check plugin tools
2025-09-29 14:05:04,254 [INFO] ThirdPartyUpdaterWithRetryManager:70 - Updater plugin not ready yet. [1/15]
2025-09-29 14:05:04,300 [INFO] PluginManage:359 - Loaded plugin tools (category:base,tabindex:7)
2025-09-29 14:05:04,300 [INFO] PluginManage:310 - Check plugin tutovideos
2025-09-29 14:05:04,661 [INFO] PluginManage:359 - Loaded plugin tutovideos (category:base,tabindex:-1)
2025-09-29 14:05:04,661 [INFO] PluginManage:310 - Check plugin updater
2025-09-29 14:05:04,690 [INFO] PluginManage:359 - Loaded plugin updater (category:base,tabindex:12)
2025-09-29 14:05:04,690 [INFO] PluginManage:310 - Check plugin userauth
2025-09-29 14:05:04,697 [INFO] UserAuth:118 - Init User Auth plugin
2025-09-29 14:05:04,698 [INFO] PluginManage:359 - Loaded plugin userauth (category:base,tabindex:14)
2025-09-29 14:05:04,698 [INFO] PluginManage:283 - PluginManage : Loaded plugins [18]
2025-09-29 14:05:05,004 [INFO] PinOutPanel:1589 - setPackage(No Configuration,No Configuration)
2025-09-29 14:05:05,120 [INFO] CADModel:165 - CPN selected for project level
2025-09-29 14:05:05,121 [INFO] CADModel:114 - Register for checkConnection events
2025-09-29 14:05:05,156 [INFO] IPUIPlugin:80 - create IPUIPlugin
2025-09-29 14:05:05,157 [INFO] PluginManager:220 - loadIPPluginJar : add adc
2025-09-29 14:05:05,201 [INFO] IPUIPlugin:80 - create IPUIPlugin
2025-09-29 14:05:05,201 [INFO] PluginManager:220 - loadIPPluginJar : add aes
2025-09-29 14:05:05,274 [INFO] IPUIPlugin:80 - create IPUIPlugin
2025-09-29 14:05:05,275 [INFO] PluginManager:220 - loadIPPluginJar : add can
2025-09-29 14:05:05,335 [INFO] IPUIPlugin:80 - create IPUIPlugin
2025-09-29 14:05:05,335 [INFO] PluginManager:220 - loadIPPluginJar : add comp
2025-09-29 14:05:05,413 [INFO] IPUIPlugin:80 - create IPUIPlugin
2025-09-29 14:05:05,414 [INFO] PluginManager:220 - loadIPPluginJar : add cryp
2025-09-29 14:05:05,445 [INFO] IPUIPlugin:80 - create IPUIPlugin
2025-09-29 14:05:05,445 [INFO] PluginManager:220 - loadIPPluginJar : add ddr_ctrl_phy
2025-09-29 14:05:05,516 [INFO] IPUIPlugin:80 - create IPUIPlugin
2025-09-29 14:05:05,517 [INFO] PluginManager:220 - loadIPPluginJar : add dfsdm
2025-09-29 14:05:05,551 [INFO] IPUIPlugin:80 - create IPUIPlugin
2025-09-29 14:05:05,552 [INFO] PluginManager:220 - loadIPPluginJar : add dma
2025-09-29 14:05:05,633 [INFO] IPUIPlugin:80 - create IPUIPlugin
2025-09-29 14:05:05,633 [INFO] PluginManager:220 - loadIPPluginJar : add dma3
2025-09-29 14:05:05,721 [INFO] IPUIPlugin:80 - create IPUIPlugin
2025-09-29 14:05:05,721 [INFO] PluginManager:220 - loadIPPluginJar : add extmemmanager
2025-09-29 14:05:05,750 [INFO] IPUIPlugin:80 - create IPUIPlugin
2025-09-29 14:05:05,750 [INFO] PluginManager:220 - loadIPPluginJar : add fatfs
2025-09-29 14:05:05,835 [INFO] IPUIPlugin:80 - create IPUIPlugin
2025-09-29 14:05:05,835 [INFO] PluginManager:220 - loadIPPluginJar : add fmc
2025-09-29 14:05:05,867 [INFO] IPUIPlugin:80 - create IPUIPlugin
2025-09-29 14:05:05,867 [INFO] PluginManager:220 - loadIPPluginJar : add freertos
2025-09-29 14:05:05,920 [INFO] IPUIPlugin:80 - create IPUIPlugin
2025-09-29 14:05:05,920 [INFO] PluginManager:220 - loadIPPluginJar : add genericplugin
2025-09-29 14:05:06,087 [INFO] IPUIPlugin:80 - create IPUIPlugin
2025-09-29 14:05:06,088 [INFO] PluginManager:220 - loadIPPluginJar : add gfxmmu
2025-09-29 14:05:06,226 [INFO] IPUIPlugin:80 - create IPUIPlugin
2025-09-29 14:05:06,226 [INFO] PluginManager:220 - loadIPPluginJar : add gic
2025-09-29 14:05:06,243 [INFO] IPUIPlugin:80 - create IPUIPlugin
2025-09-29 14:05:06,244 [INFO] PluginManager:220 - loadIPPluginJar : add gpio
2025-09-29 14:05:06,356 [INFO] IPUIPlugin:80 - create IPUIPlugin
2025-09-29 14:05:06,356 [INFO] PluginManager:220 - loadIPPluginJar : add gtzc
2025-09-29 14:05:06,416 [INFO] IPUIPlugin:80 - create IPUIPlugin
2025-09-29 14:05:06,416 [INFO] PluginManager:220 - loadIPPluginJar : add hash
2025-09-29 14:05:06,481 [INFO] IPUIPlugin:80 - create IPUIPlugin
2025-09-29 14:05:06,481 [INFO] PluginManager:220 - loadIPPluginJar : add i2c
2025-09-29 14:05:06,534 [INFO] IPUIPlugin:80 - create IPUIPlugin
2025-09-29 14:05:06,534 [INFO] PluginManager:220 - loadIPPluginJar : add i2s
2025-09-29 14:05:06,602 [INFO] IPUIPlugin:80 - create IPUIPlugin
2025-09-29 14:05:06,603 [INFO] PluginManager:220 - loadIPPluginJar : add i3c
2025-09-29 14:05:06,721 [INFO] IPUIPlugin:80 - create IPUIPlugin
2025-09-29 14:05:06,721 [INFO] PluginManager:220 - loadIPPluginJar : add ipddr
2025-09-29 14:05:06,847 [INFO] IPUIPlugin:80 - create IPUIPlugin
2025-09-29 14:05:06,849 [INFO] PluginManager:220 - loadIPPluginJar : add linkedlist
2025-09-29 14:05:06,899 [INFO] IPUIPlugin:80 - create IPUIPlugin
2025-09-29 14:05:06,899 [INFO] PluginManager:220 - loadIPPluginJar : add lorawan
2025-09-29 14:05:06,939 [INFO] IPUIPlugin:80 - create IPUIPlugin
2025-09-29 14:05:06,939 [INFO] PluginManager:220 - loadIPPluginJar : add ltdc
2025-09-29 14:05:06,955 [INFO] IPUIPlugin:80 - create IPUIPlugin
2025-09-29 14:05:06,956 [INFO] PluginManager:220 - loadIPPluginJar : add mdma
2025-09-29 14:05:06,976 [INFO] IPUIPlugin:80 - create IPUIPlugin
2025-09-29 14:05:06,976 [INFO] PluginManager:220 - loadIPPluginJar : add nvic
2025-09-29 14:05:07,030 [INFO] IPUIPlugin:80 - create IPUIPlugin
2025-09-29 14:05:07,030 [INFO] PluginManager:220 - loadIPPluginJar : add opamp
2025-09-29 14:05:07,145 [INFO] IPUIPlugin:80 - create IPUIPlugin
2025-09-29 14:05:07,145 [INFO] PluginManager:220 - loadIPPluginJar : add openamp
2025-09-29 14:05:07,226 [INFO] IPUIPlugin:80 - create IPUIPlugin
2025-09-29 14:05:07,227 [INFO] PluginManager:220 - loadIPPluginJar : add pdm2pcm
2025-09-29 14:05:07,255 [INFO] IPUIPlugin:80 - create IPUIPlugin
2025-09-29 14:05:07,256 [INFO] ThirdPartyUpdaterWithRetryManager:70 - Updater plugin not ready yet. [2/15]
2025-09-29 14:05:07,259 [INFO] PluginManager:220 - loadIPPluginJar : add plateformsettings
2025-09-29 14:05:07,306 [INFO] IPUIPlugin:80 - create IPUIPlugin
2025-09-29 14:05:07,307 [INFO] PluginManager:220 - loadIPPluginJar : add quadspi
2025-09-29 14:05:07,346 [INFO] IPUIPlugin:80 - create IPUIPlugin
2025-09-29 14:05:07,346 [INFO] PluginManager:220 - loadIPPluginJar : add radio
2025-09-29 14:05:07,366 [INFO] IPUIPlugin:80 - create IPUIPlugin
2025-09-29 14:05:07,366 [INFO] PluginManager:220 - loadIPPluginJar : add resmgrutility
2025-09-29 14:05:07,448 [INFO] IPUIPlugin:80 - create IPUIPlugin
2025-09-29 14:05:07,448 [INFO] PluginManager:220 - loadIPPluginJar : add sai
2025-09-29 14:05:07,494 [INFO] IPUIPlugin:80 - create IPUIPlugin
2025-09-29 14:05:07,494 [INFO] PluginManager:220 - loadIPPluginJar : add spi
2025-09-29 14:05:07,603 [INFO] IPUIPlugin:80 - create IPUIPlugin
2025-09-29 14:05:07,603 [INFO] PluginManager:220 - loadIPPluginJar : add stm32_wpan
2025-09-29 14:05:07,652 [INFO] IPUIPlugin:80 - create IPUIPlugin
2025-09-29 14:05:07,653 [INFO] PluginManager:220 - loadIPPluginJar : add tim
2025-09-29 14:05:07,749 [INFO] IPUIPlugin:80 - create IPUIPlugin
2025-09-29 14:05:07,749 [INFO] PluginManager:220 - loadIPPluginJar : add touchsensing
2025-09-29 14:05:07,779 [INFO] IPUIPlugin:80 - create IPUIPlugin
2025-09-29 14:05:07,779 [INFO] PluginManager:220 - loadIPPluginJar : add tracer_emb
2025-09-29 14:05:07,804 [INFO] IPUIPlugin:80 - create IPUIPlugin
2025-09-29 14:05:07,804 [INFO] PluginManager:220 - loadIPPluginJar : add ts
2025-09-29 14:05:07,829 [INFO] IPUIPlugin:80 - create IPUIPlugin
2025-09-29 14:05:07,829 [INFO] PluginManager:220 - loadIPPluginJar : add tsc
2025-09-29 14:05:07,863 [INFO] IPUIPlugin:80 - create IPUIPlugin
2025-09-29 14:05:07,863 [INFO] PluginManager:220 - loadIPPluginJar : add ucpd
2025-09-29 14:05:07,923 [INFO] IPUIPlugin:80 - create IPUIPlugin
2025-09-29 14:05:07,923 [INFO] PluginManager:220 - loadIPPluginJar : add usart
2025-09-29 14:05:07,970 [INFO] IPUIPlugin:80 - create IPUIPlugin
2025-09-29 14:05:07,970 [INFO] PluginManager:220 - loadIPPluginJar : add usbx
2025-09-29 14:05:08,128 [FATAL] Updater:351 - Updater called before beeing initialized
2025-09-29 14:05:08,210 [INFO] RulesReader:64 - Compatibility file has been processed (317 Rules)
2025-09-29 14:05:08,231 [INFO] RulesReader:64 - Compatibility file has been processed (317 Rules)
2025-09-29 14:05:08,272 [INFO] CADModel:165 - CPN selected for project level
2025-09-29 14:05:08,273 [INFO] CADModel:114 - Register for checkConnection events
2025-09-29 14:05:08,273 [FATAL] Updater:351 - Updater called before beeing initialized
2025-09-29 14:05:08,274 [ERROR] CADModel:125 - Updater not yet initialized, retry later 
2025-09-29 14:05:08,555 [FATAL] Updater:351 - Updater called before beeing initialized
2025-09-29 14:05:08,560 [INFO] CADModel:165 - CPN selected for project level
2025-09-29 14:05:08,560 [INFO] CADModel:114 - Register for checkConnection events
2025-09-29 14:05:08,560 [FATAL] Updater:351 - Updater called before beeing initialized
2025-09-29 14:05:08,560 [ERROR] CADModel:125 - Updater not yet initialized, retry later 
2025-09-29 14:05:08,566 [FATAL] Updater:351 - Updater called before beeing initialized
2025-09-29 14:05:08,784 [FATAL] Updater:351 - Updater called before beeing initialized
2025-09-29 14:05:08,799 [INFO] DbMcusAds:53 - JSON generation date=Tue Jul 08 13:44:27 IST 2025 (1751962467633)
2025-09-29 14:05:08,800 [FATAL] Updater:351 - Updater called before beeing initialized
2025-09-29 14:05:08,878 [WARN] DetailPanel:346 - Failed to get advertising image, set to default
2025-09-29 14:05:09,026 [FATAL] Updater:351 - Updater called before beeing initialized
2025-09-29 14:05:09,031 [FATAL] Updater:351 - Updater called before beeing initialized
2025-09-29 14:05:09,031 [FATAL] Updater:351 - Updater called before beeing initialized
2025-09-29 14:05:09,031 [WARN] DetailPanel:346 - Failed to get advertising image, set to default
2025-09-29 14:05:09,033 [FATAL] Updater:351 - Updater called before beeing initialized
2025-09-29 14:05:09,184 [ERROR] Updater:1198 - MainUpdater not yet initialized. External WinMGr cannot be set.
2025-09-29 14:05:09,210 [INFO] Updater:1134 - Updater Version found : 6.15.0
2025-09-29 14:05:09,250 [INFO] ApplicationProperties:184 - Using Application install path: C:\ST\STM32CubeIDE_1.16.0\STM32CubeIDE\plugins\com.st.stm32cube.common.mx_6.15.0.202507011659
2025-09-29 14:05:10,256 [INFO] ThirdPartyUpdaterWithRetryManager:70 - Updater plugin not ready yet. [3/15]
2025-09-29 14:05:10,896 [ERROR] LogOutputStream:75 - [STDERR_REDIRECT] Sep 29, 2025 2:05:10 PM java.util.prefs.WindowsPreferences <init>
2025-09-29 14:05:10,898 [ERROR] LogOutputStream:75 - [STDERR_REDIRECT] WARNING: Could not open/create prefs root node Software\JavaSoft\Prefs at root 0xffffffff80000002. Windows RegCreateKeyEx(...) returned error code 5.
2025-09-29 14:05:10,898 [ERROR] LogOutputStream:75 - [STDERR_REDIRECT] 
2025-09-29 14:05:12,455 [INFO] MainUpdater:2872 - connection check result : 10
2025-09-29 14:05:12,455 [INFO] MainUpdater:3604 - Updater definition file requires update
2025-09-29 14:05:12,457 [INFO] MainUpdater:289 - Updater Check For Update Now.
2025-09-29 14:05:12,457 [INFO] MicroXplorer:498 - Change Database Version : DB.6.0.150
2025-09-29 14:05:12,491 [INFO] McuFinderGlobals:63 - Set McuFinder mode to 2 (CubeIDE integrated)
2025-09-29 14:05:12,504 [INFO] UserAuth:487 - Internet connection configuration mode: 1
2025-09-29 14:05:12,563 [INFO] JxBrowserEngine:152 - Initiate JxBrowser Engine with user profile folder
2025-09-29 14:05:12,972 [INFO] ServerAccessManage:452 - Complete download http(s) 200
2025-09-29 14:05:12,974 [INFO] ServerAccessManage:509 - Download File updaters.zip
2025-09-29 14:05:13,257 [WARN] MainUpdater:1193 - Updater busy. Cannot search thirdparties
2025-09-29 14:05:13,258 [INFO] ThirdPartyUpdaterWithRetryManager:96 - Updater plugin is busy. [1/15]
2025-09-29 14:05:13,478 [INFO] FileExtend:248 - Unzip File : updaters.zip
2025-09-29 14:05:13,479 [INFO] FileExtend:263 - Standard Zip Deflate
2025-09-29 14:05:14,804 [INFO] ServerAccessManage:452 - Complete download http(s) 200
2025-09-29 14:05:14,804 [INFO] ServerAccessManage:509 - Download File PacksControlFlags.xml
2025-09-29 14:05:15,130 [INFO] ServerAccessManage:452 - Complete download http(s) 200
2025-09-29 14:05:15,130 [INFO] ServerAccessManage:509 - Download File cubemx.pidx
2025-09-29 14:05:16,260 [WARN] MainUpdater:1193 - Updater busy. Cannot search thirdparties
2025-09-29 14:05:16,260 [INFO] ThirdPartyUpdaterWithRetryManager:96 - Updater plugin is busy. [2/15]
2025-09-29 14:05:17,565 [INFO] WebApp:169 - Instantiating new browser for Auth
2025-09-29 14:05:18,558 [INFO] LoadServerUpdatesThread:375 - End of LoadServerUpdate Thread
2025-09-29 14:05:18,777 [INFO] CheckServerUpdateThread:120 - End of CheckServer Thread
2025-09-29 14:05:20,010 [WARN] PackLoader:240 - Cannot read IP mode file for STMicroelectronics.FP-SNS-MOTENVWB1.1.4.0
2025-09-29 14:05:20,053 [WARN] PackLoader:240 - Cannot read IP mode file for STMicroelectronics.X-CUBE-SMBUS.2.1.0
2025-09-29 14:05:20,094 [WARN] PackLoader:240 - Cannot read IP mode file for STMicroelectronics.X-CUBE-WB05N.1.1.0
2025-09-29 14:05:20,119 [WARN] PackLoader:240 - Cannot read IP mode file for STMicroelectronics.X-CUBE-ST60.1.0.0
2025-09-29 14:05:20,177 [WARN] PackLoader:240 - Cannot read IP mode file for STMicroelectronics.X-CUBE-AZRTOS-F7.1.1.0
2025-09-29 14:05:20,261 [WARN] PackLoader:240 - Cannot read IP mode file for STMicroelectronics.X-CUBE-MEMS1.11.0.0
2025-09-29 14:05:20,475 [WARN] PackLoader:240 - Cannot read IP mode file for STMicroelectronics.FP-SNS-FLIGHT1.5.0.2
2025-09-29 14:05:20,523 [WARN] PackLoader:240 - Cannot read IP mode file for STMicroelectronics.X-CUBE-AZRTOS-H7.3.4.0
2025-09-29 14:05:20,551 [WARN] PackLoader:240 - Cannot read IP mode file for STMicroelectronics.X-CUBE-DISPLAY.3.0.0
2025-09-29 14:05:20,578 [WARN] PackLoader:240 - Cannot read IP mode file for STMicroelectronics.X-CUBE-BLE1.7.0.0
2025-09-29 14:05:20,604 [WARN] PackLoader:240 - Cannot read IP mode file for STMicroelectronics.X-CUBE-NFC10.1.0.0
2025-09-29 14:05:20,649 [WARN] PackLoader:240 - Cannot read IP mode file for STMicroelectronics.X-CUBE-BLEMGR.4.0.0
2025-09-29 14:05:20,690 [WARN] PackLoader:240 - Cannot read IP mode file for emotas.I-CUBE-CANOPEN.1.3.0
2025-09-29 14:05:20,721 [WARN] PackLoader:240 - Cannot read IP mode file for STMicroelectronics.X-CUBE-BLEMGR.3.1.0
2025-09-29 14:05:20,751 [WARN] PackLoader:240 - Cannot read IP mode file for STMicroelectronics.FP-SNS-STBOX1.2.1.0
2025-09-29 14:05:20,779 [WARN] PackLoader:240 - Cannot read IP mode file for STMicroelectronics.FP-SNS-SMARTAG2.1.2.0
2025-09-29 14:05:20,788 [WARN] PackLoader:240 - Cannot read IP mode file for STMicroelectronics.FP-SNS-FLIGHT1.5.1.0
2025-09-29 14:05:20,825 [INFO] LogOutputStream:77 - [STDOUT_REDIRECT] 1 : Invalid condition id : UX_CORESTACK_Condition cause : null
2025-09-29 14:05:20,829 [INFO] LogOutputStream:77 - [STDOUT_REDIRECT] 1 : Invalid condition id : UX_CORESTACK_Condition cause : null
2025-09-29 14:05:20,832 [INFO] LogOutputStream:77 - [STDOUT_REDIRECT] 1 : Invalid condition id : UX_CORESTACK_Condition cause : null
2025-09-29 14:05:20,835 [INFO] LogOutputStream:77 - [STDOUT_REDIRECT] 1 : Invalid condition id : UX_CORESTACK_Condition cause : null
2025-09-29 14:05:20,837 [INFO] LogOutputStream:77 - [STDOUT_REDIRECT] 1 : Invalid condition id : UX_CORESTACK_Condition cause : null
2025-09-29 14:05:20,841 [WARN] PackLoader:240 - Cannot read IP mode file for STMicroelectronics.X-CUBE-AZRTOS-WL.2.0.0
2025-09-29 14:05:20,867 [WARN] PackLoader:240 - Cannot read IP mode file for STMicroelectronics.FP-SNS-MOTENV1.5.0.0
2025-09-29 14:05:20,876 [WARN] PackLoader:240 - Cannot read IP mode file for wolfSSL.I-CUBE-wolfMQTT.1.19.0
2025-09-29 14:05:20,903 [WARN] PackLoader:240 - Cannot read IP mode file for WES.I-CUBE-Cesium.1.3.0
2025-09-29 14:05:20,929 [WARN] PackLoader:240 - Cannot read IP mode file for STMicroelectronics.X-CUBE-BLE2.3.3.0
2025-09-29 14:05:20,957 [WARN] PackLoader:240 - Cannot read IP mode file for STMicroelectronics.X-CUBE-NFC9.1.0.0
2025-09-29 14:05:20,979 [WARN] PackLoader:240 - Cannot read IP mode file for STMicroelectronics.X-CUBE-BLE1.7.1.0
2025-09-29 14:05:21,007 [WARN] PackLoader:240 - Cannot read IP mode file for STMicroelectronics.X-CUBE-TCPP.4.1.0
2025-09-29 14:05:21,035 [WARN] PackLoader:240 - Cannot read IP mode file for STMicroelectronics.X-CUBE-EEPRMA1.5.2.0
2025-09-29 14:05:21,058 [WARN] PackLoader:240 - Cannot read IP mode file for STMicroelectronics.X-CUBE-AI.10.1.0
2025-09-29 14:05:21,095 [WARN] PackLoader:240 - Cannot read IP mode file for STMicroelectronics.X-CUBE-AZRTOS-G0.1.1.0
2025-09-29 14:05:21,124 [WARN] PackLoader:240 - Cannot read IP mode file for STMicroelectronics.X-CUBE-SAFEA1.1.2.2
2025-09-29 14:05:21,151 [WARN] PackLoader:240 - Cannot read IP mode file for STMicroelectronics.X-CUBE-NFC4.3.0.0
2025-09-29 14:05:21,185 [WARN] PackLoader:240 - Cannot read IP mode file for EmbeddedOffice.I-CUBE-FS-RTOS.1.0.1
2025-09-29 14:05:21,211 [WARN] PackLoader:240 - Cannot read IP mode file for STMicroelectronics.X-CUBE-WB05N.2.0.0
2025-09-29 14:05:21,243 [WARN] PackLoader:240 - Cannot read IP mode file for STMicroelectronics.X-CUBE-TCPP.4.2.0
2025-09-29 14:05:21,272 [WARN] PackLoader:240 - Cannot read IP mode file for RealThread.X-CUBE-RT-Thread_Nano.4.1.1
2025-09-29 14:05:21,295 [WARN] PackLoader:240 - Cannot read IP mode file for wolfSSL.I-CUBE-wolfSSL.5.7.0
2025-09-29 14:05:21,303 [WARN] PackLoader:240 - Cannot read IP mode file for STMicroelectronics.FP-ATR-SIGFOX1.3.2.0
2025-09-29 14:05:21,312 [WARN] ConditionMgr:438 - getConditionDescription Invalid condition id : Cortex-A Device cause : null
2025-09-29 14:05:21,361 [WARN] ConditionMgr:1044 - genDependencies : Invalid condition id : Cortex-A Device cause : null
2025-09-29 14:05:21,361 [WARN] ConditionMgr:1044 - genDependencies : Invalid condition id : Cortex-A Device cause : null
2025-09-29 14:05:21,362 [WARN] ConditionMgr:1044 - genDependencies : Invalid condition id : Cortex-A Device cause : null
2025-09-29 14:05:21,385 [WARN] PackLoader:240 - Cannot read IP mode file for STMicroelectronics.X-CUBE-EEPRMA1.5.1.0
2025-09-29 14:05:21,411 [WARN] PackLoader:240 - Cannot read IP mode file for ITTIA_DB.I-CUBE-ITTIADB.8.9.0
2025-09-29 14:05:21,445 [WARN] PackLoader:240 - Cannot read IP mode file for STMicroelectronics.X-CUBE-ST67W61.1.0.0
2025-09-29 14:05:21,468 [WARN] PackLoader:240 - Cannot read IP mode file for STMicroelectronics.X-CUBE-AI.10.2.0
2025-09-29 14:05:21,510 [WARN] PackLoader:240 - Cannot read IP mode file for SEGGER.I-CUBE-embOS.1.3.1
2025-09-29 14:05:21,576 [WARN] PackLoader:240 - Cannot read IP mode file for STMicroelectronics.X-CUBE-ALGOBUILD.1.4.0
2025-09-29 14:05:21,647 [WARN] PackLoader:240 - Cannot read IP mode file for STMicroelectronics.X-CUBE-MEMS1.11.3.0
2025-09-29 14:05:21,753 [WARN] PackLoader:240 - Cannot read IP mode file for STMicroelectronics.X-CUBE-AI.9.1.0
2025-09-29 14:05:21,775 [WARN] PackLoader:240 - Cannot read IP mode file for STMicroelectronics.X-CUBE-PM33A1.1.0.0
2025-09-29 14:05:21,796 [WARN] PackLoader:240 - Cannot read IP mode file for STMicroelectronics.X-CUBE-GNSS1.6.0.0
2025-09-29 14:05:21,845 [WARN] PackLoader:240 - Cannot read IP mode file for STMicroelectronics.X-CUBE-AZRTOS-F4.1.1.0
2025-09-29 14:05:21,948 [WARN] PackLoader:240 - Cannot read IP mode file for Avnet-IotConnect.X-CUBE-IoTC-DA16k-PMOD.1.0.0
2025-09-29 14:05:21,978 [WARN] PackLoader:240 - Cannot read IP mode file for STMicroelectronics.X-CUBE-ISPU.2.1.0
2025-09-29 14:05:22,002 [WARN] PackLoader:240 - Cannot read IP mode file for STMicroelectronics.X-CUBE-FREERTOS.1.2.0
2025-09-29 14:05:22,030 [WARN] PackLoader:240 - Cannot read IP mode file for STMicroelectronics.X-CUBE-NFC12.1.0.0
2025-09-29 14:05:22,069 [WARN] PackLoader:240 - Cannot read IP mode file for STMicroelectronics.X-CUBE-AZRTOS-L5.2.0.0
2025-09-29 14:05:22,097 [WARN] PackLoader:240 - Cannot read IP mode file for STMicroelectronics.X-CUBE-NFC6.3.1.0
2025-09-29 14:05:22,126 [WARN] PackLoader:240 - Cannot read IP mode file for STMicroelectronics.X-CUBE-DPower.1.2.0
2025-09-29 14:05:22,165 [WARN] PackLoader:240 - Cannot read IP mode file for STMicroelectronics.X-CUBE-AI.9.0.0
2025-09-29 14:05:22,203 [WARN] PackLoader:240 - Cannot read IP mode file for STMicroelectronics.X-CUBE-FREERTOS.1.3.1
2025-09-29 14:05:22,276 [WARN] PackLoader:240 - Cannot read IP mode file for STMicroelectronics.X-CUBE-NFC7.1.0.1
2025-09-29 14:05:22,290 [WARN] PackLoader:240 - Cannot read IP mode file for wolfSSL.I-CUBE-wolfTPM.3.2.0
2025-09-29 14:05:22,319 [WARN] PackLoader:240 - Cannot read IP mode file for STMicroelectronics.FP-SNS-STAIOTCFT.1.0.0
2025-09-29 14:05:22,340 [WARN] PackLoader:240 - Cannot read IP mode file for STMicroelectronics.X-CUBE-DPower.1.3.0
2025-09-29 14:05:22,397 [WARN] ConditionMgr:438 - getConditionDescription Invalid condition id : LAN8742 Phy interface Condition cause : null
2025-09-29 14:05:22,398 [WARN] PackLoader:240 - Cannot read IP mode file for STMicroelectronics.X-CUBE-AZRTOS-L4.2.0.0
2025-09-29 14:05:22,399 [WARN] ConditionMgr:1044 - genDependencies : Invalid condition id : LAN8742 Phy interface Condition cause : null
2025-09-29 14:05:22,400 [WARN] ConditionMgr:1044 - genDependencies : Invalid condition id : LAN8742 Phy interface Condition cause : null
2025-09-29 14:05:22,400 [WARN] ConditionMgr:1044 - genDependencies : Invalid condition id : LAN8742 Phy interface Condition cause : null
2025-09-29 14:05:22,424 [WARN] PackLoader:240 - Cannot read IP mode file for STMicroelectronics.X-CUBE-SFXS2LP1.4.0.0
2025-09-29 14:05:22,467 [WARN] PackLoader:240 - Cannot read IP mode file for STMicroelectronics.X-CUBE-AZRTOS-H7.3.3.0
2025-09-29 14:05:22,506 [WARN] PackLoader:240 - Cannot read IP mode file for STMicroelectronics.X-CUBE-BLEMGR.4.1.0
2025-09-29 14:05:22,534 [WARN] PackLoader:240 - Cannot read IP mode file for STMicroelectronics.X-CUBE-IPS.3.0.0
2025-09-29 14:05:22,576 [WARN] ConditionMgr:438 - getConditionDescription Invalid condition id : UX DEVICE CLASS RTOS Condition cause : null
2025-09-29 14:05:22,576 [WARN] ConditionMgr:438 - getConditionDescription Invalid condition id : UX DEVICE CLASS RTOS Condition cause : null
2025-09-29 14:05:22,578 [WARN] PackLoader:240 - Cannot read IP mode file for STMicroelectronics.X-CUBE-AZRTOS-WB.2.0.0
2025-09-29 14:05:22,578 [WARN] ConditionMgr:1044 - genDependencies : Invalid condition id : UX DEVICE CLASS RTOS Condition cause : null
2025-09-29 14:05:22,578 [WARN] ConditionMgr:1044 - genDependencies : Invalid condition id : UX DEVICE CLASS RTOS Condition cause : null
2025-09-29 14:05:22,579 [WARN] ConditionMgr:1044 - genDependencies : Invalid condition id : UX DEVICE CLASS RTOS Condition cause : null
2025-09-29 14:05:22,579 [WARN] ConditionMgr:1044 - genDependencies : Invalid condition id : UX DEVICE CLASS RTOS Condition cause : null
2025-09-29 14:05:22,579 [WARN] ConditionMgr:1044 - genDependencies : Invalid condition id : UX DEVICE CLASS RTOS Condition cause : null
2025-09-29 14:05:22,599 [WARN] PackLoader:240 - Cannot read IP mode file for STMicroelectronics.X-CUBE-GNSS1.7.0.0
2025-09-29 14:05:22,623 [WARN] PackLoader:240 - Cannot read IP mode file for STMicroelectronics.X-CUBE-GNSS1.7.0.1
2025-09-29 14:05:22,655 [WARN] PackLoader:240 - Cannot read IP mode file for STMicroelectronics.X-CUBE-TOUCHGFX.4.25.0
2025-09-29 14:05:22,678 [WARN] PackLoader:240 - Cannot read IP mode file for STMicroelectronics.FP-SNS-STBOX1.2.0.0
2025-09-29 14:05:22,705 [WARN] PackLoader:240 - Cannot read IP mode file for STMicroelectronics.X-CUBE-SUBG2.5.0.0
2025-09-29 14:05:22,750 [WARN] PackLoader:240 - Cannot read IP mode file for STMicroelectronics.X-CUBE-AZRTOS-H7RS.1.1.0
2025-09-29 14:05:22,762 [WARN] PackLoader:240 - Cannot read IP mode file for Cesanta.I-CUBE-Mongoose.7.13.0
2025-09-29 14:05:22,801 [WARN] PackLoader:240 - Cannot read IP mode file for STMicroelectronics.X-CUBE-AZRTOS-G4.2.0.0
2025-09-29 14:05:22,836 [WARN] PackLoader:240 - Cannot read IP mode file for STMicroelectronics.X-CUBE-NFC7.2.0.0
2025-09-29 14:05:22,873 [WARN] PackLoader:240 - Cannot read IP mode file for STMicroelectronics.X-CUBE-ISPU.2.0.0
2025-09-29 14:05:22,927 [WARN] PackLoader:240 - Cannot read IP mode file for STMicroelectronics.X-CUBE-IPS.3.1.0
2025-09-29 14:05:22,977 [WARN] PackLoader:240 - Cannot read IP mode file for STMicroelectronics.X-CUBE-ALS.1.0.2
2025-09-29 14:05:23,059 [WARN] PackLoader:240 - Cannot read IP mode file for STMicroelectronics.X-CUBE-MEMS1.10.0.0
2025-09-29 14:05:23,169 [WARN] PackLoader:240 - Cannot read IP mode file for STMicroelectronics.X-CUBE-TOUCHGFX.4.24.0
2025-09-29 14:05:23,201 [WARN] PackLoader:240 - Cannot read IP mode file for STMicroelectronics.X-CUBE-TOUCHGFX.4.24.1
2025-09-29 14:05:23,216 [INFO] WebApp:463 - Apply proxy settings
2025-09-29 14:05:23,217 [INFO] WebApp:548 - Chromium requires no authentication
2025-09-29 14:05:23,233 [WARN] PackLoader:240 - Cannot read IP mode file for STMicroelectronics.X-CUBE-STSE01.1.0.0
2025-09-29 14:05:23,260 [WARN] PackLoader:240 - Cannot read IP mode file for portGmbH.I-Cube-SoM-uGOAL.1.1.0
2025-09-29 14:05:23,308 [WARN] PackLoader:240 - Cannot read IP mode file for STMicroelectronics.X-CUBE-AZRTOS-H7RS.1.0.0
2025-09-29 14:05:23,332 [WARN] PackLoader:240 - Cannot read IP mode file for STMicroelectronics.FP-ATR-ASTRA1.2.0.0
2025-09-29 14:05:23,332 [INFO] WebApp:491 - Direct internet connection detected
2025-09-29 14:05:23,368 [WARN] PackLoader:240 - Cannot read IP mode file for STMicroelectronics.X-CUBE-TOF1.3.4.2
2025-09-29 14:05:23,406 [WARN] PackLoader:240 - Cannot read IP mode file for STMicroelectronics.X-CUBE-TOF1.3.4.3
2025-09-29 14:05:23,445 [WARN] PackLoader:240 - Cannot read IP mode file for STMicroelectronics.X-CUBE-TOF1.3.4.1
2025-09-29 14:05:23,500 [WARN] PackLoader:240 - Cannot read IP mode file for STMicroelectronics.X-CUBE-AZRTOS-H7.3.2.0
2025-09-29 14:05:23,542 [WARN] PackLoader:240 - Cannot read IP mode file for Infineon.AIROC-Wi-Fi-Bluetooth-STM32.1.6.0
2025-09-29 14:05:23,552 [WARN] PackLoader:240 - Cannot read IP mode file for wolfSSL.I-CUBE-wolfSSH.1.4.17
2025-09-29 14:05:23,553 [INFO] ThirdParty:978 - Integrity check success = true
2025-09-29 14:05:23,553 [INFO] IntegrityCheckThread:100 - exiting critical section [integrity check]
2025-09-29 14:05:23,553 [INFO] IntegrityCheckThread:103 - End integrity checks thread
2025-09-29 14:05:23,673 [INFO] WebApp:900 - Register for checkConnection events
2025-09-29 14:05:23,673 [INFO] WebApp:463 - Apply proxy settings
2025-09-29 14:05:23,674 [INFO] WebApp:548 - Chromium requires no authentication
2025-09-29 14:05:23,675 [INFO] WebApp:491 - Direct internet connection detected
2025-09-29 14:05:24,059 [INFO] WebApp:225 - Starting web application
2025-09-29 14:05:24,059 [INFO] WebApp:593 - Web application path used C:\ST\STM32CubeIDE_1.16.0\STM32CubeIDE\plugins\com.st.stm32cube.common.mx_6.15.0.202507011659\db\plugins\mcufinder\reactClient1\index.html
2025-09-29 14:05:24,222 [INFO] WebApp:191 - Connection restablished
2025-09-29 14:05:24,415 [INFO] UserAuth:487 - Internet connection configuration mode: 1
2025-09-29 14:43:33,556 [ERROR] LogOutputStream:75 - [STDERR_REDIRECT] 
2025-09-29 14:46:38,785 [INFO] Activator:176 - 


2025-09-29 14:46:38,787 [INFO] Activator:177 - !SESSION log4j initialized
2025-09-29 14:46:47,034 [INFO] LogOutputStream:77 - [STDOUT_REDIRECT] 
2025-09-29 14:46:49,757 [INFO] ApplicationProperties:184 - Using Application install path: C:\ST\STM32CubeIDE_1.16.0\STM32CubeIDE\plugins\com.st.stm32cube.common.mx_6.15.0.202507011659
2025-09-29 14:46:49,772 [INFO] DbMcusXml:78 - Set database path to: C:\ST\STM32CubeIDE_1.16.0\STM32CubeIDE\plugins\com.st.stm32cube.common.mx_6.15.0.202507011659\\db\/mcu/
2025-09-29 14:46:49,773 [INFO] ApiDb:274 - Set plugin database path to: C:\ST\STM32CubeIDE_1.16.0\STM32CubeIDE\plugins\com.st.stm32cube.common.mx_6.15.0.202507011659\\db\/plugins/boardmanager/
2025-09-29 14:46:49,773 [WARN] ApiDb:259 - Overriding images path with different value:  => C:\ST\STM32CubeIDE_1.16.0\STM32CubeIDE\plugins\com.st.stm32cube.common.mx_6.15.0.202507011659\\db\/plugins/mcufinder/images/
2025-09-29 14:46:49,778 [INFO] ApiDb:250 - Set database path to: C:\Users\nisha\.stmcufinder\plugins\mcufinder//mcu/
2025-09-29 14:46:49,779 [INFO] DbMcusAds:125 - Set database path to: C:\Users\nisha\.stmcufinder\plugins\mcufinder//mcu/
2025-09-29 14:46:49,781 [INFO] CrossReferenceDbSqlite:203 - Set database path to: C:\Users\nisha\.stmcufinder\plugins\mcufinder//mcu/cs/
2025-09-29 14:46:49,906 [INFO] RulesReader:64 - Compatibility file has been processed (317 Rules)
2025-09-29 14:46:50,026 [INFO] DbMcusXml:78 - Set database path to: C:\ST\STM32CubeIDE_1.16.0\STM32CubeIDE\plugins\com.st.stm32cube.common.mx_6.15.0.202507011659\\db\/mcu/
2025-09-29 14:46:50,027 [INFO] ApiDb:274 - Set plugin database path to: C:\ST\STM32CubeIDE_1.16.0\STM32CubeIDE\plugins\com.st.stm32cube.common.mx_6.15.0.202507011659\\db\/plugins/boardmanager/
2025-09-29 14:46:50,027 [INFO] ApiDb:261 - Set plugin images path to: C:\ST\STM32CubeIDE_1.16.0\STM32CubeIDE\plugins\com.st.stm32cube.common.mx_6.15.0.202507011659\\db\/plugins/mcufinder/images/
2025-09-29 14:46:50,027 [WARN] DbFile:41 - Overriding database path with different value: C:\Users\nisha\.stmcufinder\plugins\mcufinder/ => C:\Users\nisha\.stmcufinder\plugins\mcufinder
2025-09-29 14:46:50,028 [INFO] ApiDb:250 - Set database path to: C:\Users\nisha\.stmcufinder\plugins\mcufinder//mcu/
2025-09-29 14:46:50,028 [WARN] DbFile:41 - Overriding database path with different value: C:\Users\nisha\.stmcufinder\plugins\mcufinder/ => C:\Users\nisha\.stmcufinder\plugins\mcufinder
2025-09-29 14:46:50,029 [INFO] DbMcusAds:125 - Set database path to: C:\Users\nisha\.stmcufinder\plugins\mcufinder//mcu/
2025-09-29 14:46:50,029 [WARN] DbFile:41 - Overriding database path with different value: C:\Users\nisha\.stmcufinder\plugins\mcufinder/ => C:\Users\nisha\.stmcufinder\plugins\mcufinder
2025-09-29 14:46:50,029 [WARN] DbFile:41 - Overriding database path with different value: C:\Users\nisha\.stmcufinder\plugins\mcufinder/ => C:\Users\nisha\.stmcufinder\plugins\mcufinder
2025-09-29 14:46:50,029 [INFO] CrossReferenceDbSqlite:203 - Set database path to: C:\Users\nisha\.stmcufinder\plugins\mcufinder//mcu/cs/
2025-09-29 14:46:50,138 [INFO] MainPanel:274 - HeapMemory: 268435456
2025-09-29 14:46:50,293 [INFO] DbMcusXml:78 - Set database path to: C:\ST\STM32CubeIDE_1.16.0\STM32CubeIDE\plugins\com.st.stm32cube.common.mx_6.15.0.202507011659\\db\/mcu/
2025-09-29 14:46:50,293 [INFO] ApiDb:274 - Set plugin database path to: C:\ST\STM32CubeIDE_1.16.0\STM32CubeIDE\plugins\com.st.stm32cube.common.mx_6.15.0.202507011659\\db\/plugins/boardmanager/
2025-09-29 14:46:50,293 [INFO] ApiDb:261 - Set plugin images path to: C:\ST\STM32CubeIDE_1.16.0\STM32CubeIDE\plugins\com.st.stm32cube.common.mx_6.15.0.202507011659\\db\/plugins/mcufinder/images/
2025-09-29 14:46:50,294 [WARN] DbFile:41 - Overriding database path with different value: C:\Users\nisha\.stmcufinder\plugins\mcufinder/ => C:\Users\nisha\.stmcufinder\plugins\mcufinder
2025-09-29 14:46:50,294 [INFO] ApiDb:250 - Set database path to: C:\Users\nisha\.stmcufinder\plugins\mcufinder//mcu/
2025-09-29 14:46:50,294 [WARN] DbFile:41 - Overriding database path with different value: C:\Users\nisha\.stmcufinder\plugins\mcufinder/ => C:\Users\nisha\.stmcufinder\plugins\mcufinder
2025-09-29 14:46:50,294 [INFO] DbMcusAds:125 - Set database path to: C:\Users\nisha\.stmcufinder\plugins\mcufinder//mcu/
2025-09-29 14:46:50,294 [WARN] DbFile:41 - Overriding database path with different value: C:\Users\nisha\.stmcufinder\plugins\mcufinder/ => C:\Users\nisha\.stmcufinder\plugins\mcufinder
2025-09-29 14:46:50,294 [WARN] DbFile:41 - Overriding database path with different value: C:\Users\nisha\.stmcufinder\plugins\mcufinder/ => C:\Users\nisha\.stmcufinder\plugins\mcufinder
2025-09-29 14:46:50,294 [INFO] CrossReferenceDbSqlite:203 - Set database path to: C:\Users\nisha\.stmcufinder\plugins\mcufinder//mcu/cs/
2025-09-29 14:46:50,330 [INFO] ApplicationProperties:184 - Using Application install path: C:\ST\STM32CubeIDE_1.16.0\STM32CubeIDE\plugins\com.st.stm32cube.common.mx_6.15.0.202507011659
2025-09-29 14:46:50,332 [INFO] PluginManage:196 - Search for loadable plugins [exclusion list=, ]
2025-09-29 14:46:50,334 [INFO] PluginManage:310 - Check plugin analytics
2025-09-29 14:46:50,719 [INFO] AnalyticsPlugin:253 - Accepted Software Licenses: 
2025-09-29 14:46:50,721 [INFO] AnalyticsPlugin:255 - Accepted CMSIS Pack Licenses: 
2025-09-29 14:46:50,722 [INFO] AnalyticsPlugin:257 - Accepted Firmware Licenses: FW.F4.1.28.0
2025-09-29 14:46:50,736 [INFO] PluginManage:359 - Loaded plugin analytics (category:tool,tabindex:-1)
2025-09-29 14:46:50,737 [INFO] PluginManage:310 - Check plugin cadmodel
2025-09-29 14:46:50,750 [INFO] CADModel:105 - Init CAD model plugin
2025-09-29 14:46:50,750 [INFO] PluginManage:359 - Loaded plugin cadmodel (category:power,tabindex:5)
2025-09-29 14:46:50,752 [INFO] PluginManage:310 - Check plugin clock
2025-09-29 14:46:50,778 [INFO] PluginManage:359 - Loaded plugin clock (category:base,tabindex:2)
2025-09-29 14:46:50,779 [INFO] PluginManage:310 - Check plugin ddr
2025-09-29 14:46:50,792 [INFO] PluginManage:359 - Loaded plugin ddr (category:tool,tabindex:6)
2025-09-29 14:46:50,792 [INFO] PluginManage:310 - Check plugin filemanager
2025-09-29 14:46:51,091 [INFO] PluginManage:359 - Loaded plugin filemanager (category:base,tabindex:10)
2025-09-29 14:46:51,091 [INFO] PluginManage:310 - Check plugin ipmanager
2025-09-29 14:46:51,102 [INFO] PluginManage:359 - Loaded plugin ipmanager (category:base,tabindex:5)
2025-09-29 14:46:51,102 [INFO] PluginManage:310 - Check plugin lpbam
2025-09-29 14:46:51,112 [INFO] PluginManage:359 - Loaded plugin lpbam (category:base,tabindex:0)
2025-09-29 14:46:51,113 [INFO] PluginManage:310 - Check plugin memorymap
2025-09-29 14:46:51,126 [INFO] PluginManage:359 - Loaded plugin memorymap (category:base,tabindex:4)
2025-09-29 14:46:51,126 [INFO] PluginManage:310 - Check plugin pinoutandconfiguration
2025-09-29 14:46:51,135 [INFO] PluginManage:359 - Loaded plugin pinoutandconfiguration (category:base,tabindex:1)
2025-09-29 14:46:51,135 [INFO] PluginManage:310 - Check plugin pinoutconfig
2025-09-29 14:46:51,260 [WARN] SupportedApi:132 - Cannot load RTOS API schema: s4s-elt-must-match.1: The content of 'definitions' must match (annotation?, (simpleType | complexType)?, (unique | key | keyref)*)). A problem was found starting at: attribute.
2025-09-29 14:46:51,421 [INFO] PluginManage:359 - Loaded plugin pinoutconfig (category:base,tabindex:0)
2025-09-29 14:46:51,421 [INFO] PluginManage:310 - Check plugin power
2025-09-29 14:46:51,430 [INFO] PluginManage:359 - Loaded plugin power (category:power,tabindex:4)
2025-09-29 14:46:51,430 [INFO] PluginManage:310 - Check plugin projectmanager
2025-09-29 14:46:51,454 [INFO] PluginManage:359 - Loaded plugin projectmanager (category:projectmanager,tabindex:4)
2025-09-29 14:46:51,454 [INFO] PluginManage:310 - Check plugin rif
2025-09-29 14:46:51,464 [INFO] PluginManage:359 - Loaded plugin rif (category:base,tabindex:3)
2025-09-29 14:46:51,464 [INFO] PluginManage:310 - Check plugin thirdparty
2025-09-29 14:46:51,647 [INFO] PluginManage:359 - Loaded plugin thirdparty (category:base,tabindex:-1)
2025-09-29 14:46:51,647 [WARN] IntegrityCheckThread:84 - waiting for thirdparty lock release [integrity check]
2025-09-29 14:46:51,648 [INFO] PluginManage:310 - Check plugin tools
2025-09-29 14:46:51,648 [INFO] IntegrityCheckThread:86 - entering critical section [integrity check]
2025-09-29 14:46:51,648 [INFO] ThirdPartyUpdaterWithRetryManager:70 - Updater plugin not ready yet. [1/15]
2025-09-29 14:46:51,651 [INFO] PluginManage:359 - Loaded plugin tools (category:base,tabindex:7)
2025-09-29 14:46:51,651 [INFO] PluginManage:310 - Check plugin tutovideos
2025-09-29 14:46:51,857 [INFO] PluginManage:359 - Loaded plugin tutovideos (category:base,tabindex:-1)
2025-09-29 14:46:51,858 [INFO] PluginManage:310 - Check plugin updater
2025-09-29 14:46:51,905 [INFO] PluginManage:359 - Loaded plugin updater (category:base,tabindex:12)
2025-09-29 14:46:51,905 [INFO] PluginManage:310 - Check plugin userauth
2025-09-29 14:46:51,913 [INFO] UserAuth:118 - Init User Auth plugin
2025-09-29 14:46:51,921 [INFO] PluginManage:359 - Loaded plugin userauth (category:base,tabindex:14)
2025-09-29 14:46:51,924 [INFO] PluginManage:283 - PluginManage : Loaded plugins [18]
2025-09-29 14:46:52,242 [INFO] PinOutPanel:1589 - setPackage(No Configuration,No Configuration)
2025-09-29 14:46:52,374 [INFO] CADModel:165 - CPN selected for project level
2025-09-29 14:46:52,374 [INFO] CADModel:114 - Register for checkConnection events
2025-09-29 14:46:52,406 [INFO] IPUIPlugin:80 - create IPUIPlugin
2025-09-29 14:46:52,407 [INFO] PluginManager:220 - loadIPPluginJar : add adc
2025-09-29 14:46:52,412 [INFO] IPUIPlugin:80 - create IPUIPlugin
2025-09-29 14:46:52,412 [INFO] PluginManager:220 - loadIPPluginJar : add aes
2025-09-29 14:46:52,416 [INFO] IPUIPlugin:80 - create IPUIPlugin
2025-09-29 14:46:52,416 [INFO] PluginManager:220 - loadIPPluginJar : add can
2025-09-29 14:46:52,418 [INFO] IPUIPlugin:80 - create IPUIPlugin
2025-09-29 14:46:52,418 [INFO] PluginManager:220 - loadIPPluginJar : add comp
2025-09-29 14:46:52,421 [INFO] IPUIPlugin:80 - create IPUIPlugin
2025-09-29 14:46:52,421 [INFO] PluginManager:220 - loadIPPluginJar : add cryp
2025-09-29 14:46:52,424 [INFO] IPUIPlugin:80 - create IPUIPlugin
2025-09-29 14:46:52,424 [INFO] PluginManager:220 - loadIPPluginJar : add ddr_ctrl_phy
2025-09-29 14:46:52,427 [INFO] IPUIPlugin:80 - create IPUIPlugin
2025-09-29 14:46:52,427 [INFO] PluginManager:220 - loadIPPluginJar : add dfsdm
2025-09-29 14:46:52,435 [INFO] IPUIPlugin:80 - create IPUIPlugin
2025-09-29 14:46:52,435 [INFO] PluginManager:220 - loadIPPluginJar : add dma
2025-09-29 14:46:52,438 [INFO] IPUIPlugin:80 - create IPUIPlugin
2025-09-29 14:46:52,438 [INFO] PluginManager:220 - loadIPPluginJar : add dma3
2025-09-29 14:46:52,441 [INFO] IPUIPlugin:80 - create IPUIPlugin
2025-09-29 14:46:52,442 [INFO] PluginManager:220 - loadIPPluginJar : add extmemmanager
2025-09-29 14:46:52,444 [INFO] IPUIPlugin:80 - create IPUIPlugin
2025-09-29 14:46:52,444 [INFO] PluginManager:220 - loadIPPluginJar : add fatfs
2025-09-29 14:46:52,452 [INFO] IPUIPlugin:80 - create IPUIPlugin
2025-09-29 14:46:52,453 [INFO] PluginManager:220 - loadIPPluginJar : add fmc
2025-09-29 14:46:52,461 [INFO] IPUIPlugin:80 - create IPUIPlugin
2025-09-29 14:46:52,461 [INFO] PluginManager:220 - loadIPPluginJar : add freertos
2025-09-29 14:46:52,463 [INFO] IPUIPlugin:80 - create IPUIPlugin
2025-09-29 14:46:52,463 [INFO] PluginManager:220 - loadIPPluginJar : add genericplugin
2025-09-29 14:46:52,467 [INFO] IPUIPlugin:80 - create IPUIPlugin
2025-09-29 14:46:52,468 [INFO] PluginManager:220 - loadIPPluginJar : add gfxmmu
2025-09-29 14:46:52,472 [INFO] IPUIPlugin:80 - create IPUIPlugin
2025-09-29 14:46:52,472 [INFO] PluginManager:220 - loadIPPluginJar : add gic
2025-09-29 14:46:52,476 [INFO] IPUIPlugin:80 - create IPUIPlugin
2025-09-29 14:46:52,476 [INFO] PluginManager:220 - loadIPPluginJar : add gpio
2025-09-29 14:46:52,478 [INFO] IPUIPlugin:80 - create IPUIPlugin
2025-09-29 14:46:52,478 [INFO] PluginManager:220 - loadIPPluginJar : add gtzc
2025-09-29 14:46:52,480 [INFO] IPUIPlugin:80 - create IPUIPlugin
2025-09-29 14:46:52,481 [INFO] PluginManager:220 - loadIPPluginJar : add hash
2025-09-29 14:46:52,483 [INFO] IPUIPlugin:80 - create IPUIPlugin
2025-09-29 14:46:52,484 [INFO] PluginManager:220 - loadIPPluginJar : add i2c
2025-09-29 14:46:52,486 [INFO] IPUIPlugin:80 - create IPUIPlugin
2025-09-29 14:46:52,486 [INFO] PluginManager:220 - loadIPPluginJar : add i2s
2025-09-29 14:46:52,488 [INFO] IPUIPlugin:80 - create IPUIPlugin
2025-09-29 14:46:52,489 [INFO] PluginManager:220 - loadIPPluginJar : add i3c
2025-09-29 14:46:52,492 [INFO] IPUIPlugin:80 - create IPUIPlugin
2025-09-29 14:46:52,492 [INFO] PluginManager:220 - loadIPPluginJar : add ipddr
2025-09-29 14:46:52,500 [INFO] IPUIPlugin:80 - create IPUIPlugin
2025-09-29 14:46:52,501 [INFO] PluginManager:220 - loadIPPluginJar : add linkedlist
2025-09-29 14:46:52,504 [INFO] IPUIPlugin:80 - create IPUIPlugin
2025-09-29 14:46:52,504 [INFO] PluginManager:220 - loadIPPluginJar : add lorawan
2025-09-29 14:46:52,505 [INFO] IPUIPlugin:80 - create IPUIPlugin
2025-09-29 14:46:52,506 [INFO] PluginManager:220 - loadIPPluginJar : add ltdc
2025-09-29 14:46:52,513 [INFO] IPUIPlugin:80 - create IPUIPlugin
2025-09-29 14:46:52,513 [INFO] PluginManager:220 - loadIPPluginJar : add mdma
2025-09-29 14:46:52,517 [INFO] IPUIPlugin:80 - create IPUIPlugin
2025-09-29 14:46:52,518 [INFO] PluginManager:220 - loadIPPluginJar : add nvic
2025-09-29 14:46:52,521 [INFO] IPUIPlugin:80 - create IPUIPlugin
2025-09-29 14:46:52,521 [INFO] PluginManager:220 - loadIPPluginJar : add opamp
2025-09-29 14:46:52,524 [INFO] IPUIPlugin:80 - create IPUIPlugin
2025-09-29 14:46:52,525 [INFO] PluginManager:220 - loadIPPluginJar : add openamp
2025-09-29 14:46:52,529 [INFO] IPUIPlugin:80 - create IPUIPlugin
2025-09-29 14:46:52,529 [INFO] PluginManager:220 - loadIPPluginJar : add pdm2pcm
2025-09-29 14:46:52,537 [INFO] IPUIPlugin:80 - create IPUIPlugin
2025-09-29 14:46:52,540 [INFO] PluginManager:220 - loadIPPluginJar : add plateformsettings
2025-09-29 14:46:52,543 [INFO] IPUIPlugin:80 - create IPUIPlugin
2025-09-29 14:46:52,543 [INFO] PluginManager:220 - loadIPPluginJar : add quadspi
2025-09-29 14:46:52,546 [INFO] IPUIPlugin:80 - create IPUIPlugin
2025-09-29 14:46:52,547 [INFO] PluginManager:220 - loadIPPluginJar : add radio
2025-09-29 14:46:52,552 [INFO] IPUIPlugin:80 - create IPUIPlugin
2025-09-29 14:46:52,552 [INFO] PluginManager:220 - loadIPPluginJar : add resmgrutility
2025-09-29 14:46:52,557 [INFO] IPUIPlugin:80 - create IPUIPlugin
2025-09-29 14:46:52,557 [INFO] PluginManager:220 - loadIPPluginJar : add sai
2025-09-29 14:46:52,561 [INFO] IPUIPlugin:80 - create IPUIPlugin
2025-09-29 14:46:52,561 [INFO] PluginManager:220 - loadIPPluginJar : add spi
2025-09-29 14:46:52,571 [INFO] IPUIPlugin:80 - create IPUIPlugin
2025-09-29 14:46:52,571 [INFO] PluginManager:220 - loadIPPluginJar : add stm32_wpan
2025-09-29 14:46:52,574 [INFO] IPUIPlugin:80 - create IPUIPlugin
2025-09-29 14:46:52,574 [INFO] PluginManager:220 - loadIPPluginJar : add tim
2025-09-29 14:46:52,580 [INFO] IPUIPlugin:80 - create IPUIPlugin
2025-09-29 14:46:52,580 [INFO] PluginManager:220 - loadIPPluginJar : add touchsensing
2025-09-29 14:46:52,583 [INFO] IPUIPlugin:80 - create IPUIPlugin
2025-09-29 14:46:52,584 [INFO] PluginManager:220 - loadIPPluginJar : add tracer_emb
2025-09-29 14:46:52,586 [INFO] IPUIPlugin:80 - create IPUIPlugin
2025-09-29 14:46:52,586 [INFO] PluginManager:220 - loadIPPluginJar : add ts
2025-09-29 14:46:52,588 [INFO] IPUIPlugin:80 - create IPUIPlugin
2025-09-29 14:46:52,589 [INFO] PluginManager:220 - loadIPPluginJar : add tsc
2025-09-29 14:46:52,591 [INFO] IPUIPlugin:80 - create IPUIPlugin
2025-09-29 14:46:52,591 [INFO] PluginManager:220 - loadIPPluginJar : add ucpd
2025-09-29 14:46:52,594 [INFO] IPUIPlugin:80 - create IPUIPlugin
2025-09-29 14:46:52,594 [INFO] PluginManager:220 - loadIPPluginJar : add usart
2025-09-29 14:46:52,598 [INFO] IPUIPlugin:80 - create IPUIPlugin
2025-09-29 14:46:52,598 [INFO] PluginManager:220 - loadIPPluginJar : add usbx
2025-09-29 14:46:52,780 [FATAL] Updater:351 - Updater called before beeing initialized
2025-09-29 14:46:52,830 [INFO] RulesReader:64 - Compatibility file has been processed (317 Rules)
2025-09-29 14:46:52,860 [INFO] RulesReader:64 - Compatibility file has been processed (317 Rules)
2025-09-29 14:46:52,902 [INFO] CADModel:165 - CPN selected for project level
2025-09-29 14:46:52,904 [INFO] CADModel:114 - Register for checkConnection events
2025-09-29 14:46:52,904 [FATAL] Updater:351 - Updater called before beeing initialized
2025-09-29 14:46:52,906 [ERROR] CADModel:125 - Updater not yet initialized, retry later 
2025-09-29 14:46:53,338 [FATAL] Updater:351 - Updater called before beeing initialized
2025-09-29 14:46:53,340 [INFO] CADModel:165 - CPN selected for project level
2025-09-29 14:46:53,340 [INFO] CADModel:114 - Register for checkConnection events
2025-09-29 14:46:53,340 [FATAL] Updater:351 - Updater called before beeing initialized
2025-09-29 14:46:53,340 [ERROR] CADModel:125 - Updater not yet initialized, retry later 
2025-09-29 14:46:53,344 [FATAL] Updater:351 - Updater called before beeing initialized
2025-09-29 14:46:53,537 [FATAL] Updater:351 - Updater called before beeing initialized
2025-09-29 14:46:53,541 [INFO] DbMcusAds:53 - JSON generation date=Tue Jul 08 13:44:27 IST 2025 (1751962467633)
2025-09-29 14:46:53,542 [FATAL] Updater:351 - Updater called before beeing initialized
2025-09-29 14:46:53,592 [WARN] DetailPanel:346 - Failed to get advertising image, set to default
2025-09-29 14:46:53,719 [FATAL] Updater:351 - Updater called before beeing initialized
2025-09-29 14:46:53,721 [FATAL] Updater:351 - Updater called before beeing initialized
2025-09-29 14:46:53,721 [FATAL] Updater:351 - Updater called before beeing initialized
2025-09-29 14:46:53,721 [WARN] DetailPanel:346 - Failed to get advertising image, set to default
2025-09-29 14:46:53,722 [FATAL] Updater:351 - Updater called before beeing initialized
2025-09-29 14:46:53,803 [ERROR] Updater:1198 - MainUpdater not yet initialized. External WinMGr cannot be set.
2025-09-29 14:46:53,807 [INFO] Updater:1134 - Updater Version found : 6.15.0
2025-09-29 14:46:53,831 [INFO] ApplicationProperties:184 - Using Application install path: C:\ST\STM32CubeIDE_1.16.0\STM32CubeIDE\plugins\com.st.stm32cube.common.mx_6.15.0.202507011659
2025-09-29 14:46:54,650 [INFO] ThirdPartyUpdaterWithRetryManager:70 - Updater plugin not ready yet. [2/15]
2025-09-29 14:46:55,414 [ERROR] LogOutputStream:75 - [STDERR_REDIRECT] Sep 29, 2025 2:46:55 PM java.util.prefs.WindowsPreferences <init>
2025-09-29 14:46:55,417 [ERROR] LogOutputStream:75 - [STDERR_REDIRECT] WARNING: Could not open/create prefs root node Software\JavaSoft\Prefs at root 0xffffffff80000002. Windows RegCreateKeyEx(...) returned error code 5.
2025-09-29 14:46:55,417 [ERROR] LogOutputStream:75 - [STDERR_REDIRECT] 
2025-09-29 14:46:56,663 [INFO] MainUpdater:2872 - connection check result : 10
2025-09-29 14:46:56,665 [INFO] MainUpdater:289 - Updater Check For Update Now.
2025-09-29 14:46:56,665 [INFO] MicroXplorer:498 - Change Database Version : DB.6.0.150
2025-09-29 14:46:56,677 [INFO] McuFinderGlobals:63 - Set McuFinder mode to 2 (CubeIDE integrated)
2025-09-29 14:46:56,679 [INFO] UserAuth:487 - Internet connection configuration mode: 1
2025-09-29 14:46:56,727 [INFO] JxBrowserEngine:152 - Initiate JxBrowser Engine with user profile folder
2025-09-29 14:46:56,932 [INFO] CheckServerUpdateThread:120 - End of CheckServer Thread
2025-09-29 14:46:57,517 [INFO] WebApp:169 - Instantiating new browser for Auth
2025-09-29 14:46:58,121 [WARN] PackLoader:240 - Cannot read IP mode file for STMicroelectronics.FP-SNS-MOTENVWB1.1.4.0
2025-09-29 14:46:58,160 [WARN] PackLoader:240 - Cannot read IP mode file for STMicroelectronics.X-CUBE-SMBUS.2.1.0
2025-09-29 14:46:58,203 [WARN] PackLoader:240 - Cannot read IP mode file for STMicroelectronics.X-CUBE-WB05N.1.1.0
2025-09-29 14:46:58,230 [WARN] PackLoader:240 - Cannot read IP mode file for STMicroelectronics.X-CUBE-ST60.1.0.0
2025-09-29 14:46:58,290 [WARN] PackLoader:240 - Cannot read IP mode file for STMicroelectronics.X-CUBE-AZRTOS-F7.1.1.0
2025-09-29 14:46:58,385 [WARN] PackLoader:240 - Cannot read IP mode file for STMicroelectronics.X-CUBE-MEMS1.11.0.0
2025-09-29 14:46:58,542 [WARN] PackLoader:240 - Cannot read IP mode file for STMicroelectronics.FP-SNS-FLIGHT1.5.0.2
2025-09-29 14:46:58,588 [WARN] PackLoader:240 - Cannot read IP mode file for STMicroelectronics.X-CUBE-AZRTOS-H7.3.4.0
2025-09-29 14:46:58,619 [WARN] PackLoader:240 - Cannot read IP mode file for STMicroelectronics.X-CUBE-DISPLAY.3.0.0
2025-09-29 14:46:58,669 [WARN] PackLoader:240 - Cannot read IP mode file for STMicroelectronics.X-CUBE-BLE1.7.0.0
2025-09-29 14:46:58,710 [WARN] PackLoader:240 - Cannot read IP mode file for STMicroelectronics.X-CUBE-NFC10.1.0.0
2025-09-29 14:46:58,742 [WARN] PackLoader:240 - Cannot read IP mode file for STMicroelectronics.X-CUBE-BLEMGR.4.0.0
2025-09-29 14:46:58,769 [WARN] PackLoader:240 - Cannot read IP mode file for emotas.I-CUBE-CANOPEN.1.3.0
2025-09-29 14:46:58,795 [WARN] PackLoader:240 - Cannot read IP mode file for STMicroelectronics.X-CUBE-BLEMGR.3.1.0
2025-09-29 14:46:58,824 [WARN] PackLoader:240 - Cannot read IP mode file for STMicroelectronics.FP-SNS-STBOX1.2.1.0
2025-09-29 14:46:58,851 [WARN] PackLoader:240 - Cannot read IP mode file for STMicroelectronics.FP-SNS-SMARTAG2.1.2.0
2025-09-29 14:46:58,871 [WARN] PackLoader:240 - Cannot read IP mode file for STMicroelectronics.FP-SNS-FLIGHT1.5.1.0
2025-09-29 14:46:58,898 [INFO] LogOutputStream:77 - [STDOUT_REDIRECT] 1 : Invalid condition id : UX_CORESTACK_Condition cause : null
2025-09-29 14:46:58,900 [INFO] LogOutputStream:77 - [STDOUT_REDIRECT] 1 : Invalid condition id : UX_CORESTACK_Condition cause : null
2025-09-29 14:46:58,902 [INFO] LogOutputStream:77 - [STDOUT_REDIRECT] 1 : Invalid condition id : UX_CORESTACK_Condition cause : null
2025-09-29 14:46:58,903 [INFO] LogOutputStream:77 - [STDOUT_REDIRECT] 1 : Invalid condition id : UX_CORESTACK_Condition cause : null
2025-09-29 14:46:58,905 [INFO] LogOutputStream:77 - [STDOUT_REDIRECT] 1 : Invalid condition id : UX_CORESTACK_Condition cause : null
2025-09-29 14:46:58,907 [WARN] PackLoader:240 - Cannot read IP mode file for STMicroelectronics.X-CUBE-AZRTOS-WL.2.0.0
2025-09-29 14:46:58,930 [WARN] PackLoader:240 - Cannot read IP mode file for STMicroelectronics.FP-SNS-MOTENV1.5.0.0
2025-09-29 14:46:58,954 [WARN] PackLoader:240 - Cannot read IP mode file for wolfSSL.I-CUBE-wolfMQTT.1.19.0
2025-09-29 14:46:58,986 [WARN] PackLoader:240 - Cannot read IP mode file for WES.I-CUBE-Cesium.1.3.0
2025-09-29 14:46:59,008 [WARN] PackLoader:240 - Cannot read IP mode file for STMicroelectronics.X-CUBE-BLE2.3.3.0
2025-09-29 14:46:59,039 [WARN] PackLoader:240 - Cannot read IP mode file for STMicroelectronics.X-CUBE-NFC9.1.0.0
2025-09-29 14:46:59,066 [WARN] PackLoader:240 - Cannot read IP mode file for STMicroelectronics.X-CUBE-BLE1.7.1.0
2025-09-29 14:46:59,110 [WARN] PackLoader:240 - Cannot read IP mode file for STMicroelectronics.X-CUBE-TCPP.4.1.0
2025-09-29 14:46:59,138 [WARN] PackLoader:240 - Cannot read IP mode file for STMicroelectronics.X-CUBE-EEPRMA1.5.2.0
2025-09-29 14:46:59,164 [WARN] PackLoader:240 - Cannot read IP mode file for STMicroelectronics.X-CUBE-AI.10.1.0
2025-09-29 14:46:59,205 [WARN] PackLoader:240 - Cannot read IP mode file for STMicroelectronics.X-CUBE-AZRTOS-G0.1.1.0
2025-09-29 14:46:59,233 [WARN] PackLoader:240 - Cannot read IP mode file for STMicroelectronics.X-CUBE-SAFEA1.1.2.2
2025-09-29 14:46:59,258 [WARN] PackLoader:240 - Cannot read IP mode file for STMicroelectronics.X-CUBE-NFC4.3.0.0
2025-09-29 14:46:59,285 [WARN] PackLoader:240 - Cannot read IP mode file for EmbeddedOffice.I-CUBE-FS-RTOS.1.0.1
2025-09-29 14:46:59,310 [WARN] PackLoader:240 - Cannot read IP mode file for STMicroelectronics.X-CUBE-WB05N.2.0.0
2025-09-29 14:46:59,342 [WARN] PackLoader:240 - Cannot read IP mode file for STMicroelectronics.X-CUBE-TCPP.4.2.0
2025-09-29 14:46:59,368 [WARN] PackLoader:240 - Cannot read IP mode file for RealThread.X-CUBE-RT-Thread_Nano.4.1.1
2025-09-29 14:46:59,387 [WARN] PackLoader:240 - Cannot read IP mode file for wolfSSL.I-CUBE-wolfSSL.5.7.0
2025-09-29 14:46:59,407 [WARN] PackLoader:240 - Cannot read IP mode file for STMicroelectronics.FP-ATR-SIGFOX1.3.2.0
2025-09-29 14:46:59,428 [WARN] ConditionMgr:438 - getConditionDescription Invalid condition id : Cortex-A Device cause : null
2025-09-29 14:46:59,477 [WARN] ConditionMgr:1044 - genDependencies : Invalid condition id : Cortex-A Device cause : null
2025-09-29 14:46:59,477 [WARN] ConditionMgr:1044 - genDependencies : Invalid condition id : Cortex-A Device cause : null
2025-09-29 14:46:59,477 [WARN] ConditionMgr:1044 - genDependencies : Invalid condition id : Cortex-A Device cause : null
2025-09-29 14:46:59,500 [WARN] PackLoader:240 - Cannot read IP mode file for STMicroelectronics.X-CUBE-EEPRMA1.5.1.0
2025-09-29 14:46:59,528 [WARN] PackLoader:240 - Cannot read IP mode file for ITTIA_DB.I-CUBE-ITTIADB.8.9.0
2025-09-29 14:46:59,566 [WARN] PackLoader:240 - Cannot read IP mode file for STMicroelectronics.X-CUBE-ST67W61.1.0.0
2025-09-29 14:46:59,586 [WARN] PackLoader:240 - Cannot read IP mode file for STMicroelectronics.X-CUBE-AI.10.2.0
2025-09-29 14:46:59,627 [WARN] PackLoader:240 - Cannot read IP mode file for SEGGER.I-CUBE-embOS.1.3.1
2025-09-29 14:46:59,674 [WARN] PackLoader:240 - Cannot read IP mode file for STMicroelectronics.X-CUBE-ALGOBUILD.1.4.0
2025-09-29 14:46:59,760 [WARN] PackLoader:240 - Cannot read IP mode file for STMicroelectronics.X-CUBE-MEMS1.11.3.0
2025-09-29 14:46:59,868 [WARN] PackLoader:240 - Cannot read IP mode file for STMicroelectronics.X-CUBE-AI.9.1.0
2025-09-29 14:46:59,934 [WARN] PackLoader:240 - Cannot read IP mode file for STMicroelectronics.X-CUBE-PM33A1.1.0.0
2025-09-29 14:46:59,962 [WARN] PackLoader:240 - Cannot read IP mode file for STMicroelectronics.X-CUBE-GNSS1.6.0.0
2025-09-29 14:47:00,026 [WARN] PackLoader:240 - Cannot read IP mode file for STMicroelectronics.X-CUBE-AZRTOS-F4.1.1.0
2025-09-29 14:47:00,057 [WARN] PackLoader:240 - Cannot read IP mode file for Avnet-IotConnect.X-CUBE-IoTC-DA16k-PMOD.1.0.0
2025-09-29 14:47:00,083 [WARN] PackLoader:240 - Cannot read IP mode file for STMicroelectronics.X-CUBE-ISPU.2.1.0
2025-09-29 14:47:00,117 [WARN] PackLoader:240 - Cannot read IP mode file for STMicroelectronics.X-CUBE-FREERTOS.1.2.0
2025-09-29 14:47:00,146 [WARN] PackLoader:240 - Cannot read IP mode file for STMicroelectronics.X-CUBE-NFC12.1.0.0
2025-09-29 14:47:00,206 [WARN] PackLoader:240 - Cannot read IP mode file for STMicroelectronics.X-CUBE-AZRTOS-L5.2.0.0
2025-09-29 14:47:00,210 [INFO] WebApp:463 - Apply proxy settings
2025-09-29 14:47:00,211 [INFO] WebApp:548 - Chromium requires no authentication
2025-09-29 14:47:00,239 [WARN] PackLoader:240 - Cannot read IP mode file for STMicroelectronics.X-CUBE-NFC6.3.1.0
2025-09-29 14:47:00,276 [WARN] PackLoader:240 - Cannot read IP mode file for STMicroelectronics.X-CUBE-DPower.1.2.0
2025-09-29 14:47:00,305 [WARN] PackLoader:240 - Cannot read IP mode file for STMicroelectronics.X-CUBE-AI.9.0.0
2025-09-29 14:47:00,362 [INFO] WebApp:491 - Direct internet connection detected
2025-09-29 14:47:00,368 [WARN] PackLoader:240 - Cannot read IP mode file for STMicroelectronics.X-CUBE-FREERTOS.1.3.1
2025-09-29 14:47:00,411 [WARN] PackLoader:240 - Cannot read IP mode file for STMicroelectronics.X-CUBE-NFC7.1.0.1
2025-09-29 14:47:00,432 [WARN] PackLoader:240 - Cannot read IP mode file for wolfSSL.I-CUBE-wolfTPM.3.2.0
2025-09-29 14:47:00,458 [WARN] PackLoader:240 - Cannot read IP mode file for STMicroelectronics.FP-SNS-STAIOTCFT.1.0.0
2025-09-29 14:47:00,479 [WARN] PackLoader:240 - Cannot read IP mode file for STMicroelectronics.X-CUBE-DPower.1.3.0
2025-09-29 14:47:00,519 [WARN] ConditionMgr:438 - getConditionDescription Invalid condition id : LAN8742 Phy interface Condition cause : null
2025-09-29 14:47:00,520 [WARN] PackLoader:240 - Cannot read IP mode file for STMicroelectronics.X-CUBE-AZRTOS-L4.2.0.0
2025-09-29 14:47:00,521 [WARN] ConditionMgr:1044 - genDependencies : Invalid condition id : LAN8742 Phy interface Condition cause : null
2025-09-29 14:47:00,521 [WARN] ConditionMgr:1044 - genDependencies : Invalid condition id : LAN8742 Phy interface Condition cause : null
2025-09-29 14:47:00,522 [WARN] ConditionMgr:1044 - genDependencies : Invalid condition id : LAN8742 Phy interface Condition cause : null
2025-09-29 14:47:00,563 [WARN] PackLoader:240 - Cannot read IP mode file for STMicroelectronics.X-CUBE-SFXS2LP1.4.0.0
2025-09-29 14:47:00,609 [WARN] PackLoader:240 - Cannot read IP mode file for STMicroelectronics.X-CUBE-AZRTOS-H7.3.3.0
2025-09-29 14:47:00,647 [WARN] PackLoader:240 - Cannot read IP mode file for STMicroelectronics.X-CUBE-BLEMGR.4.1.0
2025-09-29 14:47:00,674 [INFO] WebApp:900 - Register for checkConnection events
2025-09-29 14:47:00,674 [INFO] WebApp:463 - Apply proxy settings
2025-09-29 14:47:00,675 [INFO] WebApp:548 - Chromium requires no authentication
2025-09-29 14:47:00,675 [INFO] WebApp:491 - Direct internet connection detected
2025-09-29 14:47:00,675 [WARN] PackLoader:240 - Cannot read IP mode file for STMicroelectronics.X-CUBE-IPS.3.0.0
2025-09-29 14:47:00,717 [WARN] ConditionMgr:438 - getConditionDescription Invalid condition id : UX DEVICE CLASS RTOS Condition cause : null
2025-09-29 14:47:00,718 [WARN] ConditionMgr:438 - getConditionDescription Invalid condition id : UX DEVICE CLASS RTOS Condition cause : null
2025-09-29 14:47:00,720 [WARN] PackLoader:240 - Cannot read IP mode file for STMicroelectronics.X-CUBE-AZRTOS-WB.2.0.0
2025-09-29 14:47:00,720 [WARN] ConditionMgr:1044 - genDependencies : Invalid condition id : UX DEVICE CLASS RTOS Condition cause : null
2025-09-29 14:47:00,721 [WARN] ConditionMgr:1044 - genDependencies : Invalid condition id : UX DEVICE CLASS RTOS Condition cause : null
2025-09-29 14:47:00,721 [WARN] ConditionMgr:1044 - genDependencies : Invalid condition id : UX DEVICE CLASS RTOS Condition cause : null
2025-09-29 14:47:00,721 [WARN] ConditionMgr:1044 - genDependencies : Invalid condition id : UX DEVICE CLASS RTOS Condition cause : null
2025-09-29 14:47:00,721 [WARN] ConditionMgr:1044 - genDependencies : Invalid condition id : UX DEVICE CLASS RTOS Condition cause : null
2025-09-29 14:47:00,745 [WARN] PackLoader:240 - Cannot read IP mode file for STMicroelectronics.X-CUBE-GNSS1.7.0.0
2025-09-29 14:47:00,768 [WARN] PackLoader:240 - Cannot read IP mode file for STMicroelectronics.X-CUBE-GNSS1.7.0.1
2025-09-29 14:47:00,800 [WARN] PackLoader:240 - Cannot read IP mode file for STMicroelectronics.X-CUBE-TOUCHGFX.4.25.0
2025-09-29 14:47:00,821 [WARN] PackLoader:240 - Cannot read IP mode file for STMicroelectronics.FP-SNS-STBOX1.2.0.0
2025-09-29 14:47:00,856 [WARN] PackLoader:240 - Cannot read IP mode file for STMicroelectronics.X-CUBE-SUBG2.5.0.0
2025-09-29 14:47:00,897 [WARN] PackLoader:240 - Cannot read IP mode file for STMicroelectronics.X-CUBE-AZRTOS-H7RS.1.1.0
2025-09-29 14:47:00,921 [WARN] PackLoader:240 - Cannot read IP mode file for Cesanta.I-CUBE-Mongoose.7.13.0
2025-09-29 14:47:00,951 [WARN] PackLoader:240 - Cannot read IP mode file for STMicroelectronics.X-CUBE-AZRTOS-G4.2.0.0
2025-09-29 14:47:00,972 [WARN] PackLoader:240 - Cannot read IP mode file for STMicroelectronics.X-CUBE-NFC7.2.0.0
2025-09-29 14:47:00,990 [WARN] PackLoader:240 - Cannot read IP mode file for STMicroelectronics.X-CUBE-ISPU.2.0.0
2025-09-29 14:47:01,014 [WARN] PackLoader:240 - Cannot read IP mode file for STMicroelectronics.X-CUBE-IPS.3.1.0
2025-09-29 14:47:01,038 [WARN] PackLoader:240 - Cannot read IP mode file for STMicroelectronics.X-CUBE-ALS.1.0.2
2025-09-29 14:47:01,100 [WARN] PackLoader:240 - Cannot read IP mode file for STMicroelectronics.X-CUBE-MEMS1.10.0.0
2025-09-29 14:47:01,174 [WARN] PackLoader:240 - Cannot read IP mode file for STMicroelectronics.X-CUBE-TOUCHGFX.4.24.0
2025-09-29 14:47:01,201 [WARN] PackLoader:240 - Cannot read IP mode file for STMicroelectronics.X-CUBE-TOUCHGFX.4.24.1
2025-09-29 14:47:01,222 [WARN] PackLoader:240 - Cannot read IP mode file for STMicroelectronics.X-CUBE-STSE01.1.0.0
2025-09-29 14:47:01,244 [WARN] PackLoader:240 - Cannot read IP mode file for portGmbH.I-Cube-SoM-uGOAL.1.1.0
2025-09-29 14:47:01,277 [WARN] PackLoader:240 - Cannot read IP mode file for STMicroelectronics.X-CUBE-AZRTOS-H7RS.1.0.0
2025-09-29 14:47:01,297 [WARN] PackLoader:240 - Cannot read IP mode file for STMicroelectronics.FP-ATR-ASTRA1.2.0.0
2025-09-29 14:47:01,320 [WARN] PackLoader:240 - Cannot read IP mode file for STMicroelectronics.X-CUBE-TOF1.3.4.2
2025-09-29 14:47:01,350 [WARN] PackLoader:240 - Cannot read IP mode file for STMicroelectronics.X-CUBE-TOF1.3.4.3
2025-09-29 14:47:01,386 [WARN] PackLoader:240 - Cannot read IP mode file for STMicroelectronics.X-CUBE-TOF1.3.4.1
2025-09-29 14:47:01,410 [INFO] WebApp:191 - Connection restablished
2025-09-29 14:47:01,414 [INFO] WebApp:225 - Starting web application
2025-09-29 14:47:01,414 [INFO] WebApp:593 - Web application path used C:\ST\STM32CubeIDE_1.16.0\STM32CubeIDE\plugins\com.st.stm32cube.common.mx_6.15.0.202507011659\db\plugins\mcufinder\reactClient1\index.html
2025-09-29 14:47:01,458 [WARN] PackLoader:240 - Cannot read IP mode file for STMicroelectronics.X-CUBE-AZRTOS-H7.3.2.0
2025-09-29 14:47:01,500 [WARN] PackLoader:240 - Cannot read IP mode file for Infineon.AIROC-Wi-Fi-Bluetooth-STM32.1.6.0
2025-09-29 14:47:01,522 [WARN] PackLoader:240 - Cannot read IP mode file for wolfSSL.I-CUBE-wolfSSH.1.4.17
2025-09-29 14:47:01,522 [INFO] ThirdParty:978 - Integrity check success = true
2025-09-29 14:47:01,522 [INFO] IntegrityCheckThread:100 - exiting critical section [integrity check]
2025-09-29 14:47:01,522 [INFO] IntegrityCheckThread:103 - End integrity checks thread
2025-09-29 14:47:01,671 [INFO] UserAuth:487 - Internet connection configuration mode: 1
2025-09-29 15:56:21,783 [INFO] WebApp:194 - Connection lost
2025-09-29 23:17:43,800 [ERROR] LogOutputStream:75 - [STDERR_REDIRECT] 
