2025-09-17 00:14:51,549 [ERROR] LogOutputStream:75 - [STDERR_REDIRECT] 
2025-09-17 08:41:46,025 [INFO] Activator:176 - 


2025-09-17 08:41:46,028 [INFO] Activator:177 - !SESSION log4j initialized
2025-09-17 08:41:55,590 [INFO] LogOutputStream:77 - [STDOUT_REDIRECT] 
2025-09-17 08:42:01,058 [INFO] ApplicationProperties:184 - Using Application install path: C:\ST\STM32CubeIDE_1.16.0\STM32CubeIDE\plugins\com.st.stm32cube.common.mx_6.15.0.202507011659
2025-09-17 08:42:01,092 [INFO] DbMcusXml:78 - Set database path to: C:\ST\STM32CubeIDE_1.16.0\STM32CubeIDE\plugins\com.st.stm32cube.common.mx_6.15.0.202507011659\\db\/mcu/
2025-09-17 08:42:01,093 [INFO] ApiDb:274 - Set plugin database path to: C:\ST\STM32CubeIDE_1.16.0\STM32CubeIDE\plugins\com.st.stm32cube.common.mx_6.15.0.202507011659\\db\/plugins/boardmanager/
2025-09-17 08:42:01,093 [WARN] ApiDb:259 - Overriding images path with different value:  => C:\ST\STM32CubeIDE_1.16.0\STM32CubeIDE\plugins\com.st.stm32cube.common.mx_6.15.0.202507011659\\db\/plugins/mcufinder/images/
2025-09-17 08:42:01,109 [INFO] ApiDb:250 - Set database path to: C:\Users\nisha\.stmcufinder\plugins\mcufinder//mcu/
2025-09-17 08:42:01,111 [INFO] DbMcusAds:125 - Set database path to: C:\Users\nisha\.stmcufinder\plugins\mcufinder//mcu/
2025-09-17 08:42:01,115 [INFO] CrossReferenceDbSqlite:203 - Set database path to: C:\Users\nisha\.stmcufinder\plugins\mcufinder//mcu/cs/
2025-09-17 08:42:01,322 [INFO] RulesReader:64 - Compatibility file has been processed (317 Rules)
2025-09-17 08:42:01,452 [INFO] DbMcusXml:78 - Set database path to: C:\ST\STM32CubeIDE_1.16.0\STM32CubeIDE\plugins\com.st.stm32cube.common.mx_6.15.0.202507011659\\db\/mcu/
2025-09-17 08:42:01,452 [INFO] ApiDb:274 - Set plugin database path to: C:\ST\STM32CubeIDE_1.16.0\STM32CubeIDE\plugins\com.st.stm32cube.common.mx_6.15.0.202507011659\\db\/plugins/boardmanager/
2025-09-17 08:42:01,453 [INFO] ApiDb:261 - Set plugin images path to: C:\ST\STM32CubeIDE_1.16.0\STM32CubeIDE\plugins\com.st.stm32cube.common.mx_6.15.0.202507011659\\db\/plugins/mcufinder/images/
2025-09-17 08:42:01,453 [WARN] DbFile:41 - Overriding database path with different value: C:\Users\nisha\.stmcufinder\plugins\mcufinder/ => C:\Users\nisha\.stmcufinder\plugins\mcufinder
2025-09-17 08:42:01,454 [INFO] ApiDb:250 - Set database path to: C:\Users\nisha\.stmcufinder\plugins\mcufinder//mcu/
2025-09-17 08:42:01,454 [WARN] DbFile:41 - Overriding database path with different value: C:\Users\nisha\.stmcufinder\plugins\mcufinder/ => C:\Users\nisha\.stmcufinder\plugins\mcufinder
2025-09-17 08:42:01,454 [INFO] DbMcusAds:125 - Set database path to: C:\Users\nisha\.stmcufinder\plugins\mcufinder//mcu/
2025-09-17 08:42:01,454 [WARN] DbFile:41 - Overriding database path with different value: C:\Users\nisha\.stmcufinder\plugins\mcufinder/ => C:\Users\nisha\.stmcufinder\plugins\mcufinder
2025-09-17 08:42:01,454 [WARN] DbFile:41 - Overriding database path with different value: C:\Users\nisha\.stmcufinder\plugins\mcufinder/ => C:\Users\nisha\.stmcufinder\plugins\mcufinder
2025-09-17 08:42:01,454 [INFO] CrossReferenceDbSqlite:203 - Set database path to: C:\Users\nisha\.stmcufinder\plugins\mcufinder//mcu/cs/
2025-09-17 08:42:01,619 [INFO] MainPanel:274 - HeapMemory: 268435456
2025-09-17 08:42:01,896 [INFO] DbMcusXml:78 - Set database path to: C:\ST\STM32CubeIDE_1.16.0\STM32CubeIDE\plugins\com.st.stm32cube.common.mx_6.15.0.202507011659\\db\/mcu/
2025-09-17 08:42:01,896 [INFO] ApiDb:274 - Set plugin database path to: C:\ST\STM32CubeIDE_1.16.0\STM32CubeIDE\plugins\com.st.stm32cube.common.mx_6.15.0.202507011659\\db\/plugins/boardmanager/
2025-09-17 08:42:01,896 [INFO] ApiDb:261 - Set plugin images path to: C:\ST\STM32CubeIDE_1.16.0\STM32CubeIDE\plugins\com.st.stm32cube.common.mx_6.15.0.202507011659\\db\/plugins/mcufinder/images/
2025-09-17 08:42:01,897 [WARN] DbFile:41 - Overriding database path with different value: C:\Users\nisha\.stmcufinder\plugins\mcufinder/ => C:\Users\nisha\.stmcufinder\plugins\mcufinder
2025-09-17 08:42:01,897 [INFO] ApiDb:250 - Set database path to: C:\Users\nisha\.stmcufinder\plugins\mcufinder//mcu/
2025-09-17 08:42:01,897 [WARN] DbFile:41 - Overriding database path with different value: C:\Users\nisha\.stmcufinder\plugins\mcufinder/ => C:\Users\nisha\.stmcufinder\plugins\mcufinder
2025-09-17 08:42:01,897 [INFO] DbMcusAds:125 - Set database path to: C:\Users\nisha\.stmcufinder\plugins\mcufinder//mcu/
2025-09-17 08:42:01,897 [WARN] DbFile:41 - Overriding database path with different value: C:\Users\nisha\.stmcufinder\plugins\mcufinder/ => C:\Users\nisha\.stmcufinder\plugins\mcufinder
2025-09-17 08:42:01,898 [WARN] DbFile:41 - Overriding database path with different value: C:\Users\nisha\.stmcufinder\plugins\mcufinder/ => C:\Users\nisha\.stmcufinder\plugins\mcufinder
2025-09-17 08:42:01,898 [INFO] CrossReferenceDbSqlite:203 - Set database path to: C:\Users\nisha\.stmcufinder\plugins\mcufinder//mcu/cs/
2025-09-17 08:42:01,940 [INFO] ApplicationProperties:184 - Using Application install path: C:\ST\STM32CubeIDE_1.16.0\STM32CubeIDE\plugins\com.st.stm32cube.common.mx_6.15.0.202507011659
2025-09-17 08:42:01,943 [INFO] PluginManage:196 - Search for loadable plugins [exclusion list=, ]
2025-09-17 08:42:01,945 [INFO] PluginManage:310 - Check plugin analytics
2025-09-17 08:42:02,342 [INFO] AnalyticsPlugin:253 - Accepted Software Licenses: 
2025-09-17 08:42:02,343 [INFO] AnalyticsPlugin:255 - Accepted CMSIS Pack Licenses: 
2025-09-17 08:42:02,343 [INFO] AnalyticsPlugin:257 - Accepted Firmware Licenses: FW.F4.1.28.0
2025-09-17 08:42:02,345 [INFO] PluginManage:359 - Loaded plugin analytics (category:tool,tabindex:-1)
2025-09-17 08:42:02,346 [INFO] PluginManage:310 - Check plugin cadmodel
2025-09-17 08:42:02,369 [INFO] CADModel:105 - Init CAD model plugin
2025-09-17 08:42:02,369 [INFO] PluginManage:359 - Loaded plugin cadmodel (category:power,tabindex:5)
2025-09-17 08:42:02,370 [INFO] PluginManage:310 - Check plugin clock
2025-09-17 08:42:02,399 [INFO] PluginManage:359 - Loaded plugin clock (category:base,tabindex:2)
2025-09-17 08:42:02,399 [INFO] PluginManage:310 - Check plugin ddr
2025-09-17 08:42:02,403 [INFO] PluginManage:359 - Loaded plugin ddr (category:tool,tabindex:6)
2025-09-17 08:42:02,403 [INFO] PluginManage:310 - Check plugin filemanager
2025-09-17 08:42:02,666 [INFO] PluginManage:359 - Loaded plugin filemanager (category:base,tabindex:10)
2025-09-17 08:42:02,666 [INFO] PluginManage:310 - Check plugin ipmanager
2025-09-17 08:42:02,680 [INFO] PluginManage:359 - Loaded plugin ipmanager (category:base,tabindex:5)
2025-09-17 08:42:02,682 [INFO] PluginManage:310 - Check plugin lpbam
2025-09-17 08:42:02,715 [INFO] PluginManage:359 - Loaded plugin lpbam (category:base,tabindex:0)
2025-09-17 08:42:02,716 [INFO] PluginManage:310 - Check plugin memorymap
2025-09-17 08:42:02,755 [INFO] PluginManage:359 - Loaded plugin memorymap (category:base,tabindex:4)
2025-09-17 08:42:02,756 [INFO] PluginManage:310 - Check plugin pinoutandconfiguration
2025-09-17 08:42:02,781 [INFO] PluginManage:359 - Loaded plugin pinoutandconfiguration (category:base,tabindex:1)
2025-09-17 08:42:02,781 [INFO] PluginManage:310 - Check plugin pinoutconfig
2025-09-17 08:42:02,958 [WARN] SupportedApi:132 - Cannot load RTOS API schema: s4s-elt-must-match.1: The content of 'definitions' must match (annotation?, (simpleType | complexType)?, (unique | key | keyref)*)). A problem was found starting at: attribute.
2025-09-17 08:42:03,216 [INFO] PluginManage:359 - Loaded plugin pinoutconfig (category:base,tabindex:0)
2025-09-17 08:42:03,216 [INFO] PluginManage:310 - Check plugin power
2025-09-17 08:42:03,248 [INFO] PluginManage:359 - Loaded plugin power (category:power,tabindex:4)
2025-09-17 08:42:03,249 [INFO] PluginManage:310 - Check plugin projectmanager
2025-09-17 08:42:03,276 [INFO] PluginManage:359 - Loaded plugin projectmanager (category:projectmanager,tabindex:4)
2025-09-17 08:42:03,276 [INFO] PluginManage:310 - Check plugin rif
2025-09-17 08:42:03,315 [INFO] PluginManage:359 - Loaded plugin rif (category:base,tabindex:3)
2025-09-17 08:42:03,316 [INFO] PluginManage:310 - Check plugin thirdparty
2025-09-17 08:42:03,953 [WARN] IntegrityCheckThread:84 - waiting for thirdparty lock release [integrity check]
2025-09-17 08:42:03,954 [INFO] PluginManage:359 - Loaded plugin thirdparty (category:base,tabindex:-1)
2025-09-17 08:42:03,955 [INFO] PluginManage:310 - Check plugin tools
2025-09-17 08:42:03,956 [INFO] IntegrityCheckThread:86 - entering critical section [integrity check]
2025-09-17 08:42:03,958 [INFO] ThirdPartyUpdaterWithRetryManager:70 - Updater plugin not ready yet. [1/15]
2025-09-17 08:42:04,124 [INFO] PluginManage:359 - Loaded plugin tools (category:base,tabindex:7)
2025-09-17 08:42:04,124 [INFO] PluginManage:310 - Check plugin tutovideos
2025-09-17 08:42:05,033 [INFO] PluginManage:359 - Loaded plugin tutovideos (category:base,tabindex:-1)
2025-09-17 08:42:05,034 [INFO] PluginManage:310 - Check plugin updater
2025-09-17 08:42:05,095 [INFO] PluginManage:359 - Loaded plugin updater (category:base,tabindex:12)
2025-09-17 08:42:05,096 [INFO] PluginManage:310 - Check plugin userauth
2025-09-17 08:42:05,108 [INFO] UserAuth:118 - Init User Auth plugin
2025-09-17 08:42:05,110 [INFO] PluginManage:359 - Loaded plugin userauth (category:base,tabindex:14)
2025-09-17 08:42:05,111 [INFO] PluginManage:283 - PluginManage : Loaded plugins [18]
2025-09-17 15:18:01,540 [INFO] Activator:176 - 


2025-09-17 15:18:01,545 [INFO] Activator:177 - !SESSION log4j initialized
2025-09-17 15:18:08,890 [INFO] LogOutputStream:77 - [STDOUT_REDIRECT] 
2025-09-17 15:18:14,993 [INFO] ApplicationProperties:184 - Using Application install path: C:\ST\STM32CubeIDE_1.16.0\STM32CubeIDE\plugins\com.st.stm32cube.common.mx_6.15.0.202507011659
2025-09-17 15:18:15,009 [INFO] DbMcusXml:78 - Set database path to: C:\ST\STM32CubeIDE_1.16.0\STM32CubeIDE\plugins\com.st.stm32cube.common.mx_6.15.0.202507011659\\db\/mcu/
2025-09-17 15:18:15,010 [INFO] ApiDb:274 - Set plugin database path to: C:\ST\STM32CubeIDE_1.16.0\STM32CubeIDE\plugins\com.st.stm32cube.common.mx_6.15.0.202507011659\\db\/plugins/boardmanager/
2025-09-17 15:18:15,010 [WARN] ApiDb:259 - Overriding images path with different value:  => C:\ST\STM32CubeIDE_1.16.0\STM32CubeIDE\plugins\com.st.stm32cube.common.mx_6.15.0.202507011659\\db\/plugins/mcufinder/images/
2025-09-17 15:18:15,016 [INFO] ApiDb:250 - Set database path to: C:\Users\nisha\.stmcufinder\plugins\mcufinder//mcu/
2025-09-17 15:18:15,017 [INFO] DbMcusAds:125 - Set database path to: C:\Users\nisha\.stmcufinder\plugins\mcufinder//mcu/
2025-09-17 15:18:15,019 [INFO] CrossReferenceDbSqlite:203 - Set database path to: C:\Users\nisha\.stmcufinder\plugins\mcufinder//mcu/cs/
2025-09-17 15:18:15,135 [INFO] RulesReader:64 - Compatibility file has been processed (317 Rules)
2025-09-17 15:18:15,224 [INFO] DbMcusXml:78 - Set database path to: C:\ST\STM32CubeIDE_1.16.0\STM32CubeIDE\plugins\com.st.stm32cube.common.mx_6.15.0.202507011659\\db\/mcu/
2025-09-17 15:18:15,225 [INFO] ApiDb:274 - Set plugin database path to: C:\ST\STM32CubeIDE_1.16.0\STM32CubeIDE\plugins\com.st.stm32cube.common.mx_6.15.0.202507011659\\db\/plugins/boardmanager/
2025-09-17 15:18:15,225 [INFO] ApiDb:261 - Set plugin images path to: C:\ST\STM32CubeIDE_1.16.0\STM32CubeIDE\plugins\com.st.stm32cube.common.mx_6.15.0.202507011659\\db\/plugins/mcufinder/images/
2025-09-17 15:18:15,225 [WARN] DbFile:41 - Overriding database path with different value: C:\Users\nisha\.stmcufinder\plugins\mcufinder/ => C:\Users\nisha\.stmcufinder\plugins\mcufinder
2025-09-17 15:18:15,226 [INFO] ApiDb:250 - Set database path to: C:\Users\nisha\.stmcufinder\plugins\mcufinder//mcu/
2025-09-17 15:18:15,226 [WARN] DbFile:41 - Overriding database path with different value: C:\Users\nisha\.stmcufinder\plugins\mcufinder/ => C:\Users\nisha\.stmcufinder\plugins\mcufinder
2025-09-17 15:18:15,226 [INFO] DbMcusAds:125 - Set database path to: C:\Users\nisha\.stmcufinder\plugins\mcufinder//mcu/
2025-09-17 15:18:15,226 [WARN] DbFile:41 - Overriding database path with different value: C:\Users\nisha\.stmcufinder\plugins\mcufinder/ => C:\Users\nisha\.stmcufinder\plugins\mcufinder
2025-09-17 15:18:15,226 [WARN] DbFile:41 - Overriding database path with different value: C:\Users\nisha\.stmcufinder\plugins\mcufinder/ => C:\Users\nisha\.stmcufinder\plugins\mcufinder
2025-09-17 15:18:15,226 [INFO] CrossReferenceDbSqlite:203 - Set database path to: C:\Users\nisha\.stmcufinder\plugins\mcufinder//mcu/cs/
2025-09-17 15:18:15,311 [INFO] MainPanel:274 - HeapMemory: 268435456
2025-09-17 15:18:15,386 [INFO] DbMcusXml:78 - Set database path to: C:\ST\STM32CubeIDE_1.16.0\STM32CubeIDE\plugins\com.st.stm32cube.common.mx_6.15.0.202507011659\\db\/mcu/
2025-09-17 15:18:15,386 [INFO] ApiDb:274 - Set plugin database path to: C:\ST\STM32CubeIDE_1.16.0\STM32CubeIDE\plugins\com.st.stm32cube.common.mx_6.15.0.202507011659\\db\/plugins/boardmanager/
2025-09-17 15:18:15,386 [INFO] ApiDb:261 - Set plugin images path to: C:\ST\STM32CubeIDE_1.16.0\STM32CubeIDE\plugins\com.st.stm32cube.common.mx_6.15.0.202507011659\\db\/plugins/mcufinder/images/
2025-09-17 15:18:15,387 [WARN] DbFile:41 - Overriding database path with different value: C:\Users\nisha\.stmcufinder\plugins\mcufinder/ => C:\Users\nisha\.stmcufinder\plugins\mcufinder
2025-09-17 15:18:15,387 [INFO] ApiDb:250 - Set database path to: C:\Users\nisha\.stmcufinder\plugins\mcufinder//mcu/
2025-09-17 15:18:15,387 [WARN] DbFile:41 - Overriding database path with different value: C:\Users\nisha\.stmcufinder\plugins\mcufinder/ => C:\Users\nisha\.stmcufinder\plugins\mcufinder
2025-09-17 15:18:15,387 [INFO] DbMcusAds:125 - Set database path to: C:\Users\nisha\.stmcufinder\plugins\mcufinder//mcu/
2025-09-17 15:18:15,387 [WARN] DbFile:41 - Overriding database path with different value: C:\Users\nisha\.stmcufinder\plugins\mcufinder/ => C:\Users\nisha\.stmcufinder\plugins\mcufinder
2025-09-17 15:18:15,387 [WARN] DbFile:41 - Overriding database path with different value: C:\Users\nisha\.stmcufinder\plugins\mcufinder/ => C:\Users\nisha\.stmcufinder\plugins\mcufinder
2025-09-17 15:18:15,387 [INFO] CrossReferenceDbSqlite:203 - Set database path to: C:\Users\nisha\.stmcufinder\plugins\mcufinder//mcu/cs/
2025-09-17 15:18:15,417 [INFO] ApplicationProperties:184 - Using Application install path: C:\ST\STM32CubeIDE_1.16.0\STM32CubeIDE\plugins\com.st.stm32cube.common.mx_6.15.0.202507011659
2025-09-17 15:18:15,419 [INFO] PluginManage:196 - Search for loadable plugins [exclusion list=, ]
2025-09-17 15:18:15,420 [INFO] PluginManage:310 - Check plugin analytics
2025-09-17 15:18:15,659 [INFO] AnalyticsPlugin:253 - Accepted Software Licenses: 
2025-09-17 15:18:15,659 [INFO] AnalyticsPlugin:255 - Accepted CMSIS Pack Licenses: 
2025-09-17 15:18:15,660 [INFO] AnalyticsPlugin:257 - Accepted Firmware Licenses: FW.F4.1.28.0
2025-09-17 15:18:15,662 [INFO] PluginManage:359 - Loaded plugin analytics (category:tool,tabindex:-1)
2025-09-17 15:18:15,663 [INFO] PluginManage:310 - Check plugin cadmodel
2025-09-17 15:18:15,666 [INFO] CADModel:105 - Init CAD model plugin
2025-09-17 15:18:15,667 [INFO] PluginManage:359 - Loaded plugin cadmodel (category:power,tabindex:5)
2025-09-17 15:18:15,667 [INFO] PluginManage:310 - Check plugin clock
2025-09-17 15:18:15,674 [INFO] PluginManage:359 - Loaded plugin clock (category:base,tabindex:2)
2025-09-17 15:18:15,674 [INFO] PluginManage:310 - Check plugin ddr
2025-09-17 15:18:15,676 [INFO] PluginManage:359 - Loaded plugin ddr (category:tool,tabindex:6)
2025-09-17 15:18:15,676 [INFO] PluginManage:310 - Check plugin filemanager
2025-09-17 15:18:15,815 [INFO] PluginManage:359 - Loaded plugin filemanager (category:base,tabindex:10)
2025-09-17 15:18:15,815 [INFO] PluginManage:310 - Check plugin ipmanager
2025-09-17 15:18:15,822 [INFO] PluginManage:359 - Loaded plugin ipmanager (category:base,tabindex:5)
2025-09-17 15:18:15,822 [INFO] PluginManage:310 - Check plugin lpbam
2025-09-17 15:18:15,830 [INFO] PluginManage:359 - Loaded plugin lpbam (category:base,tabindex:0)
2025-09-17 15:18:15,830 [INFO] PluginManage:310 - Check plugin memorymap
2025-09-17 15:18:15,845 [INFO] PluginManage:359 - Loaded plugin memorymap (category:base,tabindex:4)
2025-09-17 15:18:15,845 [INFO] PluginManage:310 - Check plugin pinoutandconfiguration
2025-09-17 15:18:15,853 [INFO] PluginManage:359 - Loaded plugin pinoutandconfiguration (category:base,tabindex:1)
2025-09-17 15:18:15,853 [INFO] PluginManage:310 - Check plugin pinoutconfig
2025-09-17 15:18:15,945 [WARN] SupportedApi:132 - Cannot load RTOS API schema: s4s-elt-must-match.1: The content of 'definitions' must match (annotation?, (simpleType | complexType)?, (unique | key | keyref)*)). A problem was found starting at: attribute.
2025-09-17 15:18:16,055 [INFO] PluginManage:359 - Loaded plugin pinoutconfig (category:base,tabindex:0)
2025-09-17 15:18:16,055 [INFO] PluginManage:310 - Check plugin power
2025-09-17 15:18:16,061 [INFO] PluginManage:359 - Loaded plugin power (category:power,tabindex:4)
2025-09-17 15:18:16,061 [INFO] PluginManage:310 - Check plugin projectmanager
2025-09-17 15:18:16,080 [INFO] PluginManage:359 - Loaded plugin projectmanager (category:projectmanager,tabindex:4)
2025-09-17 15:18:16,081 [INFO] PluginManage:310 - Check plugin rif
2025-09-17 15:18:16,088 [INFO] PluginManage:359 - Loaded plugin rif (category:base,tabindex:3)
2025-09-17 15:18:16,089 [INFO] PluginManage:310 - Check plugin thirdparty
2025-09-17 15:18:16,210 [INFO] PluginManage:359 - Loaded plugin thirdparty (category:base,tabindex:-1)
2025-09-17 15:18:16,210 [WARN] IntegrityCheckThread:84 - waiting for thirdparty lock release [integrity check]
2025-09-17 15:18:16,211 [INFO] IntegrityCheckThread:86 - entering critical section [integrity check]
2025-09-17 15:18:16,211 [INFO] PluginManage:310 - Check plugin tools
2025-09-17 15:18:16,211 [INFO] ThirdPartyUpdaterWithRetryManager:70 - Updater plugin not ready yet. [1/15]
2025-09-17 15:18:16,213 [INFO] PluginManage:359 - Loaded plugin tools (category:base,tabindex:7)
2025-09-17 15:18:16,213 [INFO] PluginManage:310 - Check plugin tutovideos
2025-09-17 15:18:16,365 [INFO] PluginManage:359 - Loaded plugin tutovideos (category:base,tabindex:-1)
2025-09-17 15:18:16,365 [INFO] PluginManage:310 - Check plugin updater
2025-09-17 15:18:16,383 [INFO] PluginManage:359 - Loaded plugin updater (category:base,tabindex:12)
2025-09-17 15:18:16,383 [INFO] PluginManage:310 - Check plugin userauth
2025-09-17 15:18:16,386 [INFO] UserAuth:118 - Init User Auth plugin
2025-09-17 15:18:16,387 [INFO] PluginManage:359 - Loaded plugin userauth (category:base,tabindex:14)
2025-09-17 15:18:16,387 [INFO] PluginManage:283 - PluginManage : Loaded plugins [18]
2025-09-17 15:18:16,609 [INFO] PinOutPanel:1589 - setPackage(No Configuration,No Configuration)
2025-09-17 15:18:16,702 [INFO] CADModel:165 - CPN selected for project level
2025-09-17 15:18:16,703 [INFO] CADModel:114 - Register for checkConnection events
2025-09-17 15:18:16,716 [INFO] IPUIPlugin:80 - create IPUIPlugin
2025-09-17 15:18:16,716 [INFO] PluginManager:220 - loadIPPluginJar : add adc
2025-09-17 15:18:16,719 [INFO] IPUIPlugin:80 - create IPUIPlugin
2025-09-17 15:18:16,719 [INFO] PluginManager:220 - loadIPPluginJar : add aes
2025-09-17 15:18:16,721 [INFO] IPUIPlugin:80 - create IPUIPlugin
2025-09-17 15:18:16,722 [INFO] PluginManager:220 - loadIPPluginJar : add can
2025-09-17 15:18:16,723 [INFO] IPUIPlugin:80 - create IPUIPlugin
2025-09-17 15:18:16,724 [INFO] PluginManager:220 - loadIPPluginJar : add comp
2025-09-17 15:18:16,726 [INFO] IPUIPlugin:80 - create IPUIPlugin
2025-09-17 15:18:16,726 [INFO] PluginManager:220 - loadIPPluginJar : add cryp
2025-09-17 15:18:16,728 [INFO] IPUIPlugin:80 - create IPUIPlugin
2025-09-17 15:18:16,728 [INFO] PluginManager:220 - loadIPPluginJar : add ddr_ctrl_phy
2025-09-17 15:18:16,730 [INFO] IPUIPlugin:80 - create IPUIPlugin
2025-09-17 15:18:16,730 [INFO] PluginManager:220 - loadIPPluginJar : add dfsdm
2025-09-17 15:18:16,735 [INFO] IPUIPlugin:80 - create IPUIPlugin
2025-09-17 15:18:16,735 [INFO] PluginManager:220 - loadIPPluginJar : add dma
2025-09-17 15:18:16,737 [INFO] IPUIPlugin:80 - create IPUIPlugin
2025-09-17 15:18:16,737 [INFO] PluginManager:220 - loadIPPluginJar : add dma3
2025-09-17 15:18:16,740 [INFO] IPUIPlugin:80 - create IPUIPlugin
2025-09-17 15:18:16,740 [INFO] PluginManager:220 - loadIPPluginJar : add extmemmanager
2025-09-17 15:18:16,742 [INFO] IPUIPlugin:80 - create IPUIPlugin
2025-09-17 15:18:16,742 [INFO] PluginManager:220 - loadIPPluginJar : add fatfs
2025-09-17 15:18:16,747 [INFO] IPUIPlugin:80 - create IPUIPlugin
2025-09-17 15:18:16,747 [INFO] PluginManager:220 - loadIPPluginJar : add fmc
2025-09-17 15:18:16,752 [INFO] IPUIPlugin:80 - create IPUIPlugin
2025-09-17 15:18:16,752 [INFO] PluginManager:220 - loadIPPluginJar : add freertos
2025-09-17 15:18:16,754 [INFO] IPUIPlugin:80 - create IPUIPlugin
2025-09-17 15:18:16,754 [INFO] PluginManager:220 - loadIPPluginJar : add genericplugin
2025-09-17 15:18:16,756 [INFO] IPUIPlugin:80 - create IPUIPlugin
2025-09-17 15:18:16,756 [INFO] PluginManager:220 - loadIPPluginJar : add gfxmmu
2025-09-17 15:18:16,761 [INFO] IPUIPlugin:80 - create IPUIPlugin
2025-09-17 15:18:16,761 [INFO] PluginManager:220 - loadIPPluginJar : add gic
2025-09-17 15:18:16,764 [INFO] IPUIPlugin:80 - create IPUIPlugin
2025-09-17 15:18:16,764 [INFO] PluginManager:220 - loadIPPluginJar : add gpio
2025-09-17 15:18:16,767 [INFO] IPUIPlugin:80 - create IPUIPlugin
2025-09-17 15:18:16,767 [INFO] PluginManager:220 - loadIPPluginJar : add gtzc
2025-09-17 15:18:16,769 [INFO] IPUIPlugin:80 - create IPUIPlugin
2025-09-17 15:18:16,769 [INFO] PluginManager:220 - loadIPPluginJar : add hash
2025-09-17 15:18:16,772 [INFO] IPUIPlugin:80 - create IPUIPlugin
2025-09-17 15:18:16,773 [INFO] PluginManager:220 - loadIPPluginJar : add i2c
2025-09-17 15:18:16,775 [INFO] IPUIPlugin:80 - create IPUIPlugin
2025-09-17 15:18:16,775 [INFO] PluginManager:220 - loadIPPluginJar : add i2s
2025-09-17 15:18:16,778 [INFO] IPUIPlugin:80 - create IPUIPlugin
2025-09-17 15:18:16,779 [INFO] PluginManager:220 - loadIPPluginJar : add i3c
2025-09-17 15:18:16,782 [INFO] IPUIPlugin:80 - create IPUIPlugin
2025-09-17 15:18:16,783 [INFO] PluginManager:220 - loadIPPluginJar : add ipddr
2025-09-17 15:18:16,789 [INFO] IPUIPlugin:80 - create IPUIPlugin
2025-09-17 15:18:16,790 [INFO] PluginManager:220 - loadIPPluginJar : add linkedlist
2025-09-17 15:18:16,793 [INFO] IPUIPlugin:80 - create IPUIPlugin
2025-09-17 15:18:16,794 [INFO] PluginManager:220 - loadIPPluginJar : add lorawan
2025-09-17 15:18:16,797 [INFO] IPUIPlugin:80 - create IPUIPlugin
2025-09-17 15:18:16,797 [INFO] PluginManager:220 - loadIPPluginJar : add ltdc
2025-09-17 15:18:16,802 [INFO] IPUIPlugin:80 - create IPUIPlugin
2025-09-17 15:18:16,802 [INFO] PluginManager:220 - loadIPPluginJar : add mdma
2025-09-17 15:18:16,805 [INFO] IPUIPlugin:80 - create IPUIPlugin
2025-09-17 15:18:16,806 [INFO] PluginManager:220 - loadIPPluginJar : add nvic
2025-09-17 15:18:16,809 [INFO] IPUIPlugin:80 - create IPUIPlugin
2025-09-17 15:18:16,809 [INFO] PluginManager:220 - loadIPPluginJar : add opamp
2025-09-17 15:18:16,812 [INFO] IPUIPlugin:80 - create IPUIPlugin
2025-09-17 15:18:16,813 [INFO] PluginManager:220 - loadIPPluginJar : add openamp
2025-09-17 15:18:16,815 [INFO] IPUIPlugin:80 - create IPUIPlugin
2025-09-17 15:18:16,815 [INFO] PluginManager:220 - loadIPPluginJar : add pdm2pcm
2025-09-17 15:18:16,820 [INFO] IPUIPlugin:80 - create IPUIPlugin
2025-09-17 15:18:16,822 [INFO] PluginManager:220 - loadIPPluginJar : add plateformsettings
2025-09-17 15:18:16,824 [INFO] IPUIPlugin:80 - create IPUIPlugin
2025-09-17 15:18:16,824 [INFO] PluginManager:220 - loadIPPluginJar : add quadspi
2025-09-17 15:18:16,825 [INFO] IPUIPlugin:80 - create IPUIPlugin
2025-09-17 15:18:16,826 [INFO] PluginManager:220 - loadIPPluginJar : add radio
2025-09-17 15:18:16,829 [INFO] IPUIPlugin:80 - create IPUIPlugin
2025-09-17 15:18:16,829 [INFO] PluginManager:220 - loadIPPluginJar : add resmgrutility
2025-09-17 15:18:16,831 [INFO] IPUIPlugin:80 - create IPUIPlugin
2025-09-17 15:18:16,831 [INFO] PluginManager:220 - loadIPPluginJar : add sai
2025-09-17 15:18:16,833 [INFO] IPUIPlugin:80 - create IPUIPlugin
2025-09-17 15:18:16,833 [INFO] PluginManager:220 - loadIPPluginJar : add spi
2025-09-17 15:18:16,839 [INFO] IPUIPlugin:80 - create IPUIPlugin
2025-09-17 15:18:16,840 [INFO] PluginManager:220 - loadIPPluginJar : add stm32_wpan
2025-09-17 15:18:16,843 [INFO] IPUIPlugin:80 - create IPUIPlugin
2025-09-17 15:18:16,843 [INFO] PluginManager:220 - loadIPPluginJar : add tim
2025-09-17 15:18:16,846 [INFO] IPUIPlugin:80 - create IPUIPlugin
2025-09-17 15:18:16,847 [INFO] PluginManager:220 - loadIPPluginJar : add touchsensing
2025-09-17 15:18:16,849 [INFO] IPUIPlugin:80 - create IPUIPlugin
2025-09-17 15:18:16,849 [INFO] PluginManager:220 - loadIPPluginJar : add tracer_emb
2025-09-17 15:18:16,851 [INFO] IPUIPlugin:80 - create IPUIPlugin
2025-09-17 15:18:16,851 [INFO] PluginManager:220 - loadIPPluginJar : add ts
2025-09-17 15:18:16,852 [INFO] IPUIPlugin:80 - create IPUIPlugin
2025-09-17 15:18:16,852 [INFO] PluginManager:220 - loadIPPluginJar : add tsc
2025-09-17 15:18:16,854 [INFO] IPUIPlugin:80 - create IPUIPlugin
2025-09-17 15:18:16,854 [INFO] PluginManager:220 - loadIPPluginJar : add ucpd
2025-09-17 15:18:16,857 [INFO] IPUIPlugin:80 - create IPUIPlugin
2025-09-17 15:18:16,857 [INFO] PluginManager:220 - loadIPPluginJar : add usart
2025-09-17 15:18:16,860 [INFO] IPUIPlugin:80 - create IPUIPlugin
2025-09-17 15:18:16,860 [INFO] PluginManager:220 - loadIPPluginJar : add usbx
2025-09-17 15:18:16,982 [FATAL] Updater:351 - Updater called before beeing initialized
2025-09-17 15:18:17,014 [INFO] RulesReader:64 - Compatibility file has been processed (317 Rules)
2025-09-17 15:18:17,028 [INFO] RulesReader:64 - Compatibility file has been processed (317 Rules)
2025-09-17 15:18:17,043 [INFO] CADModel:165 - CPN selected for project level
2025-09-17 15:18:17,043 [INFO] CADModel:114 - Register for checkConnection events
2025-09-17 15:18:17,043 [FATAL] Updater:351 - Updater called before beeing initialized
2025-09-17 15:18:17,043 [ERROR] CADModel:125 - Updater not yet initialized, retry later 
2025-09-17 15:18:17,205 [FATAL] Updater:351 - Updater called before beeing initialized
2025-09-17 15:18:17,206 [INFO] CADModel:165 - CPN selected for project level
2025-09-17 15:18:17,206 [INFO] CADModel:114 - Register for checkConnection events
2025-09-17 15:18:17,206 [FATAL] Updater:351 - Updater called before beeing initialized
2025-09-17 15:18:17,206 [ERROR] CADModel:125 - Updater not yet initialized, retry later 
2025-09-17 15:18:17,209 [FATAL] Updater:351 - Updater called before beeing initialized
2025-09-17 15:18:17,316 [FATAL] Updater:351 - Updater called before beeing initialized
2025-09-17 15:18:17,319 [INFO] DbMcusAds:53 - JSON generation date=Tue Jul 08 13:44:23 IST 2025 (1751962463582)
2025-09-17 15:18:17,319 [FATAL] Updater:351 - Updater called before beeing initialized
2025-09-17 15:18:17,352 [WARN] DetailPanel:346 - Failed to get advertising image, set to default
2025-09-17 15:18:17,448 [FATAL] Updater:351 - Updater called before beeing initialized
2025-09-17 15:18:17,450 [FATAL] Updater:351 - Updater called before beeing initialized
2025-09-17 15:18:17,450 [FATAL] Updater:351 - Updater called before beeing initialized
2025-09-17 15:18:17,450 [WARN] DetailPanel:346 - Failed to get advertising image, set to default
2025-09-17 15:18:17,451 [FATAL] Updater:351 - Updater called before beeing initialized
2025-09-17 15:18:17,503 [ERROR] Updater:1198 - MainUpdater not yet initialized. External WinMGr cannot be set.
2025-09-17 15:18:17,505 [INFO] Updater:1134 - Updater Version found : 6.15.0
2025-09-17 15:18:17,523 [INFO] ApplicationProperties:184 - Using Application install path: C:\ST\STM32CubeIDE_1.16.0\STM32CubeIDE\plugins\com.st.stm32cube.common.mx_6.15.0.202507011659
2025-09-17 15:18:19,103 [ERROR] LogOutputStream:75 - [STDERR_REDIRECT] Sep 17, 2025 3:18:19 PM java.util.prefs.WindowsPreferences <init>
2025-09-17 15:18:19,106 [ERROR] LogOutputStream:75 - [STDERR_REDIRECT] WARNING: Could not open/create prefs root node Software\JavaSoft\Prefs at root 0xffffffff80000002. Windows RegCreateKeyEx(...) returned error code 5.
2025-09-17 15:18:19,106 [ERROR] LogOutputStream:75 - [STDERR_REDIRECT] 
2025-09-17 15:18:19,212 [INFO] ThirdPartyUpdaterWithRetryManager:70 - Updater plugin not ready yet. [2/15]
2025-09-17 15:18:20,023 [INFO] MainUpdater:2872 - connection check result : 10
2025-09-17 15:18:20,024 [INFO] MainUpdater:289 - Updater Check For Update Now.
2025-09-17 15:18:20,025 [INFO] MicroXplorer:498 - Change Database Version : DB.6.0.150
2025-09-17 15:18:20,036 [INFO] McuFinderGlobals:63 - Set McuFinder mode to 2 (CubeIDE integrated)
2025-09-17 15:18:20,036 [INFO] UserAuth:487 - Internet connection configuration mode: 1
2025-09-17 15:18:20,096 [INFO] JxBrowserEngine:152 - Initiate JxBrowser Engine with user profile folder
2025-09-17 15:18:20,228 [INFO] CheckServerUpdateThread:120 - End of CheckServer Thread
2025-09-17 15:18:20,772 [INFO] WebApp:169 - Instantiating new browser for Auth
2025-09-17 15:18:21,570 [INFO] WebApp:463 - Apply proxy settings
2025-09-17 15:18:21,571 [INFO] WebApp:548 - Chromium requires no authentication
2025-09-17 15:18:21,580 [INFO] WebApp:491 - Direct internet connection detected
2025-09-17 15:18:21,600 [INFO] WebApp:900 - Register for checkConnection events
2025-09-17 15:18:21,600 [INFO] WebApp:463 - Apply proxy settings
2025-09-17 15:18:21,600 [INFO] WebApp:548 - Chromium requires no authentication
2025-09-17 15:18:21,600 [INFO] WebApp:491 - Direct internet connection detected
2025-09-17 15:18:21,725 [INFO] WebApp:225 - Starting web application
2025-09-17 15:18:21,725 [INFO] WebApp:593 - Web application path used C:\ST\STM32CubeIDE_1.16.0\STM32CubeIDE\plugins\com.st.stm32cube.common.mx_6.15.0.202507011659\db\plugins\mcufinder\reactClient1\index.html
2025-09-17 15:18:21,819 [INFO] UserAuth:487 - Internet connection configuration mode: 1
2025-09-17 15:18:22,497 [INFO] WebApp:191 - Connection restablished
2025-09-17 15:18:22,536 [WARN] PackLoader:240 - Cannot read IP mode file for STMicroelectronics.FP-SNS-MOTENVWB1.1.4.0
2025-09-17 15:18:22,559 [WARN] PackLoader:240 - Cannot read IP mode file for STMicroelectronics.X-CUBE-SMBUS.2.1.0
2025-09-17 15:18:22,584 [WARN] PackLoader:240 - Cannot read IP mode file for STMicroelectronics.X-CUBE-WB05N.1.1.0
2025-09-17 15:18:22,602 [WARN] PackLoader:240 - Cannot read IP mode file for STMicroelectronics.X-CUBE-ST60.1.0.0
2025-09-17 15:18:22,638 [WARN] PackLoader:240 - Cannot read IP mode file for STMicroelectronics.X-CUBE-AZRTOS-F7.1.1.0
2025-09-17 15:18:22,696 [WARN] PackLoader:240 - Cannot read IP mode file for STMicroelectronics.X-CUBE-MEMS1.11.0.0
2025-09-17 15:18:22,834 [WARN] PackLoader:240 - Cannot read IP mode file for STMicroelectronics.FP-SNS-FLIGHT1.5.0.2
2025-09-17 15:18:22,866 [WARN] PackLoader:240 - Cannot read IP mode file for STMicroelectronics.X-CUBE-AZRTOS-H7.3.4.0
2025-09-17 15:18:22,886 [WARN] PackLoader:240 - Cannot read IP mode file for STMicroelectronics.X-CUBE-DISPLAY.3.0.0
2025-09-17 15:18:22,907 [WARN] PackLoader:240 - Cannot read IP mode file for STMicroelectronics.X-CUBE-BLE1.7.0.0
2025-09-17 15:18:22,924 [WARN] PackLoader:240 - Cannot read IP mode file for STMicroelectronics.X-CUBE-NFC10.1.0.0
2025-09-17 15:18:22,947 [WARN] PackLoader:240 - Cannot read IP mode file for STMicroelectronics.X-CUBE-BLEMGR.4.0.0
2025-09-17 15:18:22,966 [WARN] PackLoader:240 - Cannot read IP mode file for emotas.I-CUBE-CANOPEN.1.3.0
2025-09-17 15:18:22,983 [WARN] PackLoader:240 - Cannot read IP mode file for STMicroelectronics.X-CUBE-BLEMGR.3.1.0
2025-09-17 15:18:23,005 [WARN] PackLoader:240 - Cannot read IP mode file for STMicroelectronics.FP-SNS-STBOX1.2.1.0
2025-09-17 15:18:23,022 [WARN] PackLoader:240 - Cannot read IP mode file for STMicroelectronics.FP-SNS-SMARTAG2.1.2.0
2025-09-17 15:18:23,036 [WARN] PackLoader:240 - Cannot read IP mode file for STMicroelectronics.FP-SNS-FLIGHT1.5.1.0
2025-09-17 15:18:23,057 [INFO] LogOutputStream:77 - [STDOUT_REDIRECT] 1 : Invalid condition id : UX_CORESTACK_Condition cause : null
2025-09-17 15:18:23,058 [INFO] LogOutputStream:77 - [STDOUT_REDIRECT] 1 : Invalid condition id : UX_CORESTACK_Condition cause : null
2025-09-17 15:18:23,060 [INFO] LogOutputStream:77 - [STDOUT_REDIRECT] 1 : Invalid condition id : UX_CORESTACK_Condition cause : null
2025-09-17 15:18:23,061 [INFO] LogOutputStream:77 - [STDOUT_REDIRECT] 1 : Invalid condition id : UX_CORESTACK_Condition cause : null
2025-09-17 15:18:23,063 [INFO] LogOutputStream:77 - [STDOUT_REDIRECT] 1 : Invalid condition id : UX_CORESTACK_Condition cause : null
2025-09-17 15:18:23,066 [WARN] PackLoader:240 - Cannot read IP mode file for STMicroelectronics.X-CUBE-AZRTOS-WL.2.0.0
2025-09-17 15:18:23,083 [WARN] PackLoader:240 - Cannot read IP mode file for STMicroelectronics.FP-SNS-MOTENV1.5.0.0
2025-09-17 15:18:23,102 [WARN] PackLoader:240 - Cannot read IP mode file for wolfSSL.I-CUBE-wolfMQTT.1.19.0
2025-09-17 15:18:23,127 [WARN] PackLoader:240 - Cannot read IP mode file for WES.I-CUBE-Cesium.1.3.0
2025-09-17 15:18:23,149 [WARN] PackLoader:240 - Cannot read IP mode file for STMicroelectronics.X-CUBE-BLE2.3.3.0
2025-09-17 15:18:23,170 [WARN] PackLoader:240 - Cannot read IP mode file for STMicroelectronics.X-CUBE-NFC9.1.0.0
2025-09-17 15:18:23,187 [WARN] PackLoader:240 - Cannot read IP mode file for STMicroelectronics.X-CUBE-BLE1.7.1.0
2025-09-17 15:18:23,205 [WARN] PackLoader:240 - Cannot read IP mode file for STMicroelectronics.X-CUBE-TCPP.4.1.0
2025-09-17 15:18:23,225 [WARN] PackLoader:240 - Cannot read IP mode file for STMicroelectronics.X-CUBE-EEPRMA1.5.2.0
2025-09-17 15:18:23,243 [WARN] PackLoader:240 - Cannot read IP mode file for STMicroelectronics.X-CUBE-AI.10.1.0
2025-09-17 15:18:23,276 [WARN] PackLoader:240 - Cannot read IP mode file for STMicroelectronics.X-CUBE-AZRTOS-G0.1.1.0
2025-09-17 15:18:23,296 [WARN] PackLoader:240 - Cannot read IP mode file for STMicroelectronics.X-CUBE-SAFEA1.1.2.2
2025-09-17 15:18:23,316 [WARN] PackLoader:240 - Cannot read IP mode file for STMicroelectronics.X-CUBE-NFC4.3.0.0
2025-09-17 15:18:23,346 [WARN] PackLoader:240 - Cannot read IP mode file for EmbeddedOffice.I-CUBE-FS-RTOS.1.0.1
2025-09-17 15:18:23,368 [WARN] PackLoader:240 - Cannot read IP mode file for STMicroelectronics.X-CUBE-WB05N.2.0.0
2025-09-17 15:18:23,386 [WARN] PackLoader:240 - Cannot read IP mode file for STMicroelectronics.X-CUBE-TCPP.4.2.0
2025-09-17 15:18:23,406 [WARN] PackLoader:240 - Cannot read IP mode file for RealThread.X-CUBE-RT-Thread_Nano.4.1.1
2025-09-17 15:18:23,423 [WARN] PackLoader:240 - Cannot read IP mode file for wolfSSL.I-CUBE-wolfSSL.5.7.0
2025-09-17 15:18:23,443 [WARN] PackLoader:240 - Cannot read IP mode file for STMicroelectronics.FP-ATR-SIGFOX1.3.2.0
2025-09-17 15:18:23,467 [WARN] ConditionMgr:438 - getConditionDescription Invalid condition id : Cortex-A Device cause : null
2025-09-17 15:18:23,507 [WARN] ConditionMgr:1044 - genDependencies : Invalid condition id : Cortex-A Device cause : null
2025-09-17 15:18:23,508 [WARN] ConditionMgr:1044 - genDependencies : Invalid condition id : Cortex-A Device cause : null
2025-09-17 15:18:23,508 [WARN] ConditionMgr:1044 - genDependencies : Invalid condition id : Cortex-A Device cause : null
2025-09-17 15:18:23,526 [WARN] PackLoader:240 - Cannot read IP mode file for STMicroelectronics.X-CUBE-EEPRMA1.5.1.0
2025-09-17 15:18:23,544 [WARN] PackLoader:240 - Cannot read IP mode file for ITTIA_DB.I-CUBE-ITTIADB.8.9.0
2025-09-17 15:18:23,569 [WARN] PackLoader:240 - Cannot read IP mode file for STMicroelectronics.X-CUBE-ST67W61.1.0.0
2025-09-17 15:18:23,586 [WARN] PackLoader:240 - Cannot read IP mode file for STMicroelectronics.X-CUBE-AI.10.2.0
2025-09-17 15:18:23,628 [WARN] PackLoader:240 - Cannot read IP mode file for SEGGER.I-CUBE-embOS.1.3.1
2025-09-17 15:18:23,674 [WARN] PackLoader:240 - Cannot read IP mode file for STMicroelectronics.X-CUBE-ALGOBUILD.1.4.0
2025-09-17 15:18:23,737 [WARN] PackLoader:240 - Cannot read IP mode file for STMicroelectronics.X-CUBE-MEMS1.11.3.0
2025-09-17 15:18:23,910 [WARN] PackLoader:240 - Cannot read IP mode file for STMicroelectronics.X-CUBE-AI.9.1.0
2025-09-17 15:18:23,928 [WARN] PackLoader:240 - Cannot read IP mode file for STMicroelectronics.X-CUBE-PM33A1.1.0.0
2025-09-17 15:18:23,952 [WARN] PackLoader:240 - Cannot read IP mode file for STMicroelectronics.X-CUBE-GNSS1.6.0.0
2025-09-17 15:18:23,984 [WARN] PackLoader:240 - Cannot read IP mode file for STMicroelectronics.X-CUBE-AZRTOS-F4.1.1.0
2025-09-17 15:18:24,002 [WARN] PackLoader:240 - Cannot read IP mode file for Avnet-IotConnect.X-CUBE-IoTC-DA16k-PMOD.1.0.0
2025-09-17 15:18:24,020 [WARN] PackLoader:240 - Cannot read IP mode file for STMicroelectronics.X-CUBE-ISPU.2.1.0
2025-09-17 15:18:24,035 [WARN] PackLoader:240 - Cannot read IP mode file for STMicroelectronics.X-CUBE-FREERTOS.1.2.0
2025-09-17 15:18:24,054 [WARN] PackLoader:240 - Cannot read IP mode file for STMicroelectronics.X-CUBE-NFC12.1.0.0
2025-09-17 15:18:24,085 [WARN] PackLoader:240 - Cannot read IP mode file for STMicroelectronics.X-CUBE-AZRTOS-L5.2.0.0
2025-09-17 15:18:24,108 [WARN] PackLoader:240 - Cannot read IP mode file for STMicroelectronics.X-CUBE-NFC6.3.1.0
2025-09-17 15:18:24,132 [WARN] PackLoader:240 - Cannot read IP mode file for STMicroelectronics.X-CUBE-DPower.1.2.0
2025-09-17 15:18:24,149 [WARN] PackLoader:240 - Cannot read IP mode file for STMicroelectronics.X-CUBE-AI.9.0.0
2025-09-17 15:18:24,164 [WARN] PackLoader:240 - Cannot read IP mode file for STMicroelectronics.X-CUBE-FREERTOS.1.3.1
2025-09-17 15:18:24,180 [WARN] PackLoader:240 - Cannot read IP mode file for STMicroelectronics.X-CUBE-NFC7.1.0.1
2025-09-17 15:18:24,199 [WARN] PackLoader:240 - Cannot read IP mode file for wolfSSL.I-CUBE-wolfTPM.3.2.0
2025-09-17 15:18:24,217 [WARN] PackLoader:240 - Cannot read IP mode file for STMicroelectronics.FP-SNS-STAIOTCFT.1.0.0
2025-09-17 15:18:24,234 [WARN] PackLoader:240 - Cannot read IP mode file for STMicroelectronics.X-CUBE-DPower.1.3.0
2025-09-17 15:18:24,274 [WARN] ConditionMgr:438 - getConditionDescription Invalid condition id : LAN8742 Phy interface Condition cause : null
2025-09-17 15:18:24,275 [WARN] PackLoader:240 - Cannot read IP mode file for STMicroelectronics.X-CUBE-AZRTOS-L4.2.0.0
2025-09-17 15:18:24,277 [WARN] ConditionMgr:1044 - genDependencies : Invalid condition id : LAN8742 Phy interface Condition cause : null
2025-09-17 15:18:24,279 [WARN] ConditionMgr:1044 - genDependencies : Invalid condition id : LAN8742 Phy interface Condition cause : null
2025-09-17 15:18:24,281 [WARN] ConditionMgr:1044 - genDependencies : Invalid condition id : LAN8742 Phy interface Condition cause : null
2025-09-17 15:18:24,309 [WARN] PackLoader:240 - Cannot read IP mode file for STMicroelectronics.X-CUBE-SFXS2LP1.4.0.0
2025-09-17 15:18:24,351 [WARN] PackLoader:240 - Cannot read IP mode file for STMicroelectronics.X-CUBE-AZRTOS-H7.3.3.0
2025-09-17 15:18:24,385 [WARN] PackLoader:240 - Cannot read IP mode file for STMicroelectronics.X-CUBE-BLEMGR.4.1.0
2025-09-17 15:18:24,417 [WARN] PackLoader:240 - Cannot read IP mode file for STMicroelectronics.X-CUBE-IPS.3.0.0
2025-09-17 15:18:24,448 [WARN] ConditionMgr:438 - getConditionDescription Invalid condition id : UX DEVICE CLASS RTOS Condition cause : null
2025-09-17 15:18:24,448 [WARN] ConditionMgr:438 - getConditionDescription Invalid condition id : UX DEVICE CLASS RTOS Condition cause : null
2025-09-17 15:18:24,449 [WARN] PackLoader:240 - Cannot read IP mode file for STMicroelectronics.X-CUBE-AZRTOS-WB.2.0.0
2025-09-17 15:18:24,450 [WARN] ConditionMgr:1044 - genDependencies : Invalid condition id : UX DEVICE CLASS RTOS Condition cause : null
2025-09-17 15:18:24,450 [WARN] ConditionMgr:1044 - genDependencies : Invalid condition id : UX DEVICE CLASS RTOS Condition cause : null
2025-09-17 15:18:24,450 [WARN] ConditionMgr:1044 - genDependencies : Invalid condition id : UX DEVICE CLASS RTOS Condition cause : null
2025-09-17 15:18:24,450 [WARN] ConditionMgr:1044 - genDependencies : Invalid condition id : UX DEVICE CLASS RTOS Condition cause : null
2025-09-17 15:18:24,450 [WARN] ConditionMgr:1044 - genDependencies : Invalid condition id : UX DEVICE CLASS RTOS Condition cause : null
2025-09-17 15:18:24,467 [WARN] PackLoader:240 - Cannot read IP mode file for STMicroelectronics.X-CUBE-GNSS1.7.0.0
2025-09-17 15:18:24,488 [WARN] PackLoader:240 - Cannot read IP mode file for STMicroelectronics.X-CUBE-GNSS1.7.0.1
2025-09-17 15:18:24,516 [WARN] PackLoader:240 - Cannot read IP mode file for STMicroelectronics.X-CUBE-TOUCHGFX.4.25.0
2025-09-17 15:18:24,534 [WARN] PackLoader:240 - Cannot read IP mode file for STMicroelectronics.FP-SNS-STBOX1.2.0.0
2025-09-17 15:18:24,558 [WARN] PackLoader:240 - Cannot read IP mode file for STMicroelectronics.X-CUBE-SUBG2.5.0.0
2025-09-17 15:18:24,591 [WARN] PackLoader:240 - Cannot read IP mode file for STMicroelectronics.X-CUBE-AZRTOS-H7RS.1.1.0
2025-09-17 15:18:24,615 [WARN] PackLoader:240 - Cannot read IP mode file for Cesanta.I-CUBE-Mongoose.7.13.0
2025-09-17 15:18:24,639 [WARN] PackLoader:240 - Cannot read IP mode file for STMicroelectronics.X-CUBE-AZRTOS-G4.2.0.0
2025-09-17 15:18:24,653 [WARN] PackLoader:240 - Cannot read IP mode file for STMicroelectronics.X-CUBE-NFC7.2.0.0
2025-09-17 15:18:24,668 [WARN] PackLoader:240 - Cannot read IP mode file for STMicroelectronics.X-CUBE-ISPU.2.0.0
2025-09-17 15:18:24,685 [WARN] PackLoader:240 - Cannot read IP mode file for STMicroelectronics.X-CUBE-IPS.3.1.0
2025-09-17 15:18:24,702 [WARN] PackLoader:240 - Cannot read IP mode file for STMicroelectronics.X-CUBE-ALS.1.0.2
2025-09-17 15:18:24,746 [WARN] PackLoader:240 - Cannot read IP mode file for STMicroelectronics.X-CUBE-MEMS1.10.0.0
2025-09-17 15:18:24,819 [WARN] PackLoader:240 - Cannot read IP mode file for STMicroelectronics.X-CUBE-TOUCHGFX.4.24.0
2025-09-17 15:18:24,834 [WARN] PackLoader:240 - Cannot read IP mode file for STMicroelectronics.X-CUBE-TOUCHGFX.4.24.1
2025-09-17 15:18:24,851 [WARN] PackLoader:240 - Cannot read IP mode file for STMicroelectronics.X-CUBE-STSE01.1.0.0
2025-09-17 15:18:24,871 [WARN] PackLoader:240 - Cannot read IP mode file for portGmbH.I-Cube-SoM-uGOAL.1.1.0
2025-09-17 15:18:24,899 [WARN] PackLoader:240 - Cannot read IP mode file for STMicroelectronics.X-CUBE-AZRTOS-H7RS.1.0.0
2025-09-17 15:18:24,915 [WARN] PackLoader:240 - Cannot read IP mode file for STMicroelectronics.FP-ATR-ASTRA1.2.0.0
2025-09-17 15:18:24,934 [WARN] PackLoader:240 - Cannot read IP mode file for STMicroelectronics.X-CUBE-TOF1.3.4.2
2025-09-17 15:18:24,955 [WARN] PackLoader:240 - Cannot read IP mode file for STMicroelectronics.X-CUBE-TOF1.3.4.3
2025-09-17 15:18:24,980 [WARN] PackLoader:240 - Cannot read IP mode file for STMicroelectronics.X-CUBE-TOF1.3.4.1
2025-09-17 15:18:25,011 [WARN] PackLoader:240 - Cannot read IP mode file for STMicroelectronics.X-CUBE-AZRTOS-H7.3.2.0
2025-09-17 15:18:25,043 [WARN] PackLoader:240 - Cannot read IP mode file for Infineon.AIROC-Wi-Fi-Bluetooth-STM32.1.6.0
2025-09-17 15:18:25,069 [WARN] PackLoader:240 - Cannot read IP mode file for wolfSSL.I-CUBE-wolfSSH.1.4.17
2025-09-17 15:18:25,070 [INFO] ThirdParty:978 - Integrity check success = true
2025-09-17 15:18:25,070 [INFO] IntegrityCheckThread:100 - exiting critical section [integrity check]
2025-09-17 15:18:25,070 [INFO] IntegrityCheckThread:103 - End integrity checks thread
2025-09-17 16:34:35,344 [INFO] WebApp:194 - Connection lost
2025-09-17 16:34:35,742 [INFO] WebApp:191 - Connection restablished
2025-09-17 17:22:25,764 [INFO] WebApp:194 - Connection lost
2025-09-17 22:17:47,507 [INFO] WebApp:191 - Connection restablished
2025-09-17 22:17:47,518 [INFO] WebApp:194 - Connection lost
2025-09-17 22:17:50,314 [INFO] WebApp:191 - Connection restablished
2025-09-17 23:40:33,064 [ERROR] LogOutputStream:75 - [STDERR_REDIRECT] 
