2025-09-08 09:08:15,990 [ERROR] LogOutputStream:75 - [STDERR_REDIRECT] 
2025-09-08 15:09:44,226 [INFO] Activator:176 - 


2025-09-08 15:09:44,231 [INFO] Activator:177 - !SESSION log4j initialized
2025-09-08 15:10:09,632 [INFO] LogOutputStream:77 - [STDOUT_REDIRECT] 
2025-09-08 15:10:17,126 [INFO] ApplicationProperties:184 - Using Application install path: C:\ST\STM32CubeIDE_1.16.0\STM32CubeIDE\plugins\com.st.stm32cube.common.mx_6.15.0.202507011659
2025-09-08 15:10:17,158 [INFO] DbMcusXml:78 - Set database path to: C:\ST\STM32CubeIDE_1.16.0\STM32CubeIDE\plugins\com.st.stm32cube.common.mx_6.15.0.202507011659\\db\/mcu/
2025-09-08 15:10:17,159 [INFO] ApiDb:274 - Set plugin database path to: C:\ST\STM32CubeIDE_1.16.0\STM32CubeIDE\plugins\com.st.stm32cube.common.mx_6.15.0.202507011659\\db\/plugins/boardmanager/
2025-09-08 15:10:17,159 [WARN] ApiDb:259 - Overriding images path with different value:  => C:\ST\STM32CubeIDE_1.16.0\STM32CubeIDE\plugins\com.st.stm32cube.common.mx_6.15.0.202507011659\\db\/plugins/mcufinder/images/
2025-09-08 15:10:17,171 [INFO] ApiDb:250 - Set database path to: C:\Users\nisha\.stmcufinder\plugins\mcufinder//mcu/
2025-09-08 15:10:17,173 [INFO] DbMcusAds:125 - Set database path to: C:\Users\nisha\.stmcufinder\plugins\mcufinder//mcu/
2025-09-08 15:10:17,178 [INFO] CrossReferenceDbSqlite:203 - Set database path to: C:\Users\nisha\.stmcufinder\plugins\mcufinder//mcu/cs/
2025-09-08 15:10:17,347 [INFO] RulesReader:64 - Compatibility file has been processed (317 Rules)
2025-09-08 15:10:17,597 [INFO] DbMcusXml:78 - Set database path to: C:\ST\STM32CubeIDE_1.16.0\STM32CubeIDE\plugins\com.st.stm32cube.common.mx_6.15.0.202507011659\\db\/mcu/
2025-09-08 15:10:17,598 [INFO] ApiDb:274 - Set plugin database path to: C:\ST\STM32CubeIDE_1.16.0\STM32CubeIDE\plugins\com.st.stm32cube.common.mx_6.15.0.202507011659\\db\/plugins/boardmanager/
2025-09-08 15:10:17,598 [INFO] ApiDb:261 - Set plugin images path to: C:\ST\STM32CubeIDE_1.16.0\STM32CubeIDE\plugins\com.st.stm32cube.common.mx_6.15.0.202507011659\\db\/plugins/mcufinder/images/
2025-09-08 15:10:17,598 [WARN] DbFile:41 - Overriding database path with different value: C:\Users\nisha\.stmcufinder\plugins\mcufinder/ => C:\Users\nisha\.stmcufinder\plugins\mcufinder
2025-09-08 15:10:17,598 [INFO] ApiDb:250 - Set database path to: C:\Users\nisha\.stmcufinder\plugins\mcufinder//mcu/
2025-09-08 15:10:17,600 [WARN] DbFile:41 - Overriding database path with different value: C:\Users\nisha\.stmcufinder\plugins\mcufinder/ => C:\Users\nisha\.stmcufinder\plugins\mcufinder
2025-09-08 15:10:17,600 [INFO] DbMcusAds:125 - Set database path to: C:\Users\nisha\.stmcufinder\plugins\mcufinder//mcu/
2025-09-08 15:10:17,600 [WARN] DbFile:41 - Overriding database path with different value: C:\Users\nisha\.stmcufinder\plugins\mcufinder/ => C:\Users\nisha\.stmcufinder\plugins\mcufinder
2025-09-08 15:10:17,600 [WARN] DbFile:41 - Overriding database path with different value: C:\Users\nisha\.stmcufinder\plugins\mcufinder/ => C:\Users\nisha\.stmcufinder\plugins\mcufinder
2025-09-08 15:10:17,600 [INFO] CrossReferenceDbSqlite:203 - Set database path to: C:\Users\nisha\.stmcufinder\plugins\mcufinder//mcu/cs/
2025-09-08 15:10:17,762 [INFO] MainPanel:274 - HeapMemory: 268435456
2025-09-08 15:10:18,007 [INFO] DbMcusXml:78 - Set database path to: C:\ST\STM32CubeIDE_1.16.0\STM32CubeIDE\plugins\com.st.stm32cube.common.mx_6.15.0.202507011659\\db\/mcu/
2025-09-08 15:10:18,007 [INFO] ApiDb:274 - Set plugin database path to: C:\ST\STM32CubeIDE_1.16.0\STM32CubeIDE\plugins\com.st.stm32cube.common.mx_6.15.0.202507011659\\db\/plugins/boardmanager/
2025-09-08 15:10:18,007 [INFO] ApiDb:261 - Set plugin images path to: C:\ST\STM32CubeIDE_1.16.0\STM32CubeIDE\plugins\com.st.stm32cube.common.mx_6.15.0.202507011659\\db\/plugins/mcufinder/images/
2025-09-08 15:10:18,008 [WARN] DbFile:41 - Overriding database path with different value: C:\Users\nisha\.stmcufinder\plugins\mcufinder/ => C:\Users\nisha\.stmcufinder\plugins\mcufinder
2025-09-08 15:10:18,008 [INFO] ApiDb:250 - Set database path to: C:\Users\nisha\.stmcufinder\plugins\mcufinder//mcu/
2025-09-08 15:10:18,008 [WARN] DbFile:41 - Overriding database path with different value: C:\Users\nisha\.stmcufinder\plugins\mcufinder/ => C:\Users\nisha\.stmcufinder\plugins\mcufinder
2025-09-08 15:10:18,008 [INFO] DbMcusAds:125 - Set database path to: C:\Users\nisha\.stmcufinder\plugins\mcufinder//mcu/
2025-09-08 15:10:18,009 [WARN] DbFile:41 - Overriding database path with different value: C:\Users\nisha\.stmcufinder\plugins\mcufinder/ => C:\Users\nisha\.stmcufinder\plugins\mcufinder
2025-09-08 15:10:18,009 [WARN] DbFile:41 - Overriding database path with different value: C:\Users\nisha\.stmcufinder\plugins\mcufinder/ => C:\Users\nisha\.stmcufinder\plugins\mcufinder
2025-09-08 15:10:18,009 [INFO] CrossReferenceDbSqlite:203 - Set database path to: C:\Users\nisha\.stmcufinder\plugins\mcufinder//mcu/cs/
2025-09-08 15:10:18,046 [INFO] ApplicationProperties:184 - Using Application install path: C:\ST\STM32CubeIDE_1.16.0\STM32CubeIDE\plugins\com.st.stm32cube.common.mx_6.15.0.202507011659
2025-09-08 15:10:18,048 [INFO] PluginManage:196 - Search for loadable plugins [exclusion list=, ]
2025-09-08 15:10:18,051 [INFO] PluginManage:310 - Check plugin analytics
2025-09-08 15:10:18,365 [INFO] AnalyticsPlugin:253 - Accepted Software Licenses: 
2025-09-08 15:10:18,366 [INFO] AnalyticsPlugin:255 - Accepted CMSIS Pack Licenses: 
2025-09-08 15:10:18,367 [INFO] AnalyticsPlugin:257 - Accepted Firmware Licenses: FW.F4.1.28.0
2025-09-08 15:10:18,372 [INFO] PluginManage:359 - Loaded plugin analytics (category:tool,tabindex:-1)
2025-09-08 15:10:18,373 [INFO] PluginManage:310 - Check plugin cadmodel
2025-09-08 15:10:18,403 [INFO] CADModel:105 - Init CAD model plugin
2025-09-08 15:10:18,404 [INFO] PluginManage:359 - Loaded plugin cadmodel (category:power,tabindex:5)
2025-09-08 15:10:18,404 [INFO] PluginManage:310 - Check plugin clock
2025-09-08 15:10:18,430 [INFO] PluginManage:359 - Loaded plugin clock (category:base,tabindex:2)
2025-09-08 15:10:18,430 [INFO] PluginManage:310 - Check plugin ddr
2025-09-08 15:10:18,433 [INFO] PluginManage:359 - Loaded plugin ddr (category:tool,tabindex:6)
2025-09-08 15:10:18,434 [INFO] PluginManage:310 - Check plugin filemanager
2025-09-08 15:10:18,658 [INFO] PluginManage:359 - Loaded plugin filemanager (category:base,tabindex:10)
2025-09-08 15:10:18,659 [INFO] PluginManage:310 - Check plugin ipmanager
2025-09-08 15:10:18,675 [INFO] PluginManage:359 - Loaded plugin ipmanager (category:base,tabindex:5)
2025-09-08 15:10:18,676 [INFO] PluginManage:310 - Check plugin lpbam
2025-09-08 15:10:18,711 [INFO] PluginManage:359 - Loaded plugin lpbam (category:base,tabindex:0)
2025-09-08 15:10:18,712 [INFO] PluginManage:310 - Check plugin memorymap
2025-09-08 15:10:18,761 [INFO] PluginManage:359 - Loaded plugin memorymap (category:base,tabindex:4)
2025-09-08 15:10:18,761 [INFO] PluginManage:310 - Check plugin pinoutandconfiguration
2025-09-08 15:10:18,789 [INFO] PluginManage:359 - Loaded plugin pinoutandconfiguration (category:base,tabindex:1)
2025-09-08 15:10:18,789 [INFO] PluginManage:310 - Check plugin pinoutconfig
2025-09-08 15:10:18,927 [WARN] SupportedApi:132 - Cannot load RTOS API schema: s4s-elt-must-match.1: The content of 'definitions' must match (annotation?, (simpleType | complexType)?, (unique | key | keyref)*)). A problem was found starting at: attribute.
2025-09-08 15:10:19,106 [INFO] PluginManage:359 - Loaded plugin pinoutconfig (category:base,tabindex:0)
2025-09-08 15:10:19,106 [INFO] PluginManage:310 - Check plugin power
2025-09-08 15:10:19,135 [INFO] PluginManage:359 - Loaded plugin power (category:power,tabindex:4)
2025-09-08 15:10:19,135 [INFO] PluginManage:310 - Check plugin projectmanager
2025-09-08 15:10:19,157 [INFO] PluginManage:359 - Loaded plugin projectmanager (category:projectmanager,tabindex:4)
2025-09-08 15:10:19,157 [INFO] PluginManage:310 - Check plugin rif
2025-09-08 15:10:19,183 [INFO] PluginManage:359 - Loaded plugin rif (category:base,tabindex:3)
2025-09-08 15:10:19,183 [INFO] PluginManage:310 - Check plugin thirdparty
2025-09-08 15:10:19,603 [INFO] PluginManage:359 - Loaded plugin thirdparty (category:base,tabindex:-1)
2025-09-08 15:10:19,603 [INFO] PluginManage:310 - Check plugin tools
2025-09-08 15:10:19,603 [WARN] IntegrityCheckThread:84 - waiting for thirdparty lock release [integrity check]
2025-09-08 15:10:19,604 [INFO] IntegrityCheckThread:86 - entering critical section [integrity check]
2025-09-08 15:10:19,604 [INFO] ThirdPartyUpdaterWithRetryManager:70 - Updater plugin not ready yet. [1/15]
2025-09-08 15:10:19,673 [INFO] PluginManage:359 - Loaded plugin tools (category:base,tabindex:7)
2025-09-08 15:10:19,673 [INFO] PluginManage:310 - Check plugin tutovideos
2025-09-08 15:10:20,106 [INFO] PluginManage:359 - Loaded plugin tutovideos (category:base,tabindex:-1)
2025-09-08 15:10:20,106 [INFO] PluginManage:310 - Check plugin updater
2025-09-08 15:10:20,133 [INFO] PluginManage:359 - Loaded plugin updater (category:base,tabindex:12)
2025-09-08 15:10:20,133 [INFO] PluginManage:310 - Check plugin userauth
2025-09-08 15:10:20,141 [INFO] UserAuth:118 - Init User Auth plugin
2025-09-08 15:10:20,142 [INFO] PluginManage:359 - Loaded plugin userauth (category:base,tabindex:14)
2025-09-08 15:10:20,142 [INFO] PluginManage:283 - PluginManage : Loaded plugins [18]
2025-09-08 15:10:20,503 [INFO] PinOutPanel:1589 - setPackage(No Configuration,No Configuration)
2025-09-08 15:10:20,758 [INFO] CADModel:165 - CPN selected for project level
2025-09-08 15:10:20,758 [INFO] CADModel:114 - Register for checkConnection events
2025-09-08 15:10:20,827 [INFO] IPUIPlugin:80 - create IPUIPlugin
2025-09-08 15:10:20,828 [INFO] PluginManager:220 - loadIPPluginJar : add adc
2025-09-08 15:10:20,903 [INFO] IPUIPlugin:80 - create IPUIPlugin
2025-09-08 15:10:20,903 [INFO] PluginManager:220 - loadIPPluginJar : add aes
2025-09-08 15:10:20,984 [INFO] IPUIPlugin:80 - create IPUIPlugin
2025-09-08 15:10:20,984 [INFO] PluginManager:220 - loadIPPluginJar : add can
2025-09-08 15:10:21,025 [INFO] IPUIPlugin:80 - create IPUIPlugin
2025-09-08 15:10:21,026 [INFO] PluginManager:220 - loadIPPluginJar : add comp
2025-09-08 15:10:21,071 [INFO] IPUIPlugin:80 - create IPUIPlugin
2025-09-08 15:10:21,071 [INFO] PluginManager:220 - loadIPPluginJar : add cryp
2025-09-08 15:10:21,087 [INFO] IPUIPlugin:80 - create IPUIPlugin
2025-09-08 15:10:21,087 [INFO] PluginManager:220 - loadIPPluginJar : add ddr_ctrl_phy
2025-09-08 15:10:21,117 [INFO] IPUIPlugin:80 - create IPUIPlugin
2025-09-08 15:10:21,118 [INFO] PluginManager:220 - loadIPPluginJar : add dfsdm
2025-09-08 15:10:21,133 [INFO] IPUIPlugin:80 - create IPUIPlugin
2025-09-08 15:10:21,133 [INFO] PluginManager:220 - loadIPPluginJar : add dma
2025-09-08 15:10:21,197 [INFO] IPUIPlugin:80 - create IPUIPlugin
2025-09-08 15:10:21,197 [INFO] PluginManager:220 - loadIPPluginJar : add dma3
2025-09-08 15:10:21,267 [INFO] IPUIPlugin:80 - create IPUIPlugin
2025-09-08 15:10:21,267 [INFO] PluginManager:220 - loadIPPluginJar : add extmemmanager
2025-09-08 15:10:21,292 [INFO] IPUIPlugin:80 - create IPUIPlugin
2025-09-08 15:10:21,292 [INFO] PluginManager:220 - loadIPPluginJar : add fatfs
2025-09-08 15:10:21,388 [INFO] IPUIPlugin:80 - create IPUIPlugin
2025-09-08 15:10:21,388 [INFO] PluginManager:220 - loadIPPluginJar : add fmc
2025-09-08 15:10:21,426 [INFO] IPUIPlugin:80 - create IPUIPlugin
2025-09-08 15:10:21,427 [INFO] PluginManager:220 - loadIPPluginJar : add freertos
2025-09-08 15:10:21,477 [INFO] IPUIPlugin:80 - create IPUIPlugin
2025-09-08 15:10:21,477 [INFO] PluginManager:220 - loadIPPluginJar : add genericplugin
2025-09-08 15:10:21,644 [INFO] IPUIPlugin:80 - create IPUIPlugin
2025-09-08 15:10:21,644 [INFO] PluginManager:220 - loadIPPluginJar : add gfxmmu
2025-09-08 15:10:21,815 [INFO] IPUIPlugin:80 - create IPUIPlugin
2025-09-08 15:10:21,815 [INFO] PluginManager:220 - loadIPPluginJar : add gic
2025-09-08 15:10:21,857 [INFO] IPUIPlugin:80 - create IPUIPlugin
2025-09-08 15:10:21,857 [INFO] PluginManager:220 - loadIPPluginJar : add gpio
2025-09-08 15:10:21,952 [INFO] IPUIPlugin:80 - create IPUIPlugin
2025-09-08 15:10:21,952 [INFO] PluginManager:220 - loadIPPluginJar : add gtzc
2025-09-08 15:10:21,996 [INFO] IPUIPlugin:80 - create IPUIPlugin
2025-09-08 15:10:21,997 [INFO] PluginManager:220 - loadIPPluginJar : add hash
2025-09-08 15:10:22,060 [INFO] IPUIPlugin:80 - create IPUIPlugin
2025-09-08 15:10:22,060 [INFO] PluginManager:220 - loadIPPluginJar : add i2c
2025-09-08 15:10:22,117 [INFO] IPUIPlugin:80 - create IPUIPlugin
2025-09-08 15:10:22,117 [INFO] PluginManager:220 - loadIPPluginJar : add i2s
2025-09-08 15:10:22,190 [INFO] IPUIPlugin:80 - create IPUIPlugin
2025-09-08 15:10:22,190 [INFO] PluginManager:220 - loadIPPluginJar : add i3c
2025-09-08 15:10:22,382 [INFO] IPUIPlugin:80 - create IPUIPlugin
2025-09-08 15:10:22,382 [INFO] PluginManager:220 - loadIPPluginJar : add ipddr
2025-09-08 15:10:22,596 [INFO] IPUIPlugin:80 - create IPUIPlugin
2025-09-08 15:10:22,597 [INFO] PluginManager:220 - loadIPPluginJar : add linkedlist
2025-09-08 15:10:22,614 [INFO] ThirdPartyUpdaterWithRetryManager:70 - Updater plugin not ready yet. [2/15]
2025-09-08 15:10:22,654 [INFO] IPUIPlugin:80 - create IPUIPlugin
2025-09-08 15:10:22,654 [INFO] PluginManager:220 - loadIPPluginJar : add lorawan
2025-09-08 15:10:22,701 [INFO] IPUIPlugin:80 - create IPUIPlugin
2025-09-08 15:10:22,701 [INFO] PluginManager:220 - loadIPPluginJar : add ltdc
2025-09-08 15:10:22,722 [INFO] IPUIPlugin:80 - create IPUIPlugin
2025-09-08 15:10:22,722 [INFO] PluginManager:220 - loadIPPluginJar : add mdma
2025-09-08 15:10:22,737 [INFO] IPUIPlugin:80 - create IPUIPlugin
2025-09-08 15:10:22,737 [INFO] PluginManager:220 - loadIPPluginJar : add nvic
2025-09-08 15:10:22,785 [INFO] IPUIPlugin:80 - create IPUIPlugin
2025-09-08 15:10:22,786 [INFO] PluginManager:220 - loadIPPluginJar : add opamp
2025-09-08 15:10:22,867 [INFO] IPUIPlugin:80 - create IPUIPlugin
2025-09-08 15:10:22,867 [INFO] PluginManager:220 - loadIPPluginJar : add openamp
2025-09-08 15:10:22,923 [INFO] IPUIPlugin:80 - create IPUIPlugin
2025-09-08 15:10:22,923 [INFO] PluginManager:220 - loadIPPluginJar : add pdm2pcm
2025-09-08 15:10:22,942 [INFO] IPUIPlugin:80 - create IPUIPlugin
2025-09-08 15:10:22,945 [INFO] PluginManager:220 - loadIPPluginJar : add plateformsettings
2025-09-08 15:10:22,980 [INFO] IPUIPlugin:80 - create IPUIPlugin
2025-09-08 15:10:22,980 [INFO] PluginManager:220 - loadIPPluginJar : add quadspi
2025-09-08 15:10:23,014 [INFO] IPUIPlugin:80 - create IPUIPlugin
2025-09-08 15:10:23,014 [INFO] PluginManager:220 - loadIPPluginJar : add radio
2025-09-08 15:10:23,034 [INFO] IPUIPlugin:80 - create IPUIPlugin
2025-09-08 15:10:23,034 [INFO] PluginManager:220 - loadIPPluginJar : add resmgrutility
2025-09-08 15:10:23,127 [INFO] IPUIPlugin:80 - create IPUIPlugin
2025-09-08 15:10:23,127 [INFO] PluginManager:220 - loadIPPluginJar : add sai
2025-09-08 15:10:23,178 [INFO] IPUIPlugin:80 - create IPUIPlugin
2025-09-08 15:10:23,178 [INFO] PluginManager:220 - loadIPPluginJar : add spi
2025-09-08 15:10:23,261 [INFO] IPUIPlugin:80 - create IPUIPlugin
2025-09-08 15:10:23,261 [INFO] PluginManager:220 - loadIPPluginJar : add stm32_wpan
2025-09-08 15:10:23,292 [INFO] IPUIPlugin:80 - create IPUIPlugin
2025-09-08 15:10:23,292 [INFO] PluginManager:220 - loadIPPluginJar : add tim
2025-09-08 15:10:23,364 [INFO] IPUIPlugin:80 - create IPUIPlugin
2025-09-08 15:10:23,364 [INFO] PluginManager:220 - loadIPPluginJar : add touchsensing
2025-09-08 15:10:23,392 [INFO] IPUIPlugin:80 - create IPUIPlugin
2025-09-08 15:10:23,393 [INFO] PluginManager:220 - loadIPPluginJar : add tracer_emb
2025-09-08 15:10:23,423 [INFO] IPUIPlugin:80 - create IPUIPlugin
2025-09-08 15:10:23,423 [INFO] PluginManager:220 - loadIPPluginJar : add ts
2025-09-08 15:10:23,451 [INFO] IPUIPlugin:80 - create IPUIPlugin
2025-09-08 15:10:23,451 [INFO] PluginManager:220 - loadIPPluginJar : add tsc
2025-09-08 15:10:23,487 [INFO] IPUIPlugin:80 - create IPUIPlugin
2025-09-08 15:10:23,487 [INFO] PluginManager:220 - loadIPPluginJar : add ucpd
2025-09-08 15:10:23,541 [INFO] IPUIPlugin:80 - create IPUIPlugin
2025-09-08 15:10:23,541 [INFO] PluginManager:220 - loadIPPluginJar : add usart
2025-09-08 15:10:23,594 [INFO] IPUIPlugin:80 - create IPUIPlugin
2025-09-08 15:10:23,594 [INFO] PluginManager:220 - loadIPPluginJar : add usbx
2025-09-08 15:10:23,745 [FATAL] Updater:351 - Updater called before beeing initialized
2025-09-08 15:10:23,827 [INFO] RulesReader:64 - Compatibility file has been processed (317 Rules)
2025-09-08 15:10:23,845 [INFO] RulesReader:64 - Compatibility file has been processed (317 Rules)
2025-09-08 15:10:23,870 [INFO] CADModel:165 - CPN selected for project level
2025-09-08 15:10:23,870 [INFO] CADModel:114 - Register for checkConnection events
2025-09-08 15:10:23,874 [FATAL] Updater:351 - Updater called before beeing initialized
2025-09-08 15:10:23,874 [ERROR] CADModel:125 - Updater not yet initialized, retry later 
2025-09-08 15:10:24,102 [FATAL] Updater:351 - Updater called before beeing initialized
2025-09-08 15:10:24,104 [INFO] CADModel:165 - CPN selected for project level
2025-09-08 15:10:24,105 [INFO] CADModel:114 - Register for checkConnection events
2025-09-08 15:10:24,105 [FATAL] Updater:351 - Updater called before beeing initialized
2025-09-08 15:10:24,105 [ERROR] CADModel:125 - Updater not yet initialized, retry later 
2025-09-08 15:10:24,110 [FATAL] Updater:351 - Updater called before beeing initialized
2025-09-08 15:10:24,252 [FATAL] Updater:351 - Updater called before beeing initialized
2025-09-08 15:10:24,266 [INFO] DbMcusAds:53 - JSON generation date=Tue Jul 08 13:44:23 IST 2025 (1751962463582)
2025-09-08 15:10:24,266 [FATAL] Updater:351 - Updater called before beeing initialized
2025-09-08 15:10:24,312 [WARN] DetailPanel:346 - Failed to get advertising image, set to default
2025-09-08 15:10:24,417 [FATAL] Updater:351 - Updater called before beeing initialized
2025-09-08 15:10:24,419 [FATAL] Updater:351 - Updater called before beeing initialized
2025-09-08 15:10:24,419 [FATAL] Updater:351 - Updater called before beeing initialized
2025-09-08 15:10:24,419 [WARN] DetailPanel:346 - Failed to get advertising image, set to default
2025-09-08 15:10:24,420 [FATAL] Updater:351 - Updater called before beeing initialized
2025-09-08 15:10:24,497 [ERROR] Updater:1198 - MainUpdater not yet initialized. External WinMGr cannot be set.
2025-09-08 15:10:24,512 [INFO] Updater:1134 - Updater Version found : 6.15.0
2025-09-08 15:10:24,540 [INFO] ApplicationProperties:184 - Using Application install path: C:\ST\STM32CubeIDE_1.16.0\STM32CubeIDE\plugins\com.st.stm32cube.common.mx_6.15.0.202507011659
2025-09-08 15:10:25,615 [INFO] ThirdPartyUpdaterWithRetryManager:70 - Updater plugin not ready yet. [3/15]
2025-09-08 15:10:26,141 [ERROR] LogOutputStream:75 - [STDERR_REDIRECT] Sep 08, 2025 3:10:26 PM java.util.prefs.WindowsPreferences <init>
2025-09-08 15:10:26,144 [ERROR] LogOutputStream:75 - [STDERR_REDIRECT] WARNING: Could not open/create prefs root node Software\JavaSoft\Prefs at root 0xffffffff80000002. Windows RegCreateKeyEx(...) returned error code 5.
2025-09-08 15:10:26,144 [ERROR] LogOutputStream:75 - [STDERR_REDIRECT] 
2025-09-08 15:10:28,616 [FATAL] Updater:351 - Updater called before beeing initialized
2025-09-08 15:10:28,617 [ERROR] IntegrityCheckThread:130 - Cannot retrieve database content from updater: error 21
2025-09-08 15:10:28,617 [INFO] ThirdParty:978 - Integrity check success = false
2025-09-08 15:10:28,617 [INFO] IntegrityCheckThread:100 - exiting critical section [integrity check]
2025-09-08 15:10:28,618 [INFO] IntegrityCheckThread:103 - End integrity checks thread
2025-09-08 15:10:28,763 [INFO] MainUpdater:2872 - connection check result : 10
2025-09-08 15:10:28,764 [INFO] MainUpdater:289 - Updater Check For Update Now.
2025-09-08 15:10:28,764 [INFO] MicroXplorer:498 - Change Database Version : DB.6.0.150
2025-09-08 15:10:28,806 [INFO] McuFinderGlobals:63 - Set McuFinder mode to 2 (CubeIDE integrated)
2025-09-08 15:10:28,829 [INFO] UserAuth:487 - Internet connection configuration mode: 1
2025-09-08 15:10:28,894 [INFO] JxBrowserEngine:152 - Initiate JxBrowser Engine with user profile folder
2025-09-08 15:10:29,041 [INFO] CheckServerUpdateThread:120 - End of CheckServer Thread
2025-09-08 15:10:31,041 [INFO] WebApp:169 - Instantiating new browser for Auth
2025-09-08 15:10:32,135 [INFO] WebApp:463 - Apply proxy settings
2025-09-08 15:10:32,136 [INFO] WebApp:548 - Chromium requires no authentication
2025-09-08 15:10:32,149 [INFO] WebApp:491 - Direct internet connection detected
2025-09-08 15:10:32,190 [INFO] WebApp:900 - Register for checkConnection events
2025-09-08 15:10:32,190 [INFO] WebApp:463 - Apply proxy settings
2025-09-08 15:10:32,190 [INFO] WebApp:548 - Chromium requires no authentication
2025-09-08 15:10:32,191 [INFO] WebApp:491 - Direct internet connection detected
2025-09-08 15:10:32,442 [INFO] WebApp:225 - Starting web application
2025-09-08 15:10:32,442 [INFO] WebApp:593 - Web application path used C:\ST\STM32CubeIDE_1.16.0\STM32CubeIDE\plugins\com.st.stm32cube.common.mx_6.15.0.202507011659\db\plugins\mcufinder\reactClient1\index.html
2025-09-08 15:10:32,629 [INFO] UserAuth:487 - Internet connection configuration mode: 1
2025-09-08 15:10:33,196 [INFO] WebApp:191 - Connection restablished
2025-09-08 16:39:48,715 [INFO] WebApp:194 - Connection lost
2025-09-08 16:39:49,093 [INFO] WebApp:191 - Connection restablished
2025-09-08 18:57:39,834 [INFO] WebApp:194 - Connection lost
2025-09-08 22:21:24,899 [INFO] WebApp:191 - Connection restablished
2025-09-08 22:21:27,794 [INFO] WebApp:194 - Connection lost
2025-09-08 22:21:28,062 [INFO] WebApp:191 - Connection restablished
2025-09-08 22:21:29,777 [ERROR] LogOutputStream:75 - [STDERR_REDIRECT] 
2025-09-08 22:21:29,780 [ERROR] LogOutputStream:75 - [STDERR_REDIRECT] 
