2025-09-11 09:02:10,862 [ERROR] LogOutputStream:75 - [STDERR_REDIRECT] 
2025-09-11 09:11:53,789 [INFO] Activator:176 - 


2025-09-11 09:11:53,794 [INFO] Activator:177 - !SESSION log4j initialized
2025-09-11 09:12:05,550 [INFO] LogOutputStream:77 - [STDOUT_REDIRECT] 
2025-09-11 09:12:09,741 [INFO] ApplicationProperties:184 - Using Application install path: C:\ST\STM32CubeIDE_1.16.0\STM32CubeIDE\plugins\com.st.stm32cube.common.mx_6.15.0.202507011659
2025-09-11 09:12:09,765 [INFO] DbMcusXml:78 - Set database path to: C:\ST\STM32CubeIDE_1.16.0\STM32CubeIDE\plugins\com.st.stm32cube.common.mx_6.15.0.202507011659\\db\/mcu/
2025-09-11 09:12:09,768 [INFO] ApiDb:274 - Set plugin database path to: C:\ST\STM32CubeIDE_1.16.0\STM32CubeIDE\plugins\com.st.stm32cube.common.mx_6.15.0.202507011659\\db\/plugins/boardmanager/
2025-09-11 09:12:09,768 [WARN] ApiDb:259 - Overriding images path with different value:  => C:\ST\STM32CubeIDE_1.16.0\STM32CubeIDE\plugins\com.st.stm32cube.common.mx_6.15.0.202507011659\\db\/plugins/mcufinder/images/
2025-09-11 09:12:09,777 [INFO] ApiDb:250 - Set database path to: C:\Users\nisha\.stmcufinder\plugins\mcufinder//mcu/
2025-09-11 09:12:09,779 [INFO] DbMcusAds:125 - Set database path to: C:\Users\nisha\.stmcufinder\plugins\mcufinder//mcu/
2025-09-11 09:12:09,783 [INFO] CrossReferenceDbSqlite:203 - Set database path to: C:\Users\nisha\.stmcufinder\plugins\mcufinder//mcu/cs/
2025-09-11 09:12:10,081 [INFO] RulesReader:64 - Compatibility file has been processed (317 Rules)
2025-09-11 09:12:10,426 [INFO] DbMcusXml:78 - Set database path to: C:\ST\STM32CubeIDE_1.16.0\STM32CubeIDE\plugins\com.st.stm32cube.common.mx_6.15.0.202507011659\\db\/mcu/
2025-09-11 09:12:10,427 [INFO] ApiDb:274 - Set plugin database path to: C:\ST\STM32CubeIDE_1.16.0\STM32CubeIDE\plugins\com.st.stm32cube.common.mx_6.15.0.202507011659\\db\/plugins/boardmanager/
2025-09-11 09:12:10,427 [INFO] ApiDb:261 - Set plugin images path to: C:\ST\STM32CubeIDE_1.16.0\STM32CubeIDE\plugins\com.st.stm32cube.common.mx_6.15.0.202507011659\\db\/plugins/mcufinder/images/
2025-09-11 09:12:10,428 [WARN] DbFile:41 - Overriding database path with different value: C:\Users\nisha\.stmcufinder\plugins\mcufinder/ => C:\Users\nisha\.stmcufinder\plugins\mcufinder
2025-09-11 09:12:10,428 [INFO] ApiDb:250 - Set database path to: C:\Users\nisha\.stmcufinder\plugins\mcufinder//mcu/
2025-09-11 09:12:10,429 [WARN] DbFile:41 - Overriding database path with different value: C:\Users\nisha\.stmcufinder\plugins\mcufinder/ => C:\Users\nisha\.stmcufinder\plugins\mcufinder
2025-09-11 09:12:10,429 [INFO] DbMcusAds:125 - Set database path to: C:\Users\nisha\.stmcufinder\plugins\mcufinder//mcu/
2025-09-11 09:12:10,429 [WARN] DbFile:41 - Overriding database path with different value: C:\Users\nisha\.stmcufinder\plugins\mcufinder/ => C:\Users\nisha\.stmcufinder\plugins\mcufinder
2025-09-11 09:12:10,429 [WARN] DbFile:41 - Overriding database path with different value: C:\Users\nisha\.stmcufinder\plugins\mcufinder/ => C:\Users\nisha\.stmcufinder\plugins\mcufinder
2025-09-11 09:12:10,429 [INFO] CrossReferenceDbSqlite:203 - Set database path to: C:\Users\nisha\.stmcufinder\plugins\mcufinder//mcu/cs/
2025-09-11 09:12:10,642 [INFO] MainPanel:274 - HeapMemory: 268435456
2025-09-11 09:12:10,976 [INFO] DbMcusXml:78 - Set database path to: C:\ST\STM32CubeIDE_1.16.0\STM32CubeIDE\plugins\com.st.stm32cube.common.mx_6.15.0.202507011659\\db\/mcu/
2025-09-11 09:12:10,977 [INFO] ApiDb:274 - Set plugin database path to: C:\ST\STM32CubeIDE_1.16.0\STM32CubeIDE\plugins\com.st.stm32cube.common.mx_6.15.0.202507011659\\db\/plugins/boardmanager/
2025-09-11 09:12:10,977 [INFO] ApiDb:261 - Set plugin images path to: C:\ST\STM32CubeIDE_1.16.0\STM32CubeIDE\plugins\com.st.stm32cube.common.mx_6.15.0.202507011659\\db\/plugins/mcufinder/images/
2025-09-11 09:12:10,978 [WARN] DbFile:41 - Overriding database path with different value: C:\Users\nisha\.stmcufinder\plugins\mcufinder/ => C:\Users\nisha\.stmcufinder\plugins\mcufinder
2025-09-11 09:12:10,978 [INFO] ApiDb:250 - Set database path to: C:\Users\nisha\.stmcufinder\plugins\mcufinder//mcu/
2025-09-11 09:12:10,978 [WARN] DbFile:41 - Overriding database path with different value: C:\Users\nisha\.stmcufinder\plugins\mcufinder/ => C:\Users\nisha\.stmcufinder\plugins\mcufinder
2025-09-11 09:12:10,978 [INFO] DbMcusAds:125 - Set database path to: C:\Users\nisha\.stmcufinder\plugins\mcufinder//mcu/
2025-09-11 09:12:10,978 [WARN] DbFile:41 - Overriding database path with different value: C:\Users\nisha\.stmcufinder\plugins\mcufinder/ => C:\Users\nisha\.stmcufinder\plugins\mcufinder
2025-09-11 09:12:10,979 [WARN] DbFile:41 - Overriding database path with different value: C:\Users\nisha\.stmcufinder\plugins\mcufinder/ => C:\Users\nisha\.stmcufinder\plugins\mcufinder
2025-09-11 09:12:10,980 [INFO] CrossReferenceDbSqlite:203 - Set database path to: C:\Users\nisha\.stmcufinder\plugins\mcufinder//mcu/cs/
2025-09-11 09:12:11,037 [INFO] ApplicationProperties:184 - Using Application install path: C:\ST\STM32CubeIDE_1.16.0\STM32CubeIDE\plugins\com.st.stm32cube.common.mx_6.15.0.202507011659
2025-09-11 09:12:11,040 [INFO] PluginManage:196 - Search for loadable plugins [exclusion list=, ]
2025-09-11 09:12:11,043 [INFO] PluginManage:310 - Check plugin analytics
2025-09-11 09:12:11,577 [INFO] AnalyticsPlugin:253 - Accepted Software Licenses: 
2025-09-11 09:12:11,578 [INFO] AnalyticsPlugin:255 - Accepted CMSIS Pack Licenses: 
2025-09-11 09:12:11,578 [INFO] AnalyticsPlugin:257 - Accepted Firmware Licenses: FW.F4.1.28.0
2025-09-11 09:12:11,585 [INFO] PluginManage:359 - Loaded plugin analytics (category:tool,tabindex:-1)
2025-09-11 09:12:11,586 [INFO] PluginManage:310 - Check plugin cadmodel
2025-09-11 09:12:11,625 [INFO] CADModel:105 - Init CAD model plugin
2025-09-11 09:12:11,626 [INFO] PluginManage:359 - Loaded plugin cadmodel (category:power,tabindex:5)
2025-09-11 09:12:11,626 [INFO] PluginManage:310 - Check plugin clock
2025-09-11 09:12:11,667 [INFO] PluginManage:359 - Loaded plugin clock (category:base,tabindex:2)
2025-09-11 09:12:11,668 [INFO] PluginManage:310 - Check plugin ddr
2025-09-11 09:12:11,676 [INFO] PluginManage:359 - Loaded plugin ddr (category:tool,tabindex:6)
2025-09-11 09:12:11,677 [INFO] PluginManage:310 - Check plugin filemanager
2025-09-11 09:12:12,001 [INFO] PluginManage:359 - Loaded plugin filemanager (category:base,tabindex:10)
2025-09-11 09:12:12,002 [INFO] PluginManage:310 - Check plugin ipmanager
2025-09-11 09:12:12,019 [INFO] PluginManage:359 - Loaded plugin ipmanager (category:base,tabindex:5)
2025-09-11 09:12:12,019 [INFO] PluginManage:310 - Check plugin lpbam
2025-09-11 09:12:12,065 [INFO] PluginManage:359 - Loaded plugin lpbam (category:base,tabindex:0)
2025-09-11 09:12:12,065 [INFO] PluginManage:310 - Check plugin memorymap
2025-09-11 09:12:12,120 [INFO] PluginManage:359 - Loaded plugin memorymap (category:base,tabindex:4)
2025-09-11 09:12:12,121 [INFO] PluginManage:310 - Check plugin pinoutandconfiguration
2025-09-11 09:12:12,160 [INFO] PluginManage:359 - Loaded plugin pinoutandconfiguration (category:base,tabindex:1)
2025-09-11 09:12:12,161 [INFO] PluginManage:310 - Check plugin pinoutconfig
2025-09-11 09:12:12,412 [WARN] SupportedApi:132 - Cannot load RTOS API schema: s4s-elt-must-match.1: The content of 'definitions' must match (annotation?, (simpleType | complexType)?, (unique | key | keyref)*)). A problem was found starting at: attribute.
2025-09-11 09:12:12,766 [INFO] PluginManage:359 - Loaded plugin pinoutconfig (category:base,tabindex:0)
2025-09-11 09:12:12,767 [INFO] PluginManage:310 - Check plugin power
2025-09-11 09:12:12,810 [INFO] PluginManage:359 - Loaded plugin power (category:power,tabindex:4)
2025-09-11 09:12:12,810 [INFO] PluginManage:310 - Check plugin projectmanager
2025-09-11 09:12:12,860 [INFO] PluginManage:359 - Loaded plugin projectmanager (category:projectmanager,tabindex:4)
2025-09-11 09:12:12,860 [INFO] PluginManage:310 - Check plugin rif
2025-09-11 09:12:12,902 [INFO] PluginManage:359 - Loaded plugin rif (category:base,tabindex:3)
2025-09-11 09:12:12,902 [INFO] PluginManage:310 - Check plugin thirdparty
2025-09-11 09:12:13,478 [INFO] PluginManage:359 - Loaded plugin thirdparty (category:base,tabindex:-1)
2025-09-11 09:12:13,478 [WARN] IntegrityCheckThread:84 - waiting for thirdparty lock release [integrity check]
2025-09-11 09:12:13,479 [INFO] PluginManage:310 - Check plugin tools
2025-09-11 09:12:13,480 [INFO] IntegrityCheckThread:86 - entering critical section [integrity check]
2025-09-11 09:12:13,480 [INFO] ThirdPartyUpdaterWithRetryManager:70 - Updater plugin not ready yet. [1/15]
2025-09-11 09:12:13,486 [INFO] PluginManage:359 - Loaded plugin tools (category:base,tabindex:7)
2025-09-11 09:12:13,487 [INFO] PluginManage:310 - Check plugin tutovideos
2025-09-11 09:12:14,072 [INFO] PluginManage:359 - Loaded plugin tutovideos (category:base,tabindex:-1)
2025-09-11 09:12:14,072 [INFO] PluginManage:310 - Check plugin updater
2025-09-11 09:12:14,118 [INFO] PluginManage:359 - Loaded plugin updater (category:base,tabindex:12)
2025-09-11 09:12:14,118 [INFO] PluginManage:310 - Check plugin userauth
2025-09-11 09:12:14,137 [INFO] UserAuth:118 - Init User Auth plugin
2025-09-11 09:12:14,139 [INFO] PluginManage:359 - Loaded plugin userauth (category:base,tabindex:14)
2025-09-11 09:12:14,141 [INFO] PluginManage:283 - PluginManage : Loaded plugins [18]
2025-09-11 09:12:14,669 [INFO] PinOutPanel:1589 - setPackage(No Configuration,No Configuration)
2025-09-11 09:12:14,887 [INFO] CADModel:165 - CPN selected for project level
2025-09-11 09:12:14,887 [INFO] CADModel:114 - Register for checkConnection events
2025-09-11 09:12:14,953 [INFO] IPUIPlugin:80 - create IPUIPlugin
2025-09-11 09:12:14,954 [INFO] PluginManager:220 - loadIPPluginJar : add adc
2025-09-11 09:12:15,132 [INFO] IPUIPlugin:80 - create IPUIPlugin
2025-09-11 09:12:15,132 [INFO] PluginManager:220 - loadIPPluginJar : add aes
2025-09-11 09:12:15,237 [INFO] IPUIPlugin:80 - create IPUIPlugin
2025-09-11 09:12:15,238 [INFO] PluginManager:220 - loadIPPluginJar : add can
2025-09-11 09:12:15,244 [INFO] IPUIPlugin:80 - create IPUIPlugin
2025-09-11 09:12:15,244 [INFO] PluginManager:220 - loadIPPluginJar : add comp
2025-09-11 09:12:15,323 [INFO] IPUIPlugin:80 - create IPUIPlugin
2025-09-11 09:12:15,323 [INFO] PluginManager:220 - loadIPPluginJar : add cryp
2025-09-11 09:12:15,352 [INFO] IPUIPlugin:80 - create IPUIPlugin
2025-09-11 09:12:15,353 [INFO] PluginManager:220 - loadIPPluginJar : add ddr_ctrl_phy
2025-09-11 09:12:15,359 [INFO] IPUIPlugin:80 - create IPUIPlugin
2025-09-11 09:12:15,359 [INFO] PluginManager:220 - loadIPPluginJar : add dfsdm
2025-09-11 09:12:15,391 [INFO] IPUIPlugin:80 - create IPUIPlugin
2025-09-11 09:12:15,392 [INFO] PluginManager:220 - loadIPPluginJar : add dma
2025-09-11 09:12:15,484 [INFO] IPUIPlugin:80 - create IPUIPlugin
2025-09-11 09:12:15,484 [INFO] PluginManager:220 - loadIPPluginJar : add dma3
2025-09-11 09:12:15,587 [INFO] IPUIPlugin:80 - create IPUIPlugin
2025-09-11 09:12:15,587 [INFO] PluginManager:220 - loadIPPluginJar : add extmemmanager
2025-09-11 09:12:15,592 [INFO] IPUIPlugin:80 - create IPUIPlugin
2025-09-11 09:12:15,592 [INFO] PluginManager:220 - loadIPPluginJar : add fatfs
2025-09-11 09:12:15,707 [INFO] IPUIPlugin:80 - create IPUIPlugin
2025-09-11 09:12:15,707 [INFO] PluginManager:220 - loadIPPluginJar : add fmc
2025-09-11 09:12:15,747 [INFO] IPUIPlugin:80 - create IPUIPlugin
2025-09-11 09:12:15,748 [INFO] PluginManager:220 - loadIPPluginJar : add freertos
2025-09-11 09:12:15,753 [INFO] IPUIPlugin:80 - create IPUIPlugin
2025-09-11 09:12:15,753 [INFO] PluginManager:220 - loadIPPluginJar : add genericplugin
2025-09-11 09:12:15,977 [INFO] IPUIPlugin:80 - create IPUIPlugin
2025-09-11 09:12:15,977 [INFO] PluginManager:220 - loadIPPluginJar : add gfxmmu
2025-09-11 09:12:16,277 [INFO] IPUIPlugin:80 - create IPUIPlugin
2025-09-11 09:12:16,277 [INFO] PluginManager:220 - loadIPPluginJar : add gic
2025-09-11 09:12:16,306 [INFO] IPUIPlugin:80 - create IPUIPlugin
2025-09-11 09:12:16,306 [INFO] PluginManager:220 - loadIPPluginJar : add gpio
2025-09-11 09:12:16,482 [INFO] ThirdPartyUpdaterWithRetryManager:70 - Updater plugin not ready yet. [2/15]
2025-09-11 09:12:16,516 [INFO] IPUIPlugin:80 - create IPUIPlugin
2025-09-11 09:12:16,516 [INFO] PluginManager:220 - loadIPPluginJar : add gtzc
2025-09-11 09:12:16,594 [INFO] IPUIPlugin:80 - create IPUIPlugin
2025-09-11 09:12:16,594 [INFO] PluginManager:220 - loadIPPluginJar : add hash
2025-09-11 09:12:16,716 [INFO] IPUIPlugin:80 - create IPUIPlugin
2025-09-11 09:12:16,717 [INFO] PluginManager:220 - loadIPPluginJar : add i2c
2025-09-11 09:12:16,810 [INFO] IPUIPlugin:80 - create IPUIPlugin
2025-09-11 09:12:16,810 [INFO] PluginManager:220 - loadIPPluginJar : add i2s
2025-09-11 09:12:16,909 [INFO] IPUIPlugin:80 - create IPUIPlugin
2025-09-11 09:12:16,910 [INFO] PluginManager:220 - loadIPPluginJar : add i3c
2025-09-11 09:12:17,145 [INFO] IPUIPlugin:80 - create IPUIPlugin
2025-09-11 09:12:17,146 [INFO] PluginManager:220 - loadIPPluginJar : add ipddr
2025-09-11 09:12:17,365 [INFO] IPUIPlugin:80 - create IPUIPlugin
2025-09-11 09:12:17,369 [INFO] PluginManager:220 - loadIPPluginJar : add linkedlist
2025-09-11 09:12:17,453 [INFO] IPUIPlugin:80 - create IPUIPlugin
2025-09-11 09:12:17,453 [INFO] PluginManager:220 - loadIPPluginJar : add lorawan
2025-09-11 09:12:17,544 [INFO] IPUIPlugin:80 - create IPUIPlugin
2025-09-11 09:12:17,545 [INFO] PluginManager:220 - loadIPPluginJar : add ltdc
2025-09-11 09:12:17,577 [INFO] IPUIPlugin:80 - create IPUIPlugin
2025-09-11 09:12:17,577 [INFO] PluginManager:220 - loadIPPluginJar : add mdma
2025-09-11 09:12:17,605 [INFO] IPUIPlugin:80 - create IPUIPlugin
2025-09-11 09:12:17,606 [INFO] PluginManager:220 - loadIPPluginJar : add nvic
2025-09-11 09:12:17,699 [INFO] IPUIPlugin:80 - create IPUIPlugin
2025-09-11 09:12:17,699 [INFO] PluginManager:220 - loadIPPluginJar : add opamp
2025-09-11 09:12:17,844 [INFO] IPUIPlugin:80 - create IPUIPlugin
2025-09-11 09:12:17,844 [INFO] PluginManager:220 - loadIPPluginJar : add openamp
2025-09-11 09:12:17,944 [INFO] IPUIPlugin:80 - create IPUIPlugin
2025-09-11 09:12:17,944 [INFO] PluginManager:220 - loadIPPluginJar : add pdm2pcm
2025-09-11 09:12:17,976 [INFO] IPUIPlugin:80 - create IPUIPlugin
2025-09-11 09:12:17,980 [INFO] PluginManager:220 - loadIPPluginJar : add plateformsettings
2025-09-11 09:12:17,984 [INFO] IPUIPlugin:80 - create IPUIPlugin
2025-09-11 09:12:17,985 [INFO] PluginManager:220 - loadIPPluginJar : add quadspi
2025-09-11 09:12:17,989 [INFO] IPUIPlugin:80 - create IPUIPlugin
2025-09-11 09:12:17,991 [INFO] PluginManager:220 - loadIPPluginJar : add radio
2025-09-11 09:12:18,029 [INFO] IPUIPlugin:80 - create IPUIPlugin
2025-09-11 09:12:18,029 [INFO] PluginManager:220 - loadIPPluginJar : add resmgrutility
2025-09-11 09:12:18,137 [INFO] IPUIPlugin:80 - create IPUIPlugin
2025-09-11 09:12:18,138 [INFO] PluginManager:220 - loadIPPluginJar : add sai
2025-09-11 09:12:18,225 [INFO] IPUIPlugin:80 - create IPUIPlugin
2025-09-11 09:12:18,225 [INFO] PluginManager:220 - loadIPPluginJar : add spi
2025-09-11 09:12:18,394 [INFO] IPUIPlugin:80 - create IPUIPlugin
2025-09-11 09:12:18,394 [INFO] PluginManager:220 - loadIPPluginJar : add stm32_wpan
2025-09-11 09:12:18,451 [INFO] IPUIPlugin:80 - create IPUIPlugin
2025-09-11 09:12:18,452 [INFO] PluginManager:220 - loadIPPluginJar : add tim
2025-09-11 09:12:18,591 [INFO] IPUIPlugin:80 - create IPUIPlugin
2025-09-11 09:12:18,591 [INFO] PluginManager:220 - loadIPPluginJar : add touchsensing
2025-09-11 09:12:18,596 [INFO] IPUIPlugin:80 - create IPUIPlugin
2025-09-11 09:12:18,596 [INFO] PluginManager:220 - loadIPPluginJar : add tracer_emb
2025-09-11 09:12:18,654 [INFO] IPUIPlugin:80 - create IPUIPlugin
2025-09-11 09:12:18,654 [INFO] PluginManager:220 - loadIPPluginJar : add ts
2025-09-11 09:12:18,710 [INFO] IPUIPlugin:80 - create IPUIPlugin
2025-09-11 09:12:18,711 [INFO] PluginManager:220 - loadIPPluginJar : add tsc
2025-09-11 09:12:18,716 [INFO] IPUIPlugin:80 - create IPUIPlugin
2025-09-11 09:12:18,717 [INFO] PluginManager:220 - loadIPPluginJar : add ucpd
2025-09-11 09:12:18,817 [INFO] IPUIPlugin:80 - create IPUIPlugin
2025-09-11 09:12:18,818 [INFO] PluginManager:220 - loadIPPluginJar : add usart
2025-09-11 09:12:18,929 [INFO] IPUIPlugin:80 - create IPUIPlugin
2025-09-11 09:12:18,929 [INFO] PluginManager:220 - loadIPPluginJar : add usbx
2025-09-11 09:12:19,182 [FATAL] Updater:351 - Updater called before beeing initialized
2025-09-11 09:12:19,240 [INFO] RulesReader:64 - Compatibility file has been processed (317 Rules)
2025-09-11 09:12:19,291 [INFO] RulesReader:64 - Compatibility file has been processed (317 Rules)
2025-09-11 09:12:19,341 [INFO] CADModel:165 - CPN selected for project level
2025-09-11 09:12:19,341 [INFO] CADModel:114 - Register for checkConnection events
2025-09-11 09:12:19,341 [FATAL] Updater:351 - Updater called before beeing initialized
2025-09-11 09:12:19,342 [ERROR] CADModel:125 - Updater not yet initialized, retry later 
2025-09-11 09:12:19,482 [INFO] ThirdPartyUpdaterWithRetryManager:70 - Updater plugin not ready yet. [3/15]
2025-09-11 09:12:19,673 [FATAL] Updater:351 - Updater called before beeing initialized
2025-09-11 09:12:19,676 [INFO] CADModel:165 - CPN selected for project level
2025-09-11 09:12:19,676 [INFO] CADModel:114 - Register for checkConnection events
2025-09-11 09:12:19,676 [FATAL] Updater:351 - Updater called before beeing initialized
2025-09-11 09:12:19,676 [ERROR] CADModel:125 - Updater not yet initialized, retry later 
2025-09-11 09:12:19,683 [FATAL] Updater:351 - Updater called before beeing initialized
2025-09-11 09:12:19,996 [FATAL] Updater:351 - Updater called before beeing initialized
2025-09-11 09:12:20,017 [INFO] DbMcusAds:53 - JSON generation date=Tue Jul 08 13:44:23 IST 2025 (1751962463582)
2025-09-11 09:12:20,018 [FATAL] Updater:351 - Updater called before beeing initialized
2025-09-11 09:12:20,094 [WARN] DetailPanel:346 - Failed to get advertising image, set to default
2025-09-11 09:12:20,195 [FATAL] Updater:351 - Updater called before beeing initialized
2025-09-11 09:12:20,196 [FATAL] Updater:351 - Updater called before beeing initialized
2025-09-11 09:12:20,197 [FATAL] Updater:351 - Updater called before beeing initialized
2025-09-11 09:12:20,197 [WARN] DetailPanel:346 - Failed to get advertising image, set to default
2025-09-11 09:12:20,198 [FATAL] Updater:351 - Updater called before beeing initialized
2025-09-11 09:12:20,299 [ERROR] Updater:1198 - MainUpdater not yet initialized. External WinMGr cannot be set.
2025-09-11 09:12:20,320 [INFO] Updater:1134 - Updater Version found : 6.15.0
2025-09-11 09:12:20,350 [INFO] ApplicationProperties:184 - Using Application install path: C:\ST\STM32CubeIDE_1.16.0\STM32CubeIDE\plugins\com.st.stm32cube.common.mx_6.15.0.202507011659
2025-09-11 09:12:21,953 [ERROR] LogOutputStream:75 - [STDERR_REDIRECT] Sep 11, 2025 9:12:21 AM java.util.prefs.WindowsPreferences <init>
2025-09-11 09:12:21,956 [ERROR] LogOutputStream:75 - [STDERR_REDIRECT] WARNING: Could not open/create prefs root node Software\JavaSoft\Prefs at root 0xffffffff80000002. Windows RegCreateKeyEx(...) returned error code 5.
2025-09-11 09:12:21,958 [ERROR] LogOutputStream:75 - [STDERR_REDIRECT] 
2025-09-11 09:12:22,483 [FATAL] Updater:351 - Updater called before beeing initialized
2025-09-11 09:12:22,485 [ERROR] IntegrityCheckThread:130 - Cannot retrieve database content from updater: error 21
2025-09-11 09:12:22,486 [INFO] ThirdParty:978 - Integrity check success = false
2025-09-11 09:12:22,486 [INFO] IntegrityCheckThread:100 - exiting critical section [integrity check]
2025-09-11 09:12:22,486 [INFO] IntegrityCheckThread:103 - End integrity checks thread
2025-09-11 09:12:23,350 [INFO] MainUpdater:2872 - connection check result : 10
2025-09-11 09:12:23,352 [INFO] MainUpdater:289 - Updater Check For Update Now.
2025-09-11 09:12:23,352 [INFO] MicroXplorer:498 - Change Database Version : DB.6.0.150
2025-09-11 09:12:23,373 [INFO] McuFinderGlobals:63 - Set McuFinder mode to 2 (CubeIDE integrated)
2025-09-11 09:12:23,409 [INFO] UserAuth:487 - Internet connection configuration mode: 1
2025-09-11 09:12:23,475 [INFO] JxBrowserEngine:152 - Initiate JxBrowser Engine with user profile folder
2025-09-11 09:12:23,755 [INFO] CheckServerUpdateThread:120 - End of CheckServer Thread
2025-09-11 09:12:25,741 [INFO] WebApp:169 - Instantiating new browser for Auth
2025-09-11 09:12:27,848 [INFO] WebApp:463 - Apply proxy settings
2025-09-11 09:12:27,849 [INFO] WebApp:548 - Chromium requires no authentication
2025-09-11 09:12:27,981 [INFO] WebApp:491 - Direct internet connection detected
2025-09-11 09:12:28,160 [INFO] WebApp:900 - Register for checkConnection events
2025-09-11 09:12:28,160 [INFO] WebApp:463 - Apply proxy settings
2025-09-11 09:12:28,161 [INFO] WebApp:548 - Chromium requires no authentication
2025-09-11 09:12:28,162 [INFO] WebApp:491 - Direct internet connection detected
2025-09-11 09:12:28,555 [INFO] WebApp:191 - Connection restablished
2025-09-11 09:12:30,253 [INFO] WebApp:225 - Starting web application
2025-09-11 09:12:30,254 [INFO] WebApp:593 - Web application path used C:\ST\STM32CubeIDE_1.16.0\STM32CubeIDE\plugins\com.st.stm32cube.common.mx_6.15.0.202507011659\db\plugins\mcufinder\reactClient1\index.html
2025-09-11 09:12:30,490 [INFO] UserAuth:487 - Internet connection configuration mode: 1
2025-09-11 12:31:10,082 [INFO] WebApp:194 - Connection lost
2025-09-11 12:31:30,075 [INFO] WebApp:191 - Connection restablished
2025-09-11 14:10:28,545 [INFO] WebApp:194 - Connection lost
2025-09-11 14:21:10,863 [INFO] WebApp:191 - Connection restablished
2025-09-11 14:21:13,837 [INFO] WebApp:194 - Connection lost
2025-09-11 14:21:14,120 [INFO] WebApp:191 - Connection restablished
2025-09-11 17:49:19,969 [INFO] WebApp:194 - Connection lost
2025-09-11 22:21:04,054 [INFO] WebApp:191 - Connection restablished
2025-09-11 22:21:04,553 [INFO] WebApp:194 - Connection lost
2025-09-11 22:21:04,993 [INFO] WebApp:191 - Connection restablished
2025-09-11 22:21:08,253 [INFO] WebApp:194 - Connection lost
2025-09-11 22:21:08,519 [INFO] WebApp:191 - Connection restablished
